<html>
<body>
<pre>
<h1>礦ision Build Log</h1>
<h2>Tool Versions:</h2>
IDE-Version: μVision V5.14.0.0
Copyright (C) 2015 ARM Ltd and ARM Germany GmbH. All rights reserved.
License Information: Zeshou Zou, zzs, LIC=S5ILQ-NCCDS-67WRS-LFFLG-LU2X4-U14S8
 
Tool Versions:
Toolchain:       MDK-ARM Professional  Version: 5.14.0.0
Toolchain Path:  D:\program files\ARM\ARMCC\Bin
C Compiler:      Armcc.exe V5.05 update 1 (build 106)
Assembler:       Armasm.exe V5.05 update 1 (build 106)
Linker/Locator:  ArmLink.exe V5.05 update 1 (build 106)
Library Manager: ArmAr.exe V5.05 update 1 (build 106)
Hex Converter:   FromElf.exe V5.05 update 1 (build 106)
CPU DLL:         SARMCM3.DLL V5.14.0.0
Dialog DLL:      DCM.DLL V1.13.1.0
Target DLL:      STLink\ST-LINKIII-KEIL_SWO.dll V2.0.14.0_KEIL
Dialog DLL:      TCM.DLL V1.14.4.0
 
<h2>Project:</h2>
D:\电控程序\2019golfcar-chassis\MDK-ARM\2019-golfcar-chassis.uvprojx
Project File Date:  10/21/2019

<h2>Output:</h2>
Build target '2019-golfcar-chassis'
assembling startup_stm32f427xx.s...
compiling main.c...
compiling gpio.c...
compiling can.c...
compiling dma.c...
compiling freertos.c...
compiling spi.c...
compiling tim.c...
compiling usart.c...
compiling stm32f4xx_it.c...
../Src/stm32f4xx_it.c(190): warning:  #223-D: function "xPortSysTickHandler" declared implicitly
    xPortSysTickHandler();
../Src/stm32f4xx_it.c: 1 warning, 0 errors
compiling stm32f4xx_hal_msp.c...
compiling stm32f4xx_hal_timebase_tim.c...
compiling stm32f4xx_hal_can.c...
compiling stm32f4xx_hal_spi.c...
compiling stm32f4xx_hal_tim.c...
compiling stm32f4xx_hal_tim_ex.c...
compiling stm32f4xx_hal_uart.c...
compiling stm32f4xx_hal_rcc.c...
compiling stm32f4xx_hal_rcc_ex.c...
compiling stm32f4xx_hal_flash.c...
compiling stm32f4xx_hal_flash_ex.c...
compiling stm32f4xx_hal_flash_ramfunc.c...
compiling stm32f4xx_hal_gpio.c...
compiling stm32f4xx_hal_dma_ex.c...
compiling stm32f4xx_hal_dma.c...
compiling stm32f4xx_hal_pwr.c...
compiling stm32f4xx_hal_pwr_ex.c...
compiling stm32f4xx_hal_cortex.c...
compiling stm32f4xx_hal.c...
compiling stm32f4xx_hal_exti.c...
compiling system_stm32f4xx.c...
compiling croutine.c...
compiling event_groups.c...
compiling list.c...
compiling queue.c...
compiling stream_buffer.c...
compiling tasks.c...
compiling timers.c...
compiling cmsis_os.c...
compiling heap_4.c...
compiling port.c...
compiling drv_can.c...
..\zzsadd\bsp\drv_can.c(42): warning:  #223-D: function "abs" declared implicitly
                                if(abs(s_leftmotor.back_speed)<=5)
..\zzsadd\bsp\drv_can.c(53): warning:  #223-D: function "abs" declared implicitly
                                if(abs(s_rightmotor.back_speed)<=5)
..\zzsadd\bsp\drv_can.c: 2 warnings, 0 errors
compiling drv_coloursensor.c...
..\zzsadd\bsp\drv_coloursensor.c(86): warning:  #1-D: last line of file ends without a newline
  }
..\zzsadd\bsp\drv_coloursensor.c: 1 warning, 0 errors
compiling drv_io.c...
..\zzsadd\bsp\drv_io.c(14): warning:  #1-D: last line of file ends without a newline
  }
..\zzsadd\bsp\drv_io.c: 1 warning, 0 errors
compiling drv_robotservo.c...
compiling drv_timer.c...
..\zzsadd\bsp\drv_timer.c(14): warning:  #1-D: last line of file ends without a newline
  }
..\zzsadd\bsp\drv_timer.c: 1 warning, 0 errors
compiling drv_uart.c...
..\zzsadd\bsp\drv_uart.c(103): warning:  #1-D: last line of file ends without a newline
  }
..\zzsadd\bsp\drv_uart.c: 1 warning, 0 errors
compiling drv_locationsystem.c...
..\zzsadd\bsp\drv_locationsystem.c(38): warning:  #177-D: variable "init" was declared but never referenced
        static int init=0;
..\zzsadd\bsp\drv_locationsystem.c(191): warning:  #1-D: last line of file ends without a newline
  }
..\zzsadd\bsp\drv_locationsystem.c(176): warning:  #177-D: variable "psntToEndDis" was declared but never referenced
        float psntToEndDis = 0.0f;                                                                                                                                                                                
..\zzsadd\bsp\drv_locationsystem.c(153): warning:  #550-D: variable "s_angleErrOld" was set but never used
  static float s_angleErrOld = 0.0f; 
..\zzsadd\bsp\drv_locationsystem.c: 4 warnings, 0 errors
compiling usr_task.c...
..\zzsadd\usr_task\usr_task.c(68): warning:  #1035-D: single-precision operand implicitly converted to double-precision
                                                                                circle_num = choose_detination_by_circle(s_receive_data.start_run,s_receive_data.black_or_white,s_receive_data.bucket_num)-1.1 ;
..\zzsadd\usr_task\usr_task.c(137): warning:  #223-D: function "abs" declared implicitly
                        if((abs(s_trans_motor.target_pos - s_trans_motor.tol_pos)<=2000)&&(step1_finish==0))
..\zzsadd\usr_task\usr_task.c(317): warning:  #177-D: variable "angle" was declared but never referenced
                static int angle;
..\zzsadd\usr_task\usr_task.c: 3 warnings, 0 errors
compiling STMGood.c...
compiling detect.c...
compiling ANO_DT.c...
..\zzsadd\Personal\ANO_DT.c(137): warning:  #177-D: function "ANO_DT_Send_Check" was declared but never referenced
  static void ANO_DT_Send_Check(uint8_t head, uint8_t check_sum)
..\zzsadd\Personal\ANO_DT.c: 1 warning, 0 errors
compiling delay.c...
compiling chassis.c...
..\zzsadd\modules\chassis.c(140): warning:  #223-D: function "abs" declared implicitly
        if(abs(s_motor->target_pos - s_motor->tol_pos)>=5000)
..\zzsadd\modules\chassis.c(170): warning:  #1-D: last line of file ends without a newline
  }
..\zzsadd\modules\chassis.c: 2 warnings, 0 errors
compiling route.c...
..\zzsadd\modules\route.c(494): warning:  #1-D: last line of file ends without a newline
  }
..\zzsadd\modules\route.c: 1 warning, 0 errors
compiling protocol.c...
..\zzsadd\modules\protocol.c(63): warning:  #1-D: last line of file ends without a newline
  }
..\zzsadd\modules\protocol.c: 1 warning, 0 errors
compiling pid.c...
compiling CRC.c...
compiling ramp.c...
compiling AHRS_middleware.c...
compiling Dataexchange.c...
..\zzsadd\Imu\Dataexchange.c(25): warning:  #550-D: variable "imu_first1" was set but never used
        static float imulast1,imunow1,imu_first1, imulast2,imunow2,imu_first2, imulast3,imunow3,imu_first3;
..\zzsadd\Imu\Dataexchange.c(25): warning:  #550-D: variable "imu_first3" was set but never used
        static float imulast1,imunow1,imu_first1, imulast2,imunow2,imu_first2, imulast3,imunow3,imu_first3;
..\zzsadd\Imu\Dataexchange.c(127): warning:  #1-D: last line of file ends without a newline
  }
..\zzsadd\Imu\Dataexchange.c(11): warning:  #177-D: variable "gyro_filter" was declared but never referenced
  static float gyro_filter[3] = {0.0f, 0.0f, 0.0f};
..\zzsadd\Imu\Dataexchange.c(12): warning:  #177-D: variable "mag_filter" was declared but never referenced
  static float mag_filter[3] = {0.0f, 0.0f, 0.0f};
..\zzsadd\Imu\Dataexchange.c(13): warning:  #177-D: variable "filter1" was declared but never referenced
  static float filter1[3][3] = {0.0f};
..\zzsadd\Imu\Dataexchange.c(15): warning:  #177-D: variable "filter3" was declared but never referenced
  static float filter3[3][3] = {0.0f};
..\zzsadd\Imu\Dataexchange.c(16): warning:  #177-D: variable "upcount1" was declared but never referenced
  static uint8_t upcount1 = 0;
..\zzsadd\Imu\Dataexchange.c(18): warning:  #177-D: variable "upcount3" was declared but never referenced
  static uint8_t upcount3 = 0;
..\zzsadd\Imu\Dataexchange.c: 9 warnings, 0 errors
compiling drv_imu.c...
..\zzsadd\Imu\drv_imu.c(143): warning:  #223-D: function "printf" declared implicitly
        printf("istinit\r\n");
..\zzsadd\Imu\drv_imu.c(227): warning:  #223-D: function "abs" declared implicitly
        if(abs(mpu_data.gx) <= 5) mpu_data.gx = 0 ;
..\zzsadd\Imu\drv_imu.c(228): warning:  #223-D: function "abs" declared implicitly
        if(abs(mpu_data.gy) <= 5) mpu_data.gy = 0 ;
..\zzsadd\Imu\drv_imu.c(229): warning:  #223-D: function "abs" declared implicitly
        if(abs(mpu_data.gz) <= 5) mpu_data.gz = 0 ;
..\zzsadd\Imu\drv_imu.c(285): warning:  #223-D: function "printf" declared implicitly
                printf("ID %x\r\n",MPU6500_ID);
..\zzsadd\Imu\drv_imu.c(368): warning:  #223-D: function "abs" declared implicitly
      if ((abs(mpu_data.mx) < 400) && (abs(mpu_data.my) < 400) && (abs(mpu_data.mz) < 400))
..\zzsadd\Imu\drv_imu.c(408): warning:  #1-D: last line of file ends without a newline
  }
..\zzsadd\Imu\drv_imu.c(38): warning:  #550-D: variable "imu_cali" was set but never used
  static struct mpu_calibrate imu_cali = {1, 0, 0};
..\zzsadd\Imu\drv_imu.c: 8 warnings, 0 errors
compiling mahony_ahrs.c...
..\zzsadd\Imu\mahony_ahrs.c(158): warning:  #550-D: variable "imu_first1" was set but never used
        static float imulast1,imunow1,imu_first1, imulast2,imunow2,imu_first2, imulast3,imunow3,imu_first3;
..\zzsadd\Imu\mahony_ahrs.c(158): warning:  #550-D: variable "imu_first2" was set but never used
        static float imulast1,imunow1,imu_first1, imulast2,imunow2,imu_first2, imulast3,imunow3,imu_first3;
..\zzsadd\Imu\mahony_ahrs.c(158): warning:  #550-D: variable "imu_first3" was set but never used
        static float imulast1,imunow1,imu_first1, imulast2,imunow2,imu_first2, imulast3,imunow3,imu_first3;
..\zzsadd\Imu\mahony_ahrs.c(269): warning:  #550-D: variable "imu_first1" was set but never used
        static float imulast1,imunow1,imu_first1, imulast2,imunow2,imu_first2, imulast3,imunow3,imu_first3;
..\zzsadd\Imu\mahony_ahrs.c(269): warning:  #550-D: variable "imu_first2" was set but never used
        static float imulast1,imunow1,imu_first1, imulast2,imunow2,imu_first2, imulast3,imunow3,imu_first3;
..\zzsadd\Imu\mahony_ahrs.c(269): warning:  #550-D: variable "imu_first3" was set but never used
        static float imulast1,imunow1,imu_first1, imulast2,imunow2,imu_first2, imulast3,imunow3,imu_first3;
..\zzsadd\Imu\mahony_ahrs.c: 6 warnings, 0 errors
linking...
Program Size: Code=41616 RO-data=3948 RW-data=616 ZI-data=21952  
FromELF: creating hex file...
"2019-golfcar-chassis\2019-golfcar-chassis.axf" - 0 Error(s), 42 Warning(s).

<h2>Software Packages used:</h2>

Package Vendor: ARM
                http://www.keil.com/pack/ARM.CMSIS.4.2.0.pack
                ARM::CMSIS:CORE:3.40.0
                CMSIS (Cortex Microcontroller Software Interface Standard)
   * Component: CORE Version: 3.40.0

<h2>Collection of Component include folders:</h2>
  D:\电控程序\2019golfcar-chassis\MDK-ARM\RTE
  D:\program files\ARM\PACK\ARM\CMSIS\4.2.0\CMSIS\Include
  D:\program files\ARM\PACK\Keil\STM32F4xx_DFP\1.0.8\Device\Include

<h2>Collection of Component Files used:</h2>

   * Component: ARM::CMSIS:CORE:3.40.0
      Source file:   CMSIS\UserCodeTemplates\ARM\ITM_Retarget.c
</pre>
</body>
</html>
