<html>
<body>
<pre>
<h1>µVision Build Log</h1>
<h2>Tool Versions:</h2>
IDE-Version: ¦ÌVision V5.21.1.0
Copyright (C) 2016 ARM Ltd and ARM Germany GmbH. All rights reserved.
License Information: alientek alientek, alientek, LIC=KIVLQ-NL88Y-LU64M-XU4AE-T85HX-2UFU0
 
Tool Versions:
Toolchain:       MDK-ARM Professional  Version: 5.21a
Toolchain Path:  D:\MDK5\ARM\ARMCC\Bin
C Compiler:      Armcc.exe V5.06 update 3 (build 300)
Assembler:       Armasm.exe V5.06 update 3 (build 300)
Linker/Locator:  ArmLink.exe V5.06 update 3 (build 300)
Library Manager: ArmAr.exe V5.06 update 3 (build 300)
Hex Converter:   FromElf.exe V5.06 update 3 (build 300)
CPU DLL:         SARMCM3.DLL V5.21a
Dialog DLL:      DCM.DLL V1.13.8.0
Target DLL:      STLink\ST-LINKIII-KEIL_SWO.dll V2.0.18.0
Dialog DLL:      TCM.DLL V1.14.14.0
 
<h2>Project:</h2>
E:\Some repositories\2019golfcar-chassis\MDK-ARM\2019-golfcar-chassis.uvprojx
Project File Date:  09/14/2019

<h2>Output:</h2>
*** Using Compiler 'V5.06 update 3 (build 300)', folder: 'D:\MDK5\ARM\ARMCC\Bin'
Build target '2019-golfcar-chassis'
compiling usr_task.c...
..\usr_task\usr_task.c(33): warning:  #223-D: function "printf" declared implicitly
  		printf("P %.1f I %.1f D %.1f\r\n",P,I,D);
..\usr_task\usr_task.c: 1 warning, 0 errors
linking...
Program Size: Code=19684 RO-data=716 RW-data=292 ZI-data=18812  
FromELF: creating hex file...
"2019-golfcar-chassis\2019-golfcar-chassis.axf" - 0 Error(s), 1 Warning(s).

<h2>Software Packages used:</h2>

Package Vendor: ARM
                http://www.keil.com/pack/ARM.CMSIS.4.5.0.pack
                ARM::CMSIS:CORE:4.3.0
                CMSIS (Cortex Microcontroller Software Interface Standard)
   * Component: CORE Version: 4.3.0

<h2>Collection of Component include folders:</h2>
  E:\Some repositories\2019golfcar-chassis\MDK-ARM\RTE
  D:\MDK5\ARM\PACK\ARM\CMSIS\4.5.0\CMSIS\Include
  D:\MDK5\ARM\PACK\Keil\STM32F4xx_DFP\1.0.8\Device\Include

<h2>Collection of Component Files used:</h2>

   * Component: ARM::CMSIS:CORE:4.3.0
Build Time Elapsed:  00:00:04
</pre>
</body>
</html>
