Component: ARM Compiler 5.06 update 6 (build 750) Tool: armlink [4d35ed]

==============================================================================

Section Cross References

    startup_stm32f427xx.o(RESET) refers to startup_stm32f427xx.o(STACK) for __initial_sp
    startup_stm32f427xx.o(RESET) refers to startup_stm32f427xx.o(.text) for Reset_Handler
    startup_stm32f427xx.o(RESET) refers to stm32f4xx_it.o(i.NMI_Handler) for NMI_Handler
    startup_stm32f427xx.o(RESET) refers to stm32f4xx_it.o(i.HardFault_Handler) for HardFault_Handler
    startup_stm32f427xx.o(RESET) refers to stm32f4xx_it.o(i.MemManage_Handler) for MemManage_Handler
    startup_stm32f427xx.o(RESET) refers to stm32f4xx_it.o(i.BusFault_Handler) for BusFault_Handler
    startup_stm32f427xx.o(RESET) refers to stm32f4xx_it.o(i.UsageFault_Handler) for UsageFault_Handler
    startup_stm32f427xx.o(RESET) refers to port.o(.emb_text) for SVC_Handler
    startup_stm32f427xx.o(RESET) refers to stm32f4xx_it.o(i.DebugMon_Handler) for DebugMon_Handler
    startup_stm32f427xx.o(RESET) refers to stm32f4xx_it.o(i.SysTick_Handler) for SysTick_Handler
    startup_stm32f427xx.o(RESET) refers to stm32f4xx_it.o(i.DMA1_Stream2_IRQHandler) for DMA1_Stream2_IRQHandler
    startup_stm32f427xx.o(RESET) refers to stm32f4xx_it.o(i.DMA1_Stream4_IRQHandler) for DMA1_Stream4_IRQHandler
    startup_stm32f427xx.o(RESET) refers to stm32f4xx_it.o(i.DMA1_Stream5_IRQHandler) for DMA1_Stream5_IRQHandler
    startup_stm32f427xx.o(RESET) refers to stm32f4xx_it.o(i.DMA1_Stream6_IRQHandler) for DMA1_Stream6_IRQHandler
    startup_stm32f427xx.o(RESET) refers to stm32f4xx_it.o(i.CAN1_TX_IRQHandler) for CAN1_TX_IRQHandler
    startup_stm32f427xx.o(RESET) refers to stm32f4xx_it.o(i.CAN1_RX0_IRQHandler) for CAN1_RX0_IRQHandler
    startup_stm32f427xx.o(RESET) refers to stm32f4xx_it.o(i.TIM4_IRQHandler) for TIM4_IRQHandler
    startup_stm32f427xx.o(RESET) refers to stm32f4xx_it.o(i.USART1_IRQHandler) for USART1_IRQHandler
    startup_stm32f427xx.o(RESET) refers to stm32f4xx_it.o(i.USART2_IRQHandler) for USART2_IRQHandler
    startup_stm32f427xx.o(RESET) refers to stm32f4xx_it.o(i.USART3_IRQHandler) for USART3_IRQHandler
    startup_stm32f427xx.o(RESET) refers to stm32f4xx_it.o(i.TIM8_BRK_TIM12_IRQHandler) for TIM8_BRK_TIM12_IRQHandler
    startup_stm32f427xx.o(RESET) refers to stm32f4xx_it.o(i.TIM8_UP_TIM13_IRQHandler) for TIM8_UP_TIM13_IRQHandler
    startup_stm32f427xx.o(RESET) refers to stm32f4xx_it.o(i.TIM8_TRG_COM_TIM14_IRQHandler) for TIM8_TRG_COM_TIM14_IRQHandler
    startup_stm32f427xx.o(RESET) refers to stm32f4xx_it.o(i.TIM8_CC_IRQHandler) for TIM8_CC_IRQHandler
    startup_stm32f427xx.o(RESET) refers to stm32f4xx_it.o(i.TIM5_IRQHandler) for TIM5_IRQHandler
    startup_stm32f427xx.o(RESET) refers to stm32f4xx_it.o(i.UART4_IRQHandler) for UART4_IRQHandler
    startup_stm32f427xx.o(RESET) refers to stm32f4xx_it.o(i.DMA2_Stream1_IRQHandler) for DMA2_Stream1_IRQHandler
    startup_stm32f427xx.o(RESET) refers to stm32f4xx_it.o(i.CAN2_TX_IRQHandler) for CAN2_TX_IRQHandler
    startup_stm32f427xx.o(RESET) refers to stm32f4xx_it.o(i.CAN2_RX0_IRQHandler) for CAN2_RX0_IRQHandler
    startup_stm32f427xx.o(RESET) refers to stm32f4xx_it.o(i.DMA2_Stream6_IRQHandler) for DMA2_Stream6_IRQHandler
    startup_stm32f427xx.o(RESET) refers to stm32f4xx_it.o(i.DMA2_Stream7_IRQHandler) for DMA2_Stream7_IRQHandler
    startup_stm32f427xx.o(RESET) refers to stm32f4xx_it.o(i.USART6_IRQHandler) for USART6_IRQHandler
    startup_stm32f427xx.o(.text) refers to system_stm32f4xx.o(i.SystemInit) for SystemInit
    startup_stm32f427xx.o(.text) refers to entry.o(.ARM.Collect$$$$00000000) for __main
    main.o(i.HAL_TIM_PeriodElapsedCallback) refers to stm32f4xx_hal.o(i.HAL_IncTick) for HAL_IncTick
    main.o(i.SystemClock_Config) refers to memseta.o(.text) for __aeabi_memclr4
    main.o(i.SystemClock_Config) refers to stm32f4xx_hal_rcc.o(i.HAL_RCC_OscConfig) for HAL_RCC_OscConfig
    main.o(i.SystemClock_Config) refers to stm32f4xx_hal_rcc.o(i.HAL_RCC_ClockConfig) for HAL_RCC_ClockConfig
    main.o(i.main) refers to stm32f4xx_hal.o(i.HAL_Init) for HAL_Init
    main.o(i.main) refers to main.o(i.SystemClock_Config) for SystemClock_Config
    main.o(i.main) refers to gpio.o(i.MX_GPIO_Init) for MX_GPIO_Init
    main.o(i.main) refers to dma.o(i.MX_DMA_Init) for MX_DMA_Init
    main.o(i.main) refers to can.o(i.MX_CAN1_Init) for MX_CAN1_Init
    main.o(i.main) refers to can.o(i.MX_CAN2_Init) for MX_CAN2_Init
    main.o(i.main) refers to tim.o(i.MX_TIM4_Init) for MX_TIM4_Init
    main.o(i.main) refers to tim.o(i.MX_TIM5_Init) for MX_TIM5_Init
    main.o(i.main) refers to tim.o(i.MX_TIM8_Init) for MX_TIM8_Init
    main.o(i.main) refers to usart.o(i.MX_USART2_UART_Init) for MX_USART2_UART_Init
    main.o(i.main) refers to usart.o(i.MX_USART3_UART_Init) for MX_USART3_UART_Init
    main.o(i.main) refers to usart.o(i.MX_USART6_UART_Init) for MX_USART6_UART_Init
[...]
    AHRS_asinf                               0x08000ba5   Thumb Code     4  ahrs_middleware.o(i.AHRS_asinf)
    AHRS_atan2f                              0x08000ba9   Thumb Code     4  ahrs_middleware.o(i.AHRS_atan2f)
    AHRS_cosf                                0x08000bad   Thumb Code     4  ahrs_middleware.o(i.AHRS_cosf)
    AHRS_get_height                          0x08000bcd   Thumb Code    14  ahrs_middleware.o(i.AHRS_get_height)
    AHRS_get_latitude                        0x08000be1   Thumb Code    14  ahrs_middleware.o(i.AHRS_get_latitude)
    AHRS_init                                0x08000bf5   Thumb Code   626  ahrs.o(i.AHRS_init)
    AHRS_invSqrt                             0x08000e91   Thumb Code    40  ahrs_middleware.o(i.AHRS_invSqrt)
    AHRS_sinf                                0x08000ebd   Thumb Code     4  ahrs_middleware.o(i.AHRS_sinf)
    AHRS_update                              0x08000ec1   Thumb Code   314  ahrs.o(i.AHRS_update)
    Append_CRC8_Check_Sum                    0x08000ffb   Thumb Code    28  crc.o(i.Append_CRC8_Check_Sum)
    BusFault_Handler                         0x08001017   Thumb Code     2  stm32f4xx_it.o(i.BusFault_Handler)
    CAN1_RX0_IRQHandler                      0x08001019   Thumb Code     6  stm32f4xx_it.o(i.CAN1_RX0_IRQHandler)
    CAN1_TX_IRQHandler                       0x08001025   Thumb Code     6  stm32f4xx_it.o(i.CAN1_TX_IRQHandler)
    CAN2_RX0_IRQHandler                      0x08001031   Thumb Code     6  stm32f4xx_it.o(i.CAN2_RX0_IRQHandler)
    CAN2_TX_IRQHandler                       0x0800103d   Thumb Code     6  stm32f4xx_it.o(i.CAN2_TX_IRQHandler)
    CANFilter_Enable                         0x08001049   Thumb Code    88  drv_can.o(i.CANFilter_Enable)
    CAN_Enable                               0x080010b1   Thumb Code    26  drv_can.o(i.CAN_Enable)
    Can_SendMsg                              0x080010cb   Thumb Code    74  drv_can.o(i.Can_SendMsg)
    CcltAngleSub                             0x08001115   Thumb Code    38  drv_locationsystem.o(i.CcltAngleSub)
    Command                                  0x080011d5   Thumb Code   408  stmgood.o(i.Command)
    CompStr                                  0x080013ed   Thumb Code    48  stmgood.o(i.CompStr)
    CopyStr                                  0x0800141d   Thumb Code    22  stmgood.o(i.CopyStr)
    DMA1_Stream2_IRQHandler                  0x08001435   Thumb Code    18  stm32f4xx_it.o(i.DMA1_Stream2_IRQHandler)
    DMA1_Stream4_IRQHandler                  0x08001451   Thumb Code     6  stm32f4xx_it.o(i.DMA1_Stream4_IRQHandler)
    DMA1_Stream5_IRQHandler                  0x0800145d   Thumb Code    18  stm32f4xx_it.o(i.DMA1_Stream5_IRQHandler)
    DMA1_Stream6_IRQHandler                  0x08001479   Thumb Code     6  stm32f4xx_it.o(i.DMA1_Stream6_IRQHandler)
    DMA2_Stream1_IRQHandler                  0x08001485   Thumb Code    18  stm32f4xx_it.o(i.DMA2_Stream1_IRQHandler)
    DMA2_Stream6_IRQHandler                  0x080014a1   Thumb Code     6  stm32f4xx_it.o(i.DMA2_Stream6_IRQHandler)
    DMA2_Stream7_IRQHandler                  0x080014ad   Thumb Code     6  stm32f4xx_it.o(i.DMA2_Stream7_IRQHandler)
    DealStr                                  0x0800155d   Thumb Code   128  stmgood.o(i.DealStr)
    Dealdata                                 0x080015e5   Thumb Code   134  stmgood.o(i.Dealdata)
    DebugMon_Handler                         0x08001675   Thumb Code     2  stm32f4xx_it.o(i.DebugMon_Handler)
    Error_Handler                            0x08001677   Thumb Code     2  main.o(i.Error_Handler)
    FirstSpace                               0x08001679   Thumb Code    24  stmgood.o(i.FirstSpace)
    Get_CRC8_Check_Sum                       0x08001691   Thumb Code    24  crc.o(i.Get_CRC8_Check_Sum)
    HAL_CAN_ActivateNotification             0x080016ad   Thumb Code    36  stm32f4xx_hal_can.o(i.HAL_CAN_ActivateNotification)
    HAL_CAN_AddTxMessage                     0x080016d1   Thumb Code   200  stm32f4xx_hal_can.o(i.HAL_CAN_AddTxMessage)
    HAL_CAN_ConfigFilter                     0x08001799   Thumb Code   262  stm32f4xx_hal_can.o(i.HAL_CAN_ConfigFilter)
    HAL_CAN_ErrorCallback                    0x080018a5   Thumb Code     2  stm32f4xx_hal_can.o(i.HAL_CAN_ErrorCallback)
    HAL_CAN_GetRxMessage                     0x080018a7   Thumb Code   232  stm32f4xx_hal_can.o(i.HAL_CAN_GetRxMessage)
    HAL_CAN_IRQHandler                       0x0800198f   Thumb Code   508  stm32f4xx_hal_can.o(i.HAL_CAN_IRQHandler)
    HAL_CAN_Init                             0x08001b8b   Thumb Code   282  stm32f4xx_hal_can.o(i.HAL_CAN_Init)
    HAL_CAN_MspInit                          0x08001ca5   Thumb Code   260  can.o(i.HAL_CAN_MspInit)
    HAL_CAN_RxFifo0FullCallback              0x08001dc1   Thumb Code     2  stm32f4xx_hal_can.o(i.HAL_CAN_RxFifo0FullCallback)
    HAL_CAN_RxFifo0MsgPendingCallback        0x08001dc5   Thumb Code   178  drv_can.o(i.HAL_CAN_RxFifo0MsgPendingCallback)
    HAL_CAN_RxFifo1FullCallback              0x08001e9d   Thumb Code     2  stm32f4xx_hal_can.o(i.HAL_CAN_RxFifo1FullCallback)
    HAL_CAN_RxFifo1MsgPendingCallback        0x08001e9f   Thumb Code     2  stm32f4xx_hal_can.o(i.HAL_CAN_RxFifo1MsgPendingCallback)
    HAL_CAN_SleepCallback                    0x08001ea1   Thumb Code     2  stm32f4xx_hal_can.o(i.HAL_CAN_SleepCallback)
    HAL_CAN_Start                            0x08001ea5   Thumb Code    88  stm32f4xx_hal_can.o(i.HAL_CAN_Start)
    HAL_CAN_TxMailbox0AbortCallback          0x08001efd   Thumb Code     2  stm32f4xx_hal_can.o(i.HAL_CAN_TxMailbox0AbortCallback)
    HAL_CAN_TxMailbox0CompleteCallback       0x08001eff   Thumb Code     2  stm32f4xx_hal_can.o(i.HAL_CAN_TxMailbox0CompleteCallback)
    HAL_CAN_TxMailbox1AbortCallback          0x08001f01   Thumb Code     2  stm32f4xx_hal_can.o(i.HAL_CAN_TxMailbox1AbortCallback)
    HAL_CAN_TxMailbox1CompleteCallback       0x08001f03   Thumb Code     2  stm32f4xx_hal_can.o(i.HAL_CAN_TxMailbox1CompleteCallback)
    HAL_CAN_TxMailbox2AbortCallback          0x08001f05   Thumb Code     2  stm32f4xx_hal_can.o(i.HAL_CAN_TxMailbox2AbortCallback)
    HAL_CAN_TxMailbox2CompleteCallback       0x08001f07   Thumb Code     2  stm32f4xx_hal_can.o(i.HAL_CAN_TxMailbox2CompleteCallback)
    HAL_CAN_WakeUpFromRxMsgCallback          0x08001f09   Thumb Code     2  stm32f4xx_hal_can.o(i.HAL_CAN_WakeUpFromRxMsgCallback)
    HAL_DMA_Abort                            0x08001f0b   Thumb Code   142  stm32f4xx_hal_dma.o(i.HAL_DMA_Abort)
    HAL_DMA_Abort_IT                         0x08001f99   Thumb Code    36  stm32f4xx_hal_dma.o(i.HAL_DMA_Abort_IT)
    HAL_DMA_IRQHandler                       0x08001fbd   Thumb Code   412  stm32f4xx_hal_dma.o(i.HAL_DMA_IRQHandler)
    HAL_DMA_Init                             0x0800215d   Thumb Code   206  stm32f4xx_hal_dma.o(i.HAL_DMA_Init)
    HAL_DMA_Start                            0x08002231   Thumb Code    70  stm32f4xx_hal_dma.o(i.HAL_DMA_Start)
    HAL_DMA_Start_IT                         0x08002277   Thumb Code   120  stm32f4xx_hal_dma.o(i.HAL_DMA_Start_IT)
    HAL_GPIO_Init                            0x080022f1   Thumb Code   408  stm32f4xx_hal_gpio.o(i.HAL_GPIO_Init)
    HAL_GPIO_TogglePin                       0x080024bd   Thumb Code    14  stm32f4xx_hal_gpio.o(i.HAL_GPIO_TogglePin)
    HAL_GPIO_WritePin                        0x080024cb   Thumb Code    10  stm32f4xx_hal_gpio.o(i.HAL_GPIO_WritePin)
    HAL_GetTick                              0x080024d5   Thumb Code     6  stm32f4xx_hal.o(i.HAL_GetTick)
    HAL_IncTick                              0x080024e1   Thumb Code    12  stm32f4xx_hal.o(i.HAL_IncTick)
    HAL_Init                                 0x080024f1   Thumb Code    48  stm32f4xx_hal.o(i.HAL_Init)
    HAL_InitTick                             0x08002525   Thumb Code   102  stm32f4xx_hal_timebase_tim.o(i.HAL_InitTick)
    HAL_MspInit                              0x0800259d   Thumb Code    52  stm32f4xx_hal_msp.o(i.HAL_MspInit)
    HAL_NVIC_EnableIRQ                       0x080025d5   Thumb Code    26  stm32f4xx_hal_cortex.o(i.HAL_NVIC_EnableIRQ)
    HAL_NVIC_SetPriority                     0x080025f1   Thumb Code    60  stm32f4xx_hal_cortex.o(i.HAL_NVIC_SetPriority)
    HAL_NVIC_SetPriorityGrouping             0x08002631   Thumb Code    26  stm32f4xx_hal_cortex.o(i.HAL_NVIC_SetPriorityGrouping)
    HAL_RCC_ClockConfig                      0x08002655   Thumb Code   286  stm32f4xx_hal_rcc.o(i.HAL_RCC_ClockConfig)
    HAL_RCC_GetClockConfig                   0x08002785   Thumb Code    54  stm32f4xx_hal_rcc.o(i.HAL_RCC_GetClockConfig)
    HAL_RCC_GetPCLK1Freq                     0x080027c5   Thumb Code    20  stm32f4xx_hal_rcc.o(i.HAL_RCC_GetPCLK1Freq)
    HAL_RCC_GetPCLK2Freq                     0x080027e5   Thumb Code    20  stm32f4xx_hal_rcc.o(i.HAL_RCC_GetPCLK2Freq)
    HAL_RCC_GetSysClockFreq                  0x08002805   Thumb Code    88  stm32f4xx_hal_rcc.o(i.HAL_RCC_GetSysClockFreq)
    HAL_RCC_OscConfig                        0x08002869   Thumb Code   770  stm32f4xx_hal_rcc.o(i.HAL_RCC_OscConfig)
    HAL_SPI_Init                             0x08002b85   Thumb Code   128  stm32f4xx_hal_spi.o(i.HAL_SPI_Init)
    HAL_SPI_MspInit                          0x08002c05   Thumb Code    94  spi.o(i.HAL_SPI_MspInit)
    HAL_SPI_TransmitReceive                  0x08002c71   Thumb Code   482  stm32f4xx_hal_spi.o(i.HAL_SPI_TransmitReceive)
    HAL_TIMEx_BreakCallback                  0x08002e53   Thumb Code     2  stm32f4xx_hal_tim_ex.o(i.HAL_TIMEx_BreakCallback)
    HAL_TIMEx_CommutCallback                 0x08002e55   Thumb Code     2  stm32f4xx_hal_tim_ex.o(i.HAL_TIMEx_CommutCallback)
    HAL_TIMEx_MasterConfigSynchronization    0x08002e57   Thumb Code    66  stm32f4xx_hal_tim_ex.o(i.HAL_TIMEx_MasterConfigSynchronization)
    HAL_TIM_Base_Init                        0x08002e99   Thumb Code    54  stm32f4xx_hal_tim.o(i.HAL_TIM_Base_Init)
    HAL_TIM_Base_MspInit                     0x08002ecf   Thumb Code     2  stm32f4xx_hal_tim.o(i.HAL_TIM_Base_MspInit)
    HAL_TIM_Base_Start_IT                    0x08002ed1   Thumb Code    34  stm32f4xx_hal_tim.o(i.HAL_TIM_Base_Start_IT)
    HAL_TIM_Encoder_Init                     0x08002ef3   Thumb Code   152  stm32f4xx_hal_tim.o(i.HAL_TIM_Encoder_Init)
    HAL_TIM_Encoder_MspInit                  0x08002f8d   Thumb Code   232  tim.o(i.HAL_TIM_Encoder_MspInit)
    HAL_TIM_IC_CaptureCallback               0x08003089   Thumb Code     2  stm32f4xx_hal_tim.o(i.HAL_TIM_IC_CaptureCallback)
    HAL_TIM_IRQHandler                       0x0800308b   Thumb Code   358  stm32f4xx_hal_tim.o(i.HAL_TIM_IRQHandler)
    HAL_TIM_MspPostInit                      0x080031f1   Thumb Code    70  tim.o(i.HAL_TIM_MspPostInit)
    HAL_TIM_OC_DelayElapsedCallback          0x08003245   Thumb Code     2  stm32f4xx_hal_tim.o(i.HAL_TIM_OC_DelayElapsedCallback)
    HAL_TIM_PWM_ConfigChannel                0x08003247   Thumb Code   208  stm32f4xx_hal_tim.o(i.HAL_TIM_PWM_ConfigChannel)
    HAL_TIM_PWM_Init                         0x08003317   Thumb Code    54  stm32f4xx_hal_tim.o(i.HAL_TIM_PWM_Init)
    HAL_TIM_PWM_MspInit                      0x0800334d   Thumb Code    50  tim.o(i.HAL_TIM_PWM_MspInit)
    HAL_TIM_PWM_PulseFinishedCallback        0x08003389   Thumb Code     2  stm32f4xx_hal_tim.o(i.HAL_TIM_PWM_PulseFinishedCallback)
    HAL_TIM_PWM_Start                        0x0800338d   Thumb Code    58  stm32f4xx_hal_tim.o(i.HAL_TIM_PWM_Start)
    HAL_TIM_PeriodElapsedCallback            0x080033d1   Thumb Code    14  main.o(i.HAL_TIM_PeriodElapsedCallback)
    HAL_TIM_TriggerCallback                  0x080033e5   Thumb Code     2  stm32f4xx_hal_tim.o(i.HAL_TIM_TriggerCallback)
    HAL_UART_DMAStop                         0x080033e7   Thumb Code    88  stm32f4xx_hal_uart.o(i.HAL_UART_DMAStop)
    HAL_UART_ErrorCallback                   0x0800343f   Thumb Code    18  drv_uart.o(i.HAL_UART_ErrorCallback)
    HAL_UART_IRQHandler                      0x08003451   Thumb Code   266  stm32f4xx_hal_uart.o(i.HAL_UART_IRQHandler)
    HAL_UART_Init                            0x08003561   Thumb Code    98  stm32f4xx_hal_uart.o(i.HAL_UART_Init)
    HAL_UART_MspInit                         0x080035c5   Thumb Code   822  usart.o(i.HAL_UART_MspInit)
    HAL_UART_Receive_DMA                     0x08003939   Thumb Code   138  stm32f4xx_hal_uart.o(i.HAL_UART_Receive_DMA)
    HAL_UART_Receive_IT                      0x080039d1   Thumb Code    82  stm32f4xx_hal_uart.o(i.HAL_UART_Receive_IT)
    HAL_UART_RxCpltCallback                  0x08003a25   Thumb Code    44  drv_uart.o(i.HAL_UART_RxCpltCallback)
    HAL_UART_RxHalfCpltCallback              0x08003a5d   Thumb Code     2  stm32f4xx_hal_uart.o(i.HAL_UART_RxHalfCpltCallback)
    HAL_UART_Transmit                        0x08003a5f   Thumb Code   186  stm32f4xx_hal_uart.o(i.HAL_UART_Transmit)
    HAL_UART_TxCpltCallback                  0x08003b19   Thumb Code     2  stm32f4xx_hal_uart.o(i.HAL_UART_TxCpltCallback)
    HardFault_Handler                        0x08003b1b   Thumb Code     2  stm32f4xx_it.o(i.HardFault_Handler)
    JudgeDeviceState                         0x08003b1d   Thumb Code    32  detect.o(i.JudgeDeviceState)
    LFP_Filter                               0x08003b41   Thumb Code   210  dataexchange.o(i.LFP_Filter)
    MX_CAN1_Init                             0x08003c21   Thumb Code    62  can.o(i.MX_CAN1_Init)
    MX_CAN2_Init                             0x08003c69   Thumb Code    62  can.o(i.MX_CAN2_Init)
    MX_DMA_Init                              0x08003cb1   Thumb Code   152  dma.o(i.MX_DMA_Init)
    MX_FREERTOS_Init                         0x08003d4d   Thumb Code   162  freertos.o(i.MX_FREERTOS_Init)
    MX_GPIO_Init                             0x08003df9   Thumb Code   236  gpio.o(i.MX_GPIO_Init)
    MX_SPI5_Init                             0x08003ef5   Thumb Code    60  spi.o(i.MX_SPI5_Init)
    MX_TIM4_Init                             0x08003f39   Thumb Code   156  tim.o(i.MX_TIM4_Init)
    MX_TIM5_Init                             0x08003fdd   Thumb Code    92  tim.o(i.MX_TIM5_Init)
    MX_TIM8_Init                             0x08004041   Thumb Code    94  tim.o(i.MX_TIM8_Init)
    MX_UART4_Init                            0x080040a9   Thumb Code    48  usart.o(i.MX_UART4_Init)
    MX_USART1_UART_Init                      0x080040e1   Thumb Code    48  usart.o(i.MX_USART1_UART_Init)
    MX_USART2_UART_Init                      0x08004119   Thumb Code    48  usart.o(i.MX_USART2_UART_Init)
    MX_USART3_UART_Init                      0x08004151   Thumb Code    48  usart.o(i.MX_USART3_UART_Init)
    MX_USART6_UART_Init                      0x08004189   Thumb Code    48  usart.o(i.MX_USART6_UART_Init)
    MemManage_Handler                        0x080041c1   Thumb Code     2  stm32f4xx_it.o(i.MemManage_Handler)
    MvByLine                                 0x080041c5   Thumb Code   144  drv_locationsystem.o(i.MvByLine)
    NMI_Handler                              0x08004269   Thumb Code     2  stm32f4xx_it.o(i.NMI_Handler)
    PWM_Init                                 0x0800426d   Thumb Code    20  drv_io.o(i.PWM_Init)
    SplitStr                                 0x08004339   Thumb Code    80  stmgood.o(i.SplitStr)
    StartDefaultTask                         0x08004389   Thumb Code     8  freertos.o(i.StartDefaultTask)
    StartTask02                              0x08004391   Thumb Code   572  usr_task.o(i.StartTask02)
    StartTask03                              0x0800460d   Thumb Code   334  usr_task.o(i.StartTask03)
    StartTask04                              0x08004789   Thumb Code    56  usr_task.o(i.StartTask04)
    StartTask05                              0x080047d5   Thumb Code    20  usr_task.o(i.StartTask05)
    StartTask06                              0x080047ed   Thumb Code   200  usr_task.o(i.StartTask06)
    StartTask07                              0x08004995   Thumb Code   184  usr_task.o(i.StartTask07)
    StrToFloat                               0x08004a6d   Thumb Code   282  stmgood.o(i.StrToFloat)
    Strlen                                   0x08004ba1   Thumb Code    16  stmgood.o(i.Strlen)
    SubStr                                   0x08004bb1   Thumb Code    34  stmgood.o(i.SubStr)
    SysTick_Handler                          0x08004bd9   Thumb Code    24  stm32f4xx_it.o(i.SysTick_Handler)
    SystemClock_Config                       0x08004bf1   Thumb Code   126  main.o(i.SystemClock_Config)
    SystemInit                               0x08004c79   Thumb Code    66  system_stm32f4xx.o(i.SystemInit)
    TIM4_IRQHandler                          0x08004ccd   Thumb Code     6  stm32f4xx_it.o(i.TIM4_IRQHandler)
    TIM5_IRQHandler                          0x08004cd9   Thumb Code     6  stm32f4xx_it.o(i.TIM5_IRQHandler)
    TIM8_BRK_TIM12_IRQHandler                0x08004ce5   Thumb Code     6  stm32f4xx_it.o(i.TIM8_BRK_TIM12_IRQHandler)
    TIM8_CC_IRQHandler                       0x08004cf1   Thumb Code     6  stm32f4xx_it.o(i.TIM8_CC_IRQHandler)
    TIM8_TRG_COM_TIM14_IRQHandler            0x08004cfd   Thumb Code     6  stm32f4xx_it.o(i.TIM8_TRG_COM_TIM14_IRQHandler)
    TIM8_UP_TIM13_IRQHandler                 0x08004d09   Thumb Code     6  stm32f4xx_it.o(i.TIM8_UP_TIM13_IRQHandler)
    TIM_Base_SetConfig                       0x08004d15   Thumb Code   156  stm32f4xx_hal_tim.o(i.TIM_Base_SetConfig)
    TIM_CCxChannelCmd                        0x08004ddd   Thumb Code    26  stm32f4xx_hal_tim.o(i.TIM_CCxChannelCmd)
    TIM_OC2_SetConfig                        0x08004e59   Thumb Code    98  stm32f4xx_hal_tim.o(i.TIM_OC2_SetConfig)
    UART4_IRQHandler                         0x08004f7d   Thumb Code    10  stm32f4xx_it.o(i.UART4_IRQHandler)
    USART1_IRQHandler                        0x08005469   Thumb Code     6  stm32f4xx_it.o(i.USART1_IRQHandler)
    USART2_IRQHandler                        0x08005475   Thumb Code    10  stm32f4xx_it.o(i.USART2_IRQHandler)
    USART3_IRQHandler                        0x08005489   Thumb Code     6  stm32f4xx_it.o(i.USART3_IRQHandler)
    USART6_IRQHandler                        0x08005495   Thumb Code    10  stm32f4xx_it.o(i.USART6_IRQHandler)
    USART_DMA_Enable                         0x080054a9   Thumb Code    66  drv_uart.o(i.USART_DMA_Enable)
    USART_Enable                             0x080054eb   Thumb Code    22  drv_uart.o(i.USART_Enable)
    USART_IDLE_IRQ                           0x08005501   Thumb Code    46  drv_uart.o(i.USART_IDLE_IRQ)
    UpdateIMU                                0x08005531   Thumb Code   574  dataexchange.o(i.UpdateIMU)
    UsageFault_Handler                       0x080057a1   Thumb Code     2  stm32f4xx_it.o(i.UsageFault_Handler)
    VAL_MAX                                  0x080057a3   Thumb Code     8  drv_imu.o(i.VAL_MAX)
    VAL_MIN                                  0x080057ab   Thumb Code     8  drv_imu.o(i.VAL_MIN)
    Verify_CRC8_Check_Sum                    0x080057b3   Thumb Code    38  crc.o(i.Verify_CRC8_Check_Sum)
    __0printf                                0x080057d9   Thumb Code    22  printfa.o(i.__0printf)
    __1printf                                0x080057d9   Thumb Code     0  printfa.o(i.__0printf)
    __2printf                                0x080057d9   Thumb Code     0  printfa.o(i.__0printf)
    __c89printf                              0x080057d9   Thumb Code     0  printfa.o(i.__0printf)
    printf                                   0x080057d9   Thumb Code     0  printfa.o(i.__0printf)
    __ARM_fpclassify                         0x080057f9   Thumb Code    48  fpclassify.o(i.__ARM_fpclassify)
    __ARM_fpclassifyf                        0x08005829   Thumb Code    38  fpclassifyf.o(i.__ARM_fpclassifyf)
    __hardfp_asinf                           0x08005871   Thumb Code   258  asinf.o(i.__hardfp_asinf)
    __hardfp_atan2f                          0x0800599d   Thumb Code   502  atan2f.o(i.__hardfp_atan2f)
    __hardfp_cos                             0x08005bf1   Thumb Code   180  cos.o(i.__hardfp_cos)
    __hardfp_sin                             0x08005cb9   Thumb Code   180  sin.o(i.__hardfp_sin)
    __hardfp_sqrt                            0x08005d81   Thumb Code   122  sqrt_full.o(i.__hardfp_sqrt)
    __hardfp_tan                             0x08005e01   Thumb Code   108  tan.o(i.__hardfp_tan)
    __ieee754_rem_pio2                       0x08005e81   Thumb Code   938  rred.o(i.__ieee754_rem_pio2)
    __kernel_cos                             0x080062b9   Thumb Code   322  cos_i.o(i.__kernel_cos)
    __kernel_poly                            0x08006429   Thumb Code   248  poly.o(i.__kernel_poly)
    __kernel_sin                             0x08006521   Thumb Code   280  sin_i.o(i.__kernel_sin)
    __kernel_tan                             0x08006651   Thumb Code   764  tan_i.o(i.__kernel_tan)
    __mathlib_dbl_infnan                     0x080069a1   Thumb Code    20  dunder.o(i.__mathlib_dbl_infnan)
    __mathlib_dbl_invalid                    0x080069b9   Thumb Code    24  dunder.o(i.__mathlib_dbl_invalid)
    __mathlib_dbl_underflow                  0x080069d9   Thumb Code    24  dunder.o(i.__mathlib_dbl_underflow)
    __mathlib_flt_infnan                     0x080069f9   Thumb Code     6  funder.o(i.__mathlib_flt_infnan)
    __mathlib_flt_infnan2                    0x080069ff   Thumb Code     6  funder.o(i.__mathlib_flt_infnan2)
    __mathlib_flt_invalid                    0x08006a05   Thumb Code    10  funder.o(i.__mathlib_flt_invalid)
    __mathlib_flt_underflow                  0x08006a15   Thumb Code    10  funder.o(i.__mathlib_flt_underflow)
    __scatterload_copy                       0x08006a25   Thumb Code    14  handlers.o(i.__scatterload_copy)
    __scatterload_null                       0x08006a33   Thumb Code     2  handlers.o(i.__scatterload_null)
    __scatterload_zeroinit                   0x08006a35   Thumb Code    14  handlers.o(i.__scatterload_zeroinit)
    __set_errno                              0x08006a45   Thumb Code     6  errno.o(i.__set_errno)
    abs_limit                                0x08007303   Thumb Code    42  pid.o(i.abs_limit)
    calculate_motor_current                  0x080077f5   Thumb Code   634  route.o(i.calculate_motor_current)
    calculate_trans_current                  0x08007a91   Thumb Code   350  chassis.o(i.calculate_trans_current)
    chassis_para_init                        0x08007c31   Thumb Code   152  chassis.o(i.chassis_para_init)
    choose_detination_by_circle              0x08007cf1   Thumb Code   140  route.o(i.choose_detination_by_circle)
    cmd                                      0x08007d85   Thumb Code   570  stmgood.o(i.cmd)
    continue_motor_pos                       0x08008051   Thumb Code    52  chassis.o(i.continue_motor_pos)
    deal_coloursensor_data                   0x08008085   Thumb Code    30  drv_coloursensor.o(i.deal_coloursensor_data)
    deal_motor_jam                           0x080080a9   Thumb Code    58  chassis.o(i.deal_motor_jam)
    deal_receive_data                        0x080080e9   Thumb Code    66  protocol.o(i.deal_receive_data)
    design_point_of_helix_route              0x08008131   Thumb Code   658  route.o(i.design_point_of_helix_route)
    detect_the_color                         0x080083f5   Thumb Code   128  drv_coloursensor.o(i.detect_the_color)
    fabs                                     0x08008479   Thumb Code    24  fabs.o(i.fabs)
    fputc                                    0x08008491   Thumb Code    18  drv_uart.o(i.fputc)
    get_angle                                0x080084a9   Thumb Code   232  ahrs.o(i.get_angle)
    get_loca_sys_data                        0x080086b9   Thumb Code    82  drv_locationsystem.o(i.get_loca_sys_data)
    go1                                      0x080087f9   Thumb Code     6  stmgood.o(i.go1)
    ist8310_get_data                         0x08008809   Thumb Code    10  drv_imu.o(i.ist8310_get_data)
    ist8310_init                             0x08008815   Thumb Code   262  drv_imu.o(i.ist8310_init)
    main                                     0x080089a5   Thumb Code   154  main.o(i.main)
    mpu_device_init                          0x08008a8d   Thumb Code   142  drv_imu.o(i.mpu_device_init)
    mpu_get_data                             0x08008b49   Thumb Code   360  drv_imu.o(i.mpu_get_data)
    mpu_read_reg                             0x08008d51   Thumb Code    68  drv_imu.o(i.mpu_read_reg)
    mpu_read_regs                            0x08008da1   Thumb Code    78  drv_imu.o(i.mpu_read_regs)
    mpu_write_reg                            0x08008e01   Thumb Code    72  drv_imu.o(i.mpu_write_reg)
    multi1                                   0x08008e55   Thumb Code    66  stmgood.o(i.multi1)
    multi2                                   0x08008ebd   Thumb Code    66  stmgood.o(i.multi2)
    multi3                                   0x08008f25   Thumb Code    66  stmgood.o(i.multi3)
    multi4                                   0x08008f89   Thumb Code    70  stmgood.o(i.multi4)
    osDelay                                  0x08008ff1   Thumb Code    14  cmsis_os.o(i.osDelay)
    osKernelStart                            0x08008fff   Thumb Code    10  cmsis_os.o(i.osKernelStart)
    osThreadCreate                           0x08009009   Thumb Code    46  cmsis_os.o(i.osThreadCreate)
    pid_calculate                            0x08009039   Thumb Code   156  pid.o(i.pid_calculate)
    pid_struct_init                          0x08009109   Thumb Code    60  pid.o(i.pid_struct_init)
    pvPortMalloc                             0x08009471   Thumb Code   210  heap_4.o(i.pvPortMalloc)
    pxPortInitialiseStack                    0x08009549   Thumb Code    40  port.o(i.pxPortInitialiseStack)
    ramp_cal                                 0x080095f9   Thumb Code    50  ramp.o(i.ramp_cal)
    ramp_init                                0x08009631   Thumb Code    14  ramp.o(i.ramp_init)
    route_init                               0x08009645   Thumb Code    26  route.o(i.route_init)
    send_data_to_gimbal                      0x08009675   Thumb Code   102  protocol.o(i.send_data_to_gimbal)
    sqrtf                                    0x080096e1   Thumb Code    62  sqrtf_full.o(i.sqrtf)
    transmit_a_ball                          0x08009721   Thumb Code    62  chassis.o(i.transmit_a_ball)
    transmit_a_ball_by_step_a                0x08009779   Thumb Code    70  chassis.o(i.transmit_a_ball_by_step_a)
    transmit_a_ball_by_step_b                0x080097c9   Thumb Code    70  chassis.o(i.transmit_a_ball_by_step_b)
    update_point                             0x08009819   Thumb Code   240  route.o(i.update_point)
    uxListRemove                             0x08009987   Thumb Code    38  list.o(i.uxListRemove)
    vListInitialise                          0x080099ad   Thumb Code    22  list.o(i.vListInitialise)
    vListInitialiseItem                      0x080099c3   Thumb Code     6  list.o(i.vListInitialiseItem)
    vListInsert                              0x080099c9   Thumb Code    48  list.o(i.vListInsert)
    vListInsertEnd                           0x080099f9   Thumb Code    24  list.o(i.vListInsertEnd)
    vPortEnterCritical                       0x08009a11   Thumb Code    54  port.o(i.vPortEnterCritical)
    vPortExitCritical                        0x08009a51   Thumb Code    34  port.o(i.vPortExitCritical)
    vPortFree                                0x08009a79   Thumb Code    88  heap_4.o(i.vPortFree)
    vPortSetupTimerInterrupt                 0x08009ad5   Thumb Code    32  port.o(i.vPortSetupTimerInterrupt)
    vTaskDelay                               0x08009af9   Thumb Code    66  tasks.o(i.vTaskDelay)
    vTaskStartScheduler                      0x08009b45   Thumb Code    86  tasks.o(i.vTaskStartScheduler)
    vTaskSuspendAll                          0x08009bad   Thumb Code    10  tasks.o(i.vTaskSuspendAll)
    vTaskSwitchContext                       0x08009bbd   Thumb Code    82  tasks.o(i.vTaskSwitchContext)
    xPortStartScheduler                      0x08009c19   Thumb Code   222  port.o(i.xPortStartScheduler)
    xPortSysTickHandler                      0x08009d0d   Thumb Code    38  port.o(i.xPortSysTickHandler)
    xTaskCreate                              0x08009d39   Thumb Code    86  tasks.o(i.xTaskCreate)
    xTaskGetSchedulerState                   0x08009d91   Thumb Code    22  tasks.o(i.xTaskGetSchedulerState)
    xTaskIncrementTick                       0x08009dad   Thumb Code   192  tasks.o(i.xTaskIncrementTick)
    xTaskResumeAll                           0x08009e75   Thumb Code   182  tasks.o(i.xTaskResumeAll)
    xdelay_ms                                0x08009f39   Thumb Code    22  delay.o(i.xdelay_ms)
    AHBPrescTable                            0x08009fe8   Data          16  system_stm32f4xx.o(.constdata)
    APBPrescTable                            0x08009ff8   Data           8  system_stm32f4xx.o(.constdata)
    CRC8_TAB                                 0x0800a000   Data         256  crc.o(.constdata)
    wCRC_Table                               0x0800a100   Data         512  crc.o(.constdata)
    sinTable_f32                             0x0800a31c   Data        2052  arm_common_tables.o(.constdata)
    Region$$Table$$Base                      0x0800acf4   Number         0  anon$$obj.o(Region$$Table)
    Region$$Table$$Limit                     0x0800ad14   Number         0  anon$$obj.o(Region$$Table)
    defaultTaskHandle                        0x20000004   Data           4  freertos.o(.data)
    myTask02Handle                           0x20000008   Data           4  freertos.o(.data)
    myTask03Handle                           0x2000000c   Data           4  freertos.o(.data)
    myTask04Handle                           0x20000010   Data           4  freertos.o(.data)
    myTask05Handle                           0x20000014   Data           4  freertos.o(.data)
    myTask06Handle                           0x20000018   Data           4  freertos.o(.data)
    myTask07Handle                           0x2000001c   Data           4  freertos.o(.data)
    uwTickFreq                               0x20000020   Data           1  stm32f4xx_hal.o(.data)
    uwTickPrio                               0x20000024   Data           4  stm32f4xx_hal.o(.data)
    uwTick                                   0x20000028   Data           4  stm32f4xx_hal.o(.data)
    SystemCoreClock                          0x2000002c   Data           4  system_stm32f4xx.o(.data)
    pxCurrentTCB                             0x20000030   Data           4  tasks.o(.data)
    step                                     0x200000a8   Data           4  usr_task.o(.data)
    point_num                                0x200000ac   Data           4  usr_task.o(.data)
    now_point                                0x200000b0   Data           4  usr_task.o(.data)
    start_next_path_count                    0x200000b4   Data           4  usr_task.o(.data)
    start_next_step                          0x200000b8   Data           4  usr_task.o(.data)
    calculate_path                           0x200000bc   Data           4  usr_task.o(.data)
    circle_num                               0x200000c0   Data           4  usr_task.o(.data)
    ball_color                               0x200000c4   Data           4  usr_task.o(.data)
    Count                                    0x200000e0   Data           1  stmgood.o(.data)
    P                                        0x200000e8   Data           8  stmgood.o(.data)
    I                                        0x200000f0   Data           8  stmgood.o(.data)
    D                                        0x200000f8   Data           8  stmgood.o(.data)
    V1                                       0x20000100   Data           8  stmgood.o(.data)
    p                                        0x20000108   Data           8  stmgood.o(.data)
    i                                        0x20000110   Data           8  stmgood.o(.data)
    d                                        0x20000118   Data           8  stmgood.o(.data)
    V2                                       0x20000120   Data           8  stmgood.o(.data)
    A                                        0x20000128   Data           8  stmgood.o(.data)
    B                                        0x20000130   Data           8  stmgood.o(.data)
    C                                        0x20000138   Data           8  stmgood.o(.data)
    E                                        0x20000140   Data           8  stmgood.o(.data)
    a                                        0x20000148   Data           8  stmgood.o(.data)
    b                                        0x20000150   Data           8  stmgood.o(.data)
    c                                        0x20000158   Data           8  stmgood.o(.data)
    e                                        0x20000160   Data           8  stmgood.o(.data)
    trans_pid_debug                          0x20000168   Data           4  chassis.o(.data)
    trans_motor_jam                          0x2000016c   Data           4  chassis.o(.data)
    step1_finish                             0x20000170   Data           4  chassis.o(.data)
    back_count                               0x20000174   Data           4  chassis.o(.data)
    angle_pid_debug                          0x20000184   Data           4  route.o(.data)
    motor_pid_debug                          0x20000188   Data           4  route.o(.data)
    jam_back                                 0x2000018c   Data           4  route.o(.data)
    s_left_ramp                              0x200001c4   Data          12  route.o(.data)
    s_right_ramp                             0x200001d0   Data          12  route.o(.data)
    s_receive_data                           0x200001e0   Data           5  protocol.o(.data)
    gimbal_data_fps                          0x200001e8   Data           8  protocol.o(.data)
    gimbal_data_state                        0x200001f0   Data           4  protocol.o(.data)
    yaw_angle_buff                           0x200001f8   Data           4  dataexchange.o(.data)
    __stdout                                 0x20000258   Data           4  stdout.o(.data)
    hcan1                                    0x20000260   Data          40  can.o(.bss)
    hcan2                                    0x20000288   Data          40  can.o(.bss)
    hspi5                                    0x200002b0   Data          88  spi.o(.bss)
    htim4                                    0x20000308   Data          64  tim.o(.bss)
    htim5                                    0x20000348   Data          64  tim.o(.bss)
    htim8                                    0x20000388   Data          64  tim.o(.bss)
    huart4                                   0x200003c8   Data          64  usart.o(.bss)
    huart1                                   0x20000408   Data          64  usart.o(.bss)
    huart2                                   0x20000448   Data          64  usart.o(.bss)
    huart3                                   0x20000488   Data          64  usart.o(.bss)
    huart6                                   0x200004c8   Data          64  usart.o(.bss)
    hdma_uart4_rx                            0x20000508   Data          96  usart.o(.bss)
    hdma_uart4_tx                            0x20000568   Data          96  usart.o(.bss)
    hdma_usart1_tx                           0x200005c8   Data          96  usart.o(.bss)
    hdma_usart2_rx                           0x20000628   Data          96  usart.o(.bss)
    hdma_usart2_tx                           0x20000688   Data          96  usart.o(.bss)
    hdma_usart6_rx                           0x200006e8   Data          96  usart.o(.bss)
    hdma_usart6_tx                           0x20000748   Data          96  usart.o(.bss)
    htim6                                    0x200007a8   Data          64  stm32f4xx_hal_timebase_tim.o(.bss)
    s_fps                                    0x200044d8   Data          12  drv_can.o(.bss)
    s_color_data                             0x200044e4   Data          28  drv_coloursensor.o(.bss)
    Usart1buff                               0x20004500   Data         100  drv_uart.o(.bss)
    Usart2buff                               0x20004564   Data         100  drv_uart.o(.bss)
    Usart3buff                               0x200045c8   Data         100  drv_uart.o(.bss)
    Uart4buff                                0x2000462c   Data         100  drv_uart.o(.bss)
    Usart6buff                               0x20004690   Data         100  drv_uart.o(.bss)
    s_posture                                0x200046f4   Data          36  drv_locationsystem.o(.bss)
    Cmd1                                     0x20004730   Data          20  stmgood.o(.bss)
    Cmd2                                     0x20004744   Data          80  stmgood.o(.bss)
    Data                                     0x20004794   Data         100  stmgood.o(.bss)
    Str1                                     0x200047f8   Data         100  stmgood.o(.bss)
    xx                                       0x20004860   Data         800  stmgood.o(.bss)
    Devicestate                              0x20004b80   Data          13  detect.o(.bss)
    s_trans_motor                            0x20004c30   Data          40  chassis.o(.bss)
    s_leftmotor_pid                          0x20004c58   Data          64  chassis.o(.bss)
    s_rightmotor_pid                         0x20004c98   Data          64  chassis.o(.bss)
    s_trans_pos_pid                          0x20004cd8   Data          64  chassis.o(.bss)
    s_trans_spd_pid                          0x20004d18   Data          64  chassis.o(.bss)
    s_leftmotor                              0x20004d58   Data          40  chassis.o(.bss)
    s_rightmotor                             0x20004d80   Data          40  chassis.o(.bss)
    s_route                                  0x20004da8   Data        1200  route.o(.bss)
    s_angle_pid                              0x20005270   Data          64  route.o(.bss)
    s_send_data                              0x200052b0   Data          16  protocol.o(.bss)
    mpu_data                                 0x20005360   Data          38  drv_imu.o(.bss)
    sensor                                   0x20005388   Data          36  drv_imu.o(.bss)
    __initial_sp                             0x200057b0   Data           0  startup_stm32f427xx.o(STACK)



==============================================================================

Memory Map of the image

  Image Entry point : 0x080001ad

  Load Region LR_IROM1 (Base: 0x08000000, Size: 0x0000af74, Max: 0x00200000, ABSOLUTE, COMPRESSED[0x0000ad3c])

    Execution Region ER_IROM1 (Exec base: 0x08000000, Load base: 0x08000000, Size: 0x0000ad14, Max: 0x00200000, ABSOLUTE)

    Exec Addr    Load Addr    Size         Type   Attr      Idx    E Section Name        Object

    0x08000000   0x08000000   0x000001ac   Data   RO            3    RESET               startup_stm32f427xx.o
    0x080001ac   0x080001ac   0x00000000   Code   RO         7157  * .ARM.Collect$$$$00000000  mc_w.l(entry.o)
    0x080001ac   0x080001ac   0x00000004   Code   RO         7547    .ARM.Collect$$$$00000001  mc_w.l(entry2.o)
    0x080001b0   0x080001b0   0x00000004   Code   RO         7550    .ARM.Collect$$$$00000004  mc_w.l(entry5.o)
    0x080001b4   0x080001b4   0x00000000   Code   RO         7552    .ARM.Collect$$$$00000008  mc_w.l(entry7b.o)
    0x080001b4   0x080001b4   0x00000000   Code   RO         7554    .ARM.Collect$$$$0000000A  mc_w.l(entry8b.o)
    0x080001b4   0x080001b4   0x00000008   Code   RO         7555    .ARM.Collect$$$$0000000B  mc_w.l(entry9a.o)
    0x080001bc   0x080001bc   0x00000000   Code   RO         7557    .ARM.Collect$$$$0000000D  mc_w.l(entry10a.o)
    0x080001bc   0x080001bc   0x00000000   Code   RO         7559    .ARM.Collect$$$$0000000F  mc_w.l(entry11a.o)
    0x080001bc   0x080001bc   0x00000004   Code   RO         7548    .ARM.Collect$$$$00002712  mc_w.l(entry2.o)
    0x080001c0   0x080001c0   0x000000be   Code   RO         5088    .emb_text           port.o
    0x0800027e   0x0800027e   0x00000002   PAD
    0x08000280   0x08000280   0x00000024   Code   RO            4    .text               startup_stm32f427xx.o
    0x080002a4   0x080002a4   0x00000078   Code   RO         6795    .text               arm_cortexM4lf_math.lib(arm_cos_f32.o)
    0x0800031c   0x0800031c   0x00000094   Code   RO         6845    .text               arm_cortexM4lf_math.lib(arm_sin_f32.o)
    0x080003b0   0x080003b0   0x00000062   Code   RO         7160    .text               mc_w.l(uldiv.o)
    0x08000412   0x08000412   0x00000008   Code   RO         7164    .text               mc_w.l(siabs.o)
    0x0800041a   0x0800041a   0x00000024   Code   RO         7168    .text               mc_w.l(memcpya.o)
    0x0800043e   0x0800043e   0x00000024   Code   RO         7172    .text               mc_w.l(memseta.o)
    0x08000462   0x08000462   0x0000014e   Code   RO         7437    .text               mf_w.l(dadd.o)
    0x080005b0   0x080005b0   0x000000e4   Code   RO         7439    .text               mf_w.l(dmul.o)
    0x08000694   0x08000694   0x000000de   Code   RO         7441    .text               mf_w.l(ddiv.o)
    0x08000772   0x08000772   0x00000022   Code   RO         7447    .text               mf_w.l(dflti.o)
    0x08000794   0x08000794   0x00000028   Code   RO         7449    .text               mf_w.l(dfltl.o)
    0x080007bc   0x080007bc   0x0000003e   Code   RO         7451    .text               mf_w.l(dfixi.o)
    0x080007fa   0x080007fa   0x00000026   Code   RO         7453    .text               mf_w.l(f2d.o)
    0x08000820   0x08000820   0x00000038   Code   RO         7455    .text               mf_w.l(d2f.o)
    0x08000858   0x08000858   0x0000002c   Code   RO         7562    .text               mc_w.l(uidiv.o)
    0x08000884   0x08000884   0x0000001e   Code   RO         7564    .text               mc_w.l(llshl.o)
    0x080008a2   0x080008a2   0x00000020   Code   RO         7566    .text               mc_w.l(llushr.o)
    0x080008c2   0x080008c2   0x00000024   Code   RO         7568    .text               mc_w.l(llsshr.o)
    0x080008e6   0x080008e6   0x00000000   Code   RO         7577    .text               mc_w.l(iusefp.o)
    0x080008e6   0x080008e6   0x0000006e   Code   RO         7578    .text               mf_w.l(fepilogue.o)
    0x08000954   0x08000954   0x000000ba   Code   RO         7580    .text               mf_w.l(depilogue.o)
    0x08000a0e   0x08000a0e   0x000000a2   Code   RO         7582    .text               mf_w.l(dsqrt.o)
    0x08000ab0   0x08000ab0   0x00000030   Code   RO         7584    .text               mf_w.l(dfixul.o)
    0x08000ae0   0x08000ae0   0x00000030   Code   RO         7588    .text               mf_w.l(cdrcmple.o)
    0x08000b10   0x08000b10   0x00000024   Code   RO         7590    .text               mc_w.l(init.o)
    0x08000b34   0x08000b34   0x0000001a   Code   RO         7592    .text               mf_w.l(dfltui.o)
    0x08000b4e   0x08000b4e   0x00000056   Code   RO         7602    .text               mc_w.l(__dczerorl2.o)
    0x08000ba4   0x08000ba4   0x00000004   Code   RO         6442    i.AHRS_asinf        ahrs_middleware.o
    0x08000ba8   0x08000ba8   0x00000004   Code   RO         6443    i.AHRS_atan2f       ahrs_middleware.o
    0x08000bac   0x08000bac   0x00000004   Code   RO         6444    i.AHRS_cosf         ahrs_middleware.o
    0x08000bb0   0x08000bb0   0x0000001a   Code   RO         6866    i.AHRS_fabs         AHRS.lib(ahrs.o)
    0x08000bca   0x08000bca   0x00000002   PAD
    0x08000bcc   0x08000bcc   0x00000014   Code   RO         6445    i.AHRS_get_height   ahrs_middleware.o
    0x08000be0   0x08000be0   0x00000014   Code   RO         6446    i.AHRS_get_latitude  ahrs_middleware.o
    0x08000bf4   0x08000bf4   0x0000029c   Code   RO         6867    i.AHRS_init         AHRS.lib(ahrs.o)
    0x08000e90   0x08000e90   0x0000002c   Code   RO         6447    i.AHRS_invSqrt      ahrs_middleware.o
    0x08000ebc   0x08000ebc   0x00000004   Code   RO         6448    i.AHRS_sinf         ahrs_middleware.o
    0x08000ec0   0x08000ec0   0x0000013a   Code   RO         6868    i.AHRS_update       AHRS.lib(ahrs.o)
    0x08000ffa   0x08000ffa   0x0000001c   Code   RO         6347    i.Append_CRC8_Check_Sum  crc.o
    0x08001016   0x08001016   0x00000002   Code   RO          611    i.BusFault_Handler  stm32f4xx_it.o
    0x08001018   0x08001018   0x0000000c   Code   RO          612    i.CAN1_RX0_IRQHandler  stm32f4xx_it.o
    0x08001024   0x08001024   0x0000000c   Code   RO          613    i.CAN1_TX_IRQHandler  stm32f4xx_it.o
    0x08001030   0x08001030   0x0000000c   Code   RO          614    i.CAN2_RX0_IRQHandler  stm32f4xx_it.o
    0x0800103c   0x0800103c   0x0000000c   Code   RO          615    i.CAN2_TX_IRQHandler  stm32f4xx_it.o
    0x08001048   0x08001048   0x00000068   Code   RO         5168    i.CANFilter_Enable  drv_can.o
    0x080010b0   0x080010b0   0x0000001a   Code   RO         5169    i.CAN_Enable        drv_can.o
    0x080010ca   0x080010ca   0x0000004a   Code   RO         5170    i.Can_SendMsg       drv_can.o
    0x08001114   0x08001114   0x00000034   Code   RO         5425    i.CcltAngleSub      drv_locationsystem.o
    0x08001148   0x08001148   0x0000008c   Code   RO         5426    i.CcltTwoLineIntersection2  drv_locationsystem.o
    0x080011d4   0x080011d4   0x00000218   Code   RO         5565    i.Command           stmgood.o
    0x080013ec   0x080013ec   0x00000030   Code   RO         5566    i.CompStr           stmgood.o
    0x0800141c   0x0800141c   0x00000016   Code   RO         5567    i.CopyStr           stmgood.o
    0x08001432   0x08001432   0x00000002   PAD
    0x08001434   0x08001434   0x0000001c   Code   RO          616    i.DMA1_Stream2_IRQHandler  stm32f4xx_it.o
    0x08001450   0x08001450   0x0000000c   Code   RO          617    i.DMA1_Stream4_IRQHandler  stm32f4xx_it.o
    0x0800145c   0x0800145c   0x0000001c   Code   RO          618    i.DMA1_Stream5_IRQHandler  stm32f4xx_it.o
    0x08001478   0x08001478   0x0000000c   Code   RO          619    i.DMA1_Stream6_IRQHandler  stm32f4xx_it.o
    0x08001484   0x08001484   0x0000001c   Code   RO          620    i.DMA2_Stream1_IRQHandler  stm32f4xx_it.o
    0x080014a0   0x080014a0   0x0000000c   Code   RO          621    i.DMA2_Stream6_IRQHandler  stm32f4xx_it.o
    0x080014ac   0x080014ac   0x0000000c   Code   RO          622    i.DMA2_Stream7_IRQHandler  stm32f4xx_it.o
    0x080014b8   0x080014b8   0x00000028   Code   RO         3203    i.DMA_CalcBaseAndBitshift  stm32f4xx_hal_dma.o
    0x080014e0   0x080014e0   0x00000054   Code   RO         3204    i.DMA_CheckFifoParam  stm32f4xx_hal_dma.o
    0x08001534   0x08001534   0x00000028   Code   RO         3205    i.DMA_SetConfig     stm32f4xx_hal_dma.o
    0x0800155c   0x0800155c   0x00000088   Code   RO         5568    i.DealStr           stmgood.o
    0x080015e4   0x080015e4   0x00000090   Code   RO         5569    i.Dealdata          stmgood.o
    0x08001674   0x08001674   0x00000002   Code   RO          623    i.DebugMon_Handler  stm32f4xx_it.o
    0x08001676   0x08001676   0x00000002   Code   RO           13    i.Error_Handler     main.o
    0x08001678   0x08001678   0x00000018   Code   RO         5570    i.FirstSpace        stmgood.o
    0x08001690   0x08001690   0x0000001c   Code   RO         6349    i.Get_CRC8_Check_Sum  crc.o
    0x080016ac   0x080016ac   0x00000024   Code   RO          883    i.HAL_CAN_ActivateNotification  stm32f4xx_hal_can.o
    0x080016d0   0x080016d0   0x000000c8   Code   RO          884    i.HAL_CAN_AddTxMessage  stm32f4xx_hal_can.o
    0x08001798   0x08001798   0x0000010c   Code   RO          885    i.HAL_CAN_ConfigFilter  stm32f4xx_hal_can.o
    0x080018a4   0x080018a4   0x00000002   Code   RO          888    i.HAL_CAN_ErrorCallback  stm32f4xx_hal_can.o
    0x080018a6   0x080018a6   0x000000e8   Code   RO          891    i.HAL_CAN_GetRxMessage  stm32f4xx_hal_can.o
    0x0800198e   0x0800198e   0x000001fc   Code   RO          895    i.HAL_CAN_IRQHandler  stm32f4xx_hal_can.o
    0x08001b8a   0x08001b8a   0x0000011a   Code   RO          896    i.HAL_CAN_Init      stm32f4xx_hal_can.o
    0x08001ca4   0x08001ca4   0x0000011c   Code   RO          280    i.HAL_CAN_MspInit   can.o
    0x08001dc0   0x08001dc0   0x00000002   Code   RO          903    i.HAL_CAN_RxFifo0FullCallback  stm32f4xx_hal_can.o
    0x08001dc2   0x08001dc2   0x00000002   PAD
    0x08001dc4   0x08001dc4   0x000000d8   Code   RO         5171    i.HAL_CAN_RxFifo0MsgPendingCallback  drv_can.o
    0x08001e9c   0x08001e9c   0x00000002   Code   RO          905    i.HAL_CAN_RxFifo1FullCallback  stm32f4xx_hal_can.o
    0x08001e9e   0x08001e9e   0x00000002   Code   RO          906    i.HAL_CAN_RxFifo1MsgPendingCallback  stm32f4xx_hal_can.o
    0x08001ea0   0x08001ea0   0x00000002   Code   RO          907    i.HAL_CAN_SleepCallback  stm32f4xx_hal_can.o
    0x08001ea2   0x08001ea2   0x00000002   PAD
    0x08001ea4   0x08001ea4   0x00000058   Code   RO          908    i.HAL_CAN_Start     stm32f4xx_hal_can.o
    0x08001efc   0x08001efc   0x00000002   Code   RO          910    i.HAL_CAN_TxMailbox0AbortCallback  stm32f4xx_hal_can.o
    0x08001efe   0x08001efe   0x00000002   Code   RO          911    i.HAL_CAN_TxMailbox0CompleteCallback  stm32f4xx_hal_can.o
    0x08001f00   0x08001f00   0x00000002   Code   RO          912    i.HAL_CAN_TxMailbox1AbortCallback  stm32f4xx_hal_can.o
    0x08001f02   0x08001f02   0x00000002   Code   RO          913    i.HAL_CAN_TxMailbox1CompleteCallback  stm32f4xx_hal_can.o
    0x08001f04   0x08001f04   0x00000002   Code   RO          914    i.HAL_CAN_TxMailbox2AbortCallback  stm32f4xx_hal_can.o
    0x08001f06   0x08001f06   0x00000002   Code   RO          915    i.HAL_CAN_TxMailbox2CompleteCallback  stm32f4xx_hal_can.o
    0x08001f08   0x08001f08   0x00000002   Code   RO          917    i.HAL_CAN_WakeUpFromRxMsgCallback  stm32f4xx_hal_can.o
    0x08001f0a   0x08001f0a   0x0000008e   Code   RO         3206    i.HAL_DMA_Abort     stm32f4xx_hal_dma.o
    0x08001f98   0x08001f98   0x00000024   Code   RO         3207    i.HAL_DMA_Abort_IT  stm32f4xx_hal_dma.o
    0x08001fbc   0x08001fbc   0x000001a0   Code   RO         3211    i.HAL_DMA_IRQHandler  stm32f4xx_hal_dma.o
    0x0800215c   0x0800215c   0x000000d4   Code   RO         3212    i.HAL_DMA_Init      stm32f4xx_hal_dma.o
    0x08002230   0x08002230   0x00000046   Code   RO         3215    i.HAL_DMA_Start     stm32f4xx_hal_dma.o
    0x08002276   0x08002276   0x00000078   Code   RO         3216    i.HAL_DMA_Start_IT  stm32f4xx_hal_dma.o
    0x080022ee   0x080022ee   0x00000002   PAD
    0x080022f0   0x080022f0   0x000001cc   Code   RO         3099    i.HAL_GPIO_Init     stm32f4xx_hal_gpio.o
    0x080024bc   0x080024bc   0x0000000e   Code   RO         3102    i.HAL_GPIO_TogglePin  stm32f4xx_hal_gpio.o
    0x080024ca   0x080024ca   0x0000000a   Code   RO         3103    i.HAL_GPIO_WritePin  stm32f4xx_hal_gpio.o
    0x080024d4   0x080024d4   0x0000000c   Code   RO         3651    i.HAL_GetTick       stm32f4xx_hal.o
    0x080024e0   0x080024e0   0x00000010   Code   RO         3657    i.HAL_IncTick       stm32f4xx_hal.o
    0x080024f0   0x080024f0   0x00000034   Code   RO         3658    i.HAL_Init          stm32f4xx_hal.o
    0x08002524   0x08002524   0x00000078   Code   RO          843    i.HAL_InitTick      stm32f4xx_hal_timebase_tim.o
    0x0800259c   0x0800259c   0x00000038   Code   RO          819    i.HAL_MspInit       stm32f4xx_hal_msp.o
    0x080025d4   0x080025d4   0x0000001a   Code   RO         3506    i.HAL_NVIC_EnableIRQ  stm32f4xx_hal_cortex.o
    0x080025ee   0x080025ee   0x00000002   PAD
    0x080025f0   0x080025f0   0x00000040   Code   RO         3512    i.HAL_NVIC_SetPriority  stm32f4xx_hal_cortex.o
    0x08002630   0x08002630   0x00000024   Code   RO         3513    i.HAL_NVIC_SetPriorityGrouping  stm32f4xx_hal_cortex.o
    0x08002654   0x08002654   0x00000130   Code   RO         2693    i.HAL_RCC_ClockConfig  stm32f4xx_hal_rcc.o
    0x08002784   0x08002784   0x00000040   Code   RO         2697    i.HAL_RCC_GetClockConfig  stm32f4xx_hal_rcc.o
    0x080027c4   0x080027c4   0x00000020   Code   RO         2700    i.HAL_RCC_GetPCLK1Freq  stm32f4xx_hal_rcc.o
    0x080027e4   0x080027e4   0x00000020   Code   RO         2701    i.HAL_RCC_GetPCLK2Freq  stm32f4xx_hal_rcc.o
    0x08002804   0x08002804   0x00000064   Code   RO         2702    i.HAL_RCC_GetSysClockFreq  stm32f4xx_hal_rcc.o
    0x08002868   0x08002868   0x0000031c   Code   RO         2705    i.HAL_RCC_OscConfig  stm32f4xx_hal_rcc.o
    0x08002b84   0x08002b84   0x00000080   Code   RO         1127    i.HAL_SPI_Init      stm32f4xx_hal_spi.o
    0x08002c04   0x08002c04   0x0000006c   Code   RO          432    i.HAL_SPI_MspInit   spi.o
    0x08002c70   0x08002c70   0x000001e2   Code   RO         1136    i.HAL_SPI_TransmitReceive  stm32f4xx_hal_spi.o
    0x08002e52   0x08002e52   0x00000002   Code   RO         2115    i.HAL_TIMEx_BreakCallback  stm32f4xx_hal_tim_ex.o
    0x08002e54   0x08002e54   0x00000002   Code   RO         2116    i.HAL_TIMEx_CommutCallback  stm32f4xx_hal_tim_ex.o
    0x08002e56   0x08002e56   0x00000042   Code   RO         2133    i.HAL_TIMEx_MasterConfigSynchronization  stm32f4xx_hal_tim_ex.o
    0x08002e98   0x08002e98   0x00000036   Code   RO         1440    i.HAL_TIM_Base_Init  stm32f4xx_hal_tim.o
    0x08002ece   0x08002ece   0x00000002   Code   RO         1442    i.HAL_TIM_Base_MspInit  stm32f4xx_hal_tim.o
    0x08002ed0   0x08002ed0   0x00000022   Code   RO         1445    i.HAL_TIM_Base_Start_IT  stm32f4xx_hal_tim.o
    0x08002ef2   0x08002ef2   0x00000098   Code   RO         1458    i.HAL_TIM_Encoder_Init  stm32f4xx_hal_tim.o
    0x08002f8a   0x08002f8a   0x00000002   PAD
    0x08002f8c   0x08002f8c   0x000000fc   Code   RO          474    i.HAL_TIM_Encoder_MspInit  tim.o
    0x08003088   0x08003088   0x00000002   Code   RO         1469    i.HAL_TIM_IC_CaptureCallback  stm32f4xx_hal_tim.o
    0x0800308a   0x0800308a   0x00000166   Code   RO         1483    i.HAL_TIM_IRQHandler  stm32f4xx_hal_tim.o
    0x080031f0   0x080031f0   0x00000054   Code   RO          475    i.HAL_TIM_MspPostInit  tim.o
    0x08003244   0x08003244   0x00000002   Code   RO         1486    i.HAL_TIM_OC_DelayElapsedCallback  stm32f4xx_hal_tim.o
    0x08003246   0x08003246   0x000000d0   Code   RO         1507    i.HAL_TIM_PWM_ConfigChannel  stm32f4xx_hal_tim.o
    0x08003316   0x08003316   0x00000036   Code   RO         1510    i.HAL_TIM_PWM_Init  stm32f4xx_hal_tim.o
    0x0800334c   0x0800334c   0x0000003c   Code   RO          477    i.HAL_TIM_PWM_MspInit  tim.o
    0x08003388   0x08003388   0x00000002   Code   RO         1513    i.HAL_TIM_PWM_PulseFinishedCallback  stm32f4xx_hal_tim.o
    0x0800338a   0x0800338a   0x00000002   PAD
    0x0800338c   0x0800338c   0x00000044   Code   RO         1515    i.HAL_TIM_PWM_Start  stm32f4xx_hal_tim.o
    0x080033d0   0x080033d0   0x00000014   Code   RO           14    i.HAL_TIM_PeriodElapsedCallback  main.o
    0x080033e4   0x080033e4   0x00000002   Code   RO         1526    i.HAL_TIM_TriggerCallback  stm32f4xx_hal_tim.o
    0x080033e6   0x080033e6   0x00000058   Code   RO         2385    i.HAL_UART_DMAStop  stm32f4xx_hal_uart.o
    0x0800343e   0x0800343e   0x00000012   Code   RO         5351    i.HAL_UART_ErrorCallback  drv_uart.o
    0x08003450   0x08003450   0x00000110   Code   RO         2390    i.HAL_UART_IRQHandler  stm32f4xx_hal_uart.o
    0x08003560   0x08003560   0x00000062   Code   RO         2391    i.HAL_UART_Init     stm32f4xx_hal_uart.o
    0x080035c2   0x080035c2   0x00000002   PAD
    0x080035c4   0x080035c4   0x00000374   Code   RO          546    i.HAL_UART_MspInit  usart.o
    0x08003938   0x08003938   0x00000098   Code   RO         2395    i.HAL_UART_Receive_DMA  stm32f4xx_hal_uart.o
    0x080039d0   0x080039d0   0x00000052   Code   RO         2396    i.HAL_UART_Receive_IT  stm32f4xx_hal_uart.o
    0x08003a22   0x08003a22   0x00000002   PAD
    0x08003a24   0x08003a24   0x00000038   Code   RO         5352    i.HAL_UART_RxCpltCallback  drv_uart.o
    0x08003a5c   0x08003a5c   0x00000002   Code   RO         2398    i.HAL_UART_RxHalfCpltCallback  stm32f4xx_hal_uart.o
    0x08003a5e   0x08003a5e   0x000000ba   Code   RO         2399    i.HAL_UART_Transmit  stm32f4xx_hal_uart.o
    0x08003b18   0x08003b18   0x00000002   Code   RO         2402    i.HAL_UART_TxCpltCallback  stm32f4xx_hal_uart.o
    0x08003b1a   0x08003b1a   0x00000002   Code   RO          624    i.HardFault_Handler  stm32f4xx_it.o
    0x08003b1c   0x08003b1c   0x00000024   Code   RO         5952    i.JudgeDeviceState  detect.o
    0x08003b40   0x08003b40   0x000000e0   Code   RO         6584    i.LFP_Filter        dataexchange.o
    0x08003c20   0x08003c20   0x00000048   Code   RO          281    i.MX_CAN1_Init      can.o
    0x08003c68   0x08003c68   0x00000048   Code   RO          282    i.MX_CAN2_Init      can.o
    0x08003cb0   0x08003cb0   0x0000009c   Code   RO          328    i.MX_DMA_Init       dma.o
    0x08003d4c   0x08003d4c   0x000000ac   Code   RO          352    i.MX_FREERTOS_Init  freertos.o
    0x08003df8   0x08003df8   0x000000fc   Code   RO          255    i.MX_GPIO_Init      gpio.o
    0x08003ef4   0x08003ef4   0x00000044   Code   RO          433    i.MX_SPI5_Init      spi.o
    0x08003f38   0x08003f38   0x000000a4   Code   RO          478    i.MX_TIM4_Init      tim.o
    0x08003fdc   0x08003fdc   0x00000064   Code   RO          479    i.MX_TIM5_Init      tim.o
    0x08004040   0x08004040   0x00000068   Code   RO          480    i.MX_TIM8_Init      tim.o
    0x080040a8   0x080040a8   0x00000038   Code   RO          547    i.MX_UART4_Init     usart.o
    0x080040e0   0x080040e0   0x00000038   Code   RO          548    i.MX_USART1_UART_Init  usart.o
    0x08004118   0x08004118   0x00000038   Code   RO          549    i.MX_USART2_UART_Init  usart.o
    0x08004150   0x08004150   0x00000038   Code   RO          550    i.MX_USART3_UART_Init  usart.o
    0x08004188   0x08004188   0x00000038   Code   RO          551    i.MX_USART6_UART_Init  usart.o
    0x080041c0   0x080041c0   0x00000002   Code   RO          625    i.MemManage_Handler  stm32f4xx_it.o
    0x080041c2   0x080041c2   0x00000002   PAD
    0x080041c4   0x080041c4   0x000000a4   Code   RO         5427    i.MvByLine          drv_locationsystem.o
    0x08004268   0x08004268   0x00000002   Code   RO          626    i.NMI_Handler       stm32f4xx_it.o
    0x0800426a   0x0800426a   0x00000002   PAD
    0x0800426c   0x0800426c   0x00000018   Code   RO         5271    i.PWM_Init          drv_io.o
    0x08004284   0x08004284   0x00000020   Code   RO         1165    i.SPI_EndRxTxTransaction  stm32f4xx_hal_spi.o
    0x080042a4   0x080042a4   0x00000094   Code   RO         1170    i.SPI_WaitFlagStateUntilTimeout  stm32f4xx_hal_spi.o
    0x08004338   0x08004338   0x00000050   Code   RO         5571    i.SplitStr          stmgood.o
    0x08004388   0x08004388   0x00000008   Code   RO          353    i.StartDefaultTask  freertos.o
    0x08004390   0x08004390   0x0000027c   Code   RO         5485    i.StartTask02       usr_task.o
    0x0800460c   0x0800460c   0x0000017c   Code   RO         5486    i.StartTask03       usr_task.o
    0x08004788   0x08004788   0x0000004c   Code   RO         5487    i.StartTask04       usr_task.o
    0x080047d4   0x080047d4   0x00000018   Code   RO         5488    i.StartTask05       usr_task.o
    0x080047ec   0x080047ec   0x000001a8   Code   RO         5489    i.StartTask06       usr_task.o
    0x08004994   0x08004994   0x000000d8   Code   RO         5490    i.StartTask07       usr_task.o
    0x08004a6c   0x08004a6c   0x00000134   Code   RO         5572    i.StrToFloat        stmgood.o
    0x08004ba0   0x08004ba0   0x00000010   Code   RO         5574    i.Strlen            stmgood.o
    0x08004bb0   0x08004bb0   0x00000028   Code   RO         5575    i.SubStr            stmgood.o
    0x08004bd8   0x08004bd8   0x00000018   Code   RO          627    i.SysTick_Handler   stm32f4xx_it.o
    0x08004bf0   0x08004bf0   0x00000088   Code   RO           15    i.SystemClock_Config  main.o
    0x08004c78   0x08004c78   0x00000054   Code   RO         3904    i.SystemInit        system_stm32f4xx.o
    0x08004ccc   0x08004ccc   0x0000000c   Code   RO          628    i.TIM4_IRQHandler   stm32f4xx_it.o
    0x08004cd8   0x08004cd8   0x0000000c   Code   RO          629    i.TIM5_IRQHandler   stm32f4xx_it.o
    0x08004ce4   0x08004ce4   0x0000000c   Code   RO          630    i.TIM8_BRK_TIM12_IRQHandler  stm32f4xx_it.o
    0x08004cf0   0x08004cf0   0x0000000c   Code   RO          631    i.TIM8_CC_IRQHandler  stm32f4xx_it.o
    0x08004cfc   0x08004cfc   0x0000000c   Code   RO          632    i.TIM8_TRG_COM_TIM14_IRQHandler  stm32f4xx_it.o
    0x08004d08   0x08004d08   0x0000000c   Code   RO          633    i.TIM8_UP_TIM13_IRQHandler  stm32f4xx_it.o
    0x08004d14   0x08004d14   0x000000c8   Code   RO         1528    i.TIM_Base_SetConfig  stm32f4xx_hal_tim.o
    0x08004ddc   0x08004ddc   0x0000001a   Code   RO         1529    i.TIM_CCxChannelCmd  stm32f4xx_hal_tim.o
    0x08004df6   0x08004df6   0x00000002   PAD
    0x08004df8   0x08004df8   0x00000060   Code   RO         1541    i.TIM_OC1_SetConfig  stm32f4xx_hal_tim.o
    0x08004e58   0x08004e58   0x0000006c   Code   RO         1542    i.TIM_OC2_SetConfig  stm32f4xx_hal_tim.o
    0x08004ec4   0x08004ec4   0x00000068   Code   RO         1543    i.TIM_OC3_SetConfig  stm32f4xx_hal_tim.o
    0x08004f2c   0x08004f2c   0x00000050   Code   RO         1544    i.TIM_OC4_SetConfig  stm32f4xx_hal_tim.o
    0x08004f7c   0x08004f7c   0x00000014   Code   RO          634    i.UART4_IRQHandler  stm32f4xx_it.o
    0x08004f90   0x08004f90   0x00000010   Code   RO         2404    i.UART_DMAAbortOnError  stm32f4xx_hal_uart.o
    0x08004fa0   0x08004fa0   0x0000004a   Code   RO         2405    i.UART_DMAError     stm32f4xx_hal_uart.o
    0x08004fea   0x08004fea   0x0000003c   Code   RO         2406    i.UART_DMAReceiveCplt  stm32f4xx_hal_uart.o
    0x08005026   0x08005026   0x0000000a   Code   RO         2408    i.UART_DMARxHalfCplt  stm32f4xx_hal_uart.o
    0x08005030   0x08005030   0x0000001c   Code   RO         2414    i.UART_EndRxTransfer  stm32f4xx_hal_uart.o
    0x0800504c   0x0800504c   0x00000012   Code   RO         2415    i.UART_EndTxTransfer  stm32f4xx_hal_uart.o
    0x0800505e   0x0800505e   0x00000096   Code   RO         2416    i.UART_Receive_IT   stm32f4xx_hal_uart.o
    0x080050f4   0x080050f4   0x000002ac   Code   RO         2417    i.UART_SetConfig    stm32f4xx_hal_uart.o
    0x080053a0   0x080053a0   0x00000062   Code   RO         2418    i.UART_Transmit_IT  stm32f4xx_hal_uart.o
    0x08005402   0x08005402   0x00000064   Code   RO         2419    i.UART_WaitOnFlagUntilTimeout  stm32f4xx_hal_uart.o
    0x08005466   0x08005466   0x00000002   PAD
    0x08005468   0x08005468   0x0000000c   Code   RO          635    i.USART1_IRQHandler  stm32f4xx_it.o
    0x08005474   0x08005474   0x00000014   Code   RO          636    i.USART2_IRQHandler  stm32f4xx_it.o
    0x08005488   0x08005488   0x0000000c   Code   RO          637    i.USART3_IRQHandler  stm32f4xx_it.o
    0x08005494   0x08005494   0x00000014   Code   RO          638    i.USART6_IRQHandler  stm32f4xx_it.o
    0x080054a8   0x080054a8   0x00000042   Code   RO         5353    i.USART_DMA_Enable  drv_uart.o
    0x080054ea   0x080054ea   0x00000016   Code   RO         5354    i.USART_Enable      drv_uart.o
    0x08005500   0x08005500   0x0000002e   Code   RO         5355    i.USART_IDLE_IRQ    drv_uart.o
    0x0800552e   0x0800552e   0x00000002   PAD
    0x08005530   0x08005530   0x00000270   Code   RO         6585    i.UpdateIMU         dataexchange.o
    0x080057a0   0x080057a0   0x00000002   Code   RO          639    i.UsageFault_Handler  stm32f4xx_it.o
    0x080057a2   0x080057a2   0x00000008   Code   RO         6626    i.VAL_MAX           drv_imu.o
    0x080057aa   0x080057aa   0x00000008   Code   RO         6627    i.VAL_MIN           drv_imu.o
    0x080057b2   0x080057b2   0x00000026   Code   RO         6351    i.Verify_CRC8_Check_Sum  crc.o
    0x080057d8   0x080057d8   0x00000020   Code   RO         7409    i.__0printf         mc_w.l(printfa.o)
    0x080057f8   0x080057f8   0x00000030   Code   RO         7494    i.__ARM_fpclassify  m_wm.l(fpclassify.o)
    0x08005828   0x08005828   0x00000026   Code   RO         7496    i.__ARM_fpclassifyf  m_wm.l(fpclassifyf.o)
    0x0800584e   0x0800584e   0x00000020   Code   RO         3519    i.__NVIC_SetPriority  stm32f4xx_hal_cortex.o
    0x0800586e   0x0800586e   0x00000002   PAD
    0x08005870   0x08005870   0x0000012c   Code   RO         7061    i.__hardfp_asinf    m_wm.l(asinf.o)
    0x0800599c   0x0800599c   0x00000250   Code   RO         7085    i.__hardfp_atan2f   m_wm.l(atan2f.o)
    0x08005bec   0x08005bec   0x00000004   PAD
    0x08005bf0   0x08005bf0   0x000000c8   Code   RO         7097    i.__hardfp_cos      m_wm.l(cos.o)
    0x08005cb8   0x08005cb8   0x000000c8   Code   RO         7109    i.__hardfp_sin      m_wm.l(sin.o)
    0x08005d80   0x08005d80   0x0000007a   Code   RO         7145    i.__hardfp_sqrt     m_wm.l(sqrt_full.o)
    0x08005dfa   0x08005dfa   0x00000006   PAD
    0x08005e00   0x08005e00   0x00000080   Code   RO         7121    i.__hardfp_tan      m_wm.l(tan.o)
    0x08005e80   0x08005e80   0x00000438   Code   RO         7515    i.__ieee754_rem_pio2  m_wm.l(rred.o)
    0x080062b8   0x080062b8   0x00000170   Code   RO         7471    i.__kernel_cos      m_wm.l(cos_i.o)
    0x08006428   0x08006428   0x000000f8   Code   RO         7512    i.__kernel_poly     m_wm.l(poly.o)
    0x08006520   0x08006520   0x00000130   Code   RO         7523    i.__kernel_sin      m_wm.l(sin_i.o)
    0x08006650   0x08006650   0x00000350   Code   RO         7529    i.__kernel_tan      m_wm.l(tan_i.o)
    0x080069a0   0x080069a0   0x00000014   Code   RO         7475    i.__mathlib_dbl_infnan  m_wm.l(dunder.o)
    0x080069b4   0x080069b4   0x00000004   PAD
    0x080069b8   0x080069b8   0x00000020   Code   RO         7477    i.__mathlib_dbl_invalid  m_wm.l(dunder.o)
    0x080069d8   0x080069d8   0x00000020   Code   RO         7480    i.__mathlib_dbl_underflow  m_wm.l(dunder.o)
    0x080069f8   0x080069f8   0x00000006   Code   RO         7499    i.__mathlib_flt_infnan  m_wm.l(funder.o)
    0x080069fe   0x080069fe   0x00000006   Code   RO         7500    i.__mathlib_flt_infnan2  m_wm.l(funder.o)
    0x08006a04   0x08006a04   0x00000010   Code   RO         7501    i.__mathlib_flt_invalid  m_wm.l(funder.o)
    0x08006a14   0x08006a14   0x00000010   Code   RO         7504    i.__mathlib_flt_underflow  m_wm.l(funder.o)
    0x08006a24   0x08006a24   0x0000000e   Code   RO         7596    i.__scatterload_copy  mc_w.l(handlers.o)
    0x08006a32   0x08006a32   0x00000002   Code   RO         7597    i.__scatterload_null  mc_w.l(handlers.o)
    0x08006a34   0x08006a34   0x0000000e   Code   RO         7598    i.__scatterload_zeroinit  mc_w.l(handlers.o)
    0x08006a42   0x08006a42   0x00000002   PAD
    0x08006a44   0x08006a44   0x0000000c   Code   RO         7572    i.__set_errno       mc_w.l(errno.o)
    0x08006a50   0x08006a50   0x00000184   Code   RO         7416    i._fp_digits        mc_w.l(printfa.o)
    0x08006bd4   0x08006bd4   0x000006dc   Code   RO         7417    i._printf_core      mc_w.l(printfa.o)
    0x080072b0   0x080072b0   0x00000024   Code   RO         7418    i._printf_post_padding  mc_w.l(printfa.o)
    0x080072d4   0x080072d4   0x0000002e   Code   RO         7419    i._printf_pre_padding  mc_w.l(printfa.o)
    0x08007302   0x08007302   0x0000002a   Code   RO         6309    i.abs_limit         pid.o
    0x0800732c   0x0800732c   0x000001d0   Code   RO         6869    i.accel_comple_filter  AHRS.lib(ahrs.o)
    0x080074fc   0x080074fc   0x0000018c   Code   RO         6870    i.accel_update_kp_ki  AHRS.lib(ahrs.o)
    0x08007688   0x08007688   0x0000016c   Code   RO         6871    i.angle_to_quat     AHRS.lib(ahrs.o)
    0x080077f4   0x080077f4   0x0000029c   Code   RO         6198    i.calculate_motor_current  route.o
    0x08007a90   0x08007a90   0x000001a0   Code   RO         6128    i.calculate_trans_current  chassis.o
    0x08007c30   0x08007c30   0x000000c0   Code   RO         6129    i.chassis_para_init  chassis.o
    0x08007cf0   0x08007cf0   0x00000094   Code   RO         6200    i.choose_detination_by_circle  route.o
    0x08007d84   0x08007d84   0x000002cc   Code   RO         5582    i.cmd               stmgood.o
    0x08008050   0x08008050   0x00000034   Code   RO         6130    i.continue_motor_pos  chassis.o
    0x08008084   0x08008084   0x00000024   Code   RO         5229    i.deal_coloursensor_data  drv_coloursensor.o
    0x080080a8   0x080080a8   0x00000040   Code   RO         6131    i.deal_motor_jam    chassis.o
    0x080080e8   0x080080e8   0x00000048   Code   RO         6271    i.deal_receive_data  protocol.o
    0x08008130   0x08008130   0x000002c4   Code   RO         6201    i.design_point_of_helix_route  route.o
    0x080083f4   0x080083f4   0x00000084   Code   RO         5230    i.detect_the_color  drv_coloursensor.o
    0x08008478   0x08008478   0x00000018   Code   RO         7490    i.fabs              m_wm.l(fabs.o)
    0x08008490   0x08008490   0x00000018   Code   RO         5357    i.fputc             drv_uart.o
    0x080084a8   0x080084a8   0x000000e8   Code   RO         6872    i.get_angle         AHRS.lib(ahrs.o)
    0x08008590   0x08008590   0x00000128   Code   RO         6628    i.get_ist_mag_offset  drv_imu.o
    0x080086b8   0x080086b8   0x00000058   Code   RO         5430    i.get_loca_sys_data  drv_locationsystem.o
    0x08008710   0x08008710   0x00000074   Code   RO         6629    i.get_mpu_acc_offset  drv_imu.o
    0x08008784   0x08008784   0x00000074   Code   RO         6630    i.get_mpu_gyro_offset  drv_imu.o
    0x080087f8   0x080087f8   0x00000010   Code   RO         5584    i.go1               stmgood.o
    0x08008808   0x08008808   0x0000000a   Code   RO         6633    i.ist8310_get_data  drv_imu.o
    0x08008812   0x08008812   0x00000002   PAD
    0x08008814   0x08008814   0x00000114   Code   RO         6634    i.ist8310_init      drv_imu.o
    0x08008928   0x08008928   0x00000038   Code   RO         6635    i.ist_reg_read_by_mpu  drv_imu.o
    0x08008960   0x08008960   0x00000042   Code   RO         6636    i.ist_reg_write_by_mpu  drv_imu.o
    0x080089a2   0x080089a2   0x00000002   PAD
    0x080089a4   0x080089a4   0x000000dc   Code   RO           16    i.main              main.o
    0x08008a80   0x08008a80   0x0000000c   Code   RO         4660    i.makeFreeRtosPriority  cmsis_os.o
    0x08008a8c   0x08008a8c   0x000000bc   Code   RO         6637    i.mpu_device_init   drv_imu.o
    0x08008b48   0x08008b48   0x00000178   Code   RO         6638    i.mpu_get_data      drv_imu.o
    0x08008cc0   0x08008cc0   0x0000008e   Code   RO         6641    i.mpu_mst_i2c_auto_read_config  drv_imu.o
    0x08008d4e   0x08008d4e   0x00000002   PAD
    0x08008d50   0x08008d50   0x00000050   Code   RO         6642    i.mpu_read_reg      drv_imu.o
    0x08008da0   0x08008da0   0x00000060   Code   RO         6643    i.mpu_read_regs     drv_imu.o
    0x08008e00   0x08008e00   0x00000054   Code   RO         6644    i.mpu_write_reg     drv_imu.o
    0x08008e54   0x08008e54   0x00000068   Code   RO         5591    i.multi1            stmgood.o
    0x08008ebc   0x08008ebc   0x00000068   Code   RO         5592    i.multi2            stmgood.o
    0x08008f24   0x08008f24   0x00000064   Code   RO         5593    i.multi3            stmgood.o
    0x08008f88   0x08008f88   0x00000068   Code   RO         5594    i.multi4            stmgood.o
    0x08008ff0   0x08008ff0   0x0000000e   Code   RO         4662    i.osDelay           cmsis_os.o
    0x08008ffe   0x08008ffe   0x0000000a   Code   RO         4665    i.osKernelStart     cmsis_os.o
    0x08009008   0x08009008   0x0000002e   Code   RO         4699    i.osThreadCreate    cmsis_os.o
    0x08009036   0x08009036   0x00000002   PAD
    0x08009038   0x08009038   0x000000a0   Code   RO         6310    i.pid_calculate     pid.o
    0x080090d8   0x080090d8   0x0000000e   Code   RO         6311    i.pid_param_init    pid.o
    0x080090e6   0x080090e6   0x00000002   PAD
    0x080090e8   0x080090e8   0x00000020   Code   RO         6312    i.pid_reset         pid.o
    0x08009108   0x08009108   0x00000044   Code   RO         6313    i.pid_struct_init   pid.o
    0x0800914c   0x0800914c   0x00000070   Code   RO         4363    i.prvAddCurrentTaskToDelayedList  tasks.o
    0x080091bc   0x080091bc   0x000000d0   Code   RO         4364    i.prvAddNewTaskToReadyList  tasks.o
    0x0800928c   0x0800928c   0x00000014   Code   RO         4365    i.prvDeleteTCB      tasks.o
    0x080092a0   0x080092a0   0x0000004c   Code   RO         5027    i.prvHeapInit       heap_4.o
    0x080092ec   0x080092ec   0x00000060   Code   RO         4366    i.prvIdleTask       tasks.o
    0x0800934c   0x0800934c   0x0000008e   Code   RO         4367    i.prvInitialiseNewTask  tasks.o
    0x080093da   0x080093da   0x00000002   PAD
    0x080093dc   0x080093dc   0x0000004c   Code   RO         5028    i.prvInsertBlockIntoFreeList  heap_4.o
    0x08009428   0x08009428   0x00000020   Code   RO         4368    i.prvResetNextTaskUnblockTime  tasks.o
    0x08009448   0x08009448   0x00000028   Code   RO         5089    i.prvTaskExitError  port.o
    0x08009470   0x08009470   0x000000d8   Code   RO         5029    i.pvPortMalloc      heap_4.o
    0x08009548   0x08009548   0x0000002c   Code   RO         5090    i.pxPortInitialiseStack  port.o
    0x08009574   0x08009574   0x00000084   Code   RO         6877    i.quat_normalization  AHRS.lib(ahrs.o)
    0x080095f8   0x080095f8   0x00000038   Code   RO         6404    i.ramp_cal          ramp.o
    0x08009630   0x08009630   0x00000014   Code   RO         6405    i.ramp_init         ramp.o
    0x08009644   0x08009644   0x00000030   Code   RO         6203    i.route_init        route.o
    0x08009674   0x08009674   0x0000006c   Code   RO         6272    i.send_data_to_gimbal  protocol.o
    0x080096e0   0x080096e0   0x0000003e   Code   RO         7537    i.sqrtf             m_wm.l(sqrtf_full.o)
    0x0800971e   0x0800971e   0x00000002   PAD
    0x08009720   0x08009720   0x00000058   Code   RO         6132    i.transmit_a_ball   chassis.o
    0x08009778   0x08009778   0x00000050   Code   RO         6133    i.transmit_a_ball_by_step_a  chassis.o
    0x080097c8   0x080097c8   0x00000050   Code   RO         6134    i.transmit_a_ball_by_step_b  chassis.o
    0x08009818   0x08009818   0x000000f4   Code   RO         6204    i.update_point      route.o
    0x0800990c   0x0800990c   0x0000007a   Code   RO         6878    i.update_w          AHRS.lib(ahrs.o)
    0x08009986   0x08009986   0x00000026   Code   RO         4036    i.uxListRemove      list.o
    0x080099ac   0x080099ac   0x00000016   Code   RO         4037    i.vListInitialise   list.o
    0x080099c2   0x080099c2   0x00000006   Code   RO         4038    i.vListInitialiseItem  list.o
    0x080099c8   0x080099c8   0x00000030   Code   RO         4039    i.vListInsert       list.o
    0x080099f8   0x080099f8   0x00000018   Code   RO         4040    i.vListInsertEnd    list.o
    0x08009a10   0x08009a10   0x00000040   Code   RO         5092    i.vPortEnterCritical  port.o
    0x08009a50   0x08009a50   0x00000028   Code   RO         5093    i.vPortExitCritical  port.o
    0x08009a78   0x08009a78   0x0000005c   Code   RO         5030    i.vPortFree         heap_4.o
    0x08009ad4   0x08009ad4   0x00000024   Code   RO         5094    i.vPortSetupTimerInterrupt  port.o
    0x08009af8   0x08009af8   0x0000004c   Code   RO         4376    i.vTaskDelay        tasks.o
    0x08009b44   0x08009b44   0x00000068   Code   RO         4389    i.vTaskStartScheduler  tasks.o
    0x08009bac   0x08009bac   0x00000010   Code   RO         4391    i.vTaskSuspendAll   tasks.o
    0x08009bbc   0x08009bbc   0x0000005c   Code   RO         4392    i.vTaskSwitchContext  tasks.o
    0x08009c18   0x08009c18   0x000000f4   Code   RO         5096    i.xPortStartScheduler  port.o
    0x08009d0c   0x08009d0c   0x0000002c   Code   RO         5097    i.xPortSysTickHandler  port.o
    0x08009d38   0x08009d38   0x00000056   Code   RO         4394    i.xTaskCreate       tasks.o
    0x08009d8e   0x08009d8e   0x00000002   PAD
    0x08009d90   0x08009d90   0x0000001c   Code   RO         4398    i.xTaskGetSchedulerState  tasks.o
    0x08009dac   0x08009dac   0x000000c8   Code   RO         4401    i.xTaskIncrementTick  tasks.o
    0x08009e74   0x08009e74   0x000000c4   Code   RO         4407    i.xTaskResumeAll    tasks.o
    0x08009f38   0x08009f38   0x0000001c   Code   RO         6086    i.xdelay_ms         delay.o
    0x08009f54   0x08009f54   0x0000008c   Data   RO          360    .constdata          freertos.o
    0x08009fe0   0x08009fe0   0x00000008   Data   RO         3218    .constdata          stm32f4xx_hal_dma.o
    0x08009fe8   0x08009fe8   0x00000010   Data   RO         3905    .constdata          system_stm32f4xx.o
    0x08009ff8   0x08009ff8   0x00000008   Data   RO         3906    .constdata          system_stm32f4xx.o
    0x0800a000   0x0800a000   0x00000300   Data   RO         6353    .constdata          crc.o
    0x0800a300   0x0800a300   0x0000000e   Data   RO         6648    .constdata          drv_imu.o
    0x0800a30e   0x0800a30e   0x00000002   PAD
    0x0800a310   0x0800a310   0x0000000c   Data   RO         6879    .constdata          AHRS.lib(ahrs.o)
    0x0800a31c   0x0800a31c   0x00000804   Data   RO         7012    .constdata          arm_cortexM4lf_math.lib(arm_common_tables.o)
    0x0800ab20   0x0800ab20   0x00000030   Data   RO         7472    .constdata          m_wm.l(cos_i.o)
    0x0800ab50   0x0800ab50   0x000000c8   Data   RO         7517    .constdata          m_wm.l(rred.o)
    0x0800ac18   0x0800ac18   0x00000028   Data   RO         7524    .constdata          m_wm.l(sin_i.o)
    0x0800ac40   0x0800ac40   0x00000060   Data   RO         7530    .constdata          m_wm.l(tan_i.o)
    0x0800aca0   0x0800aca0   0x00000054   Data   RO          361    .conststring        freertos.o
    0x0800acf4   0x0800acf4   0x00000020   Data   RO         7594    Region$$Table       anon$$obj.o


    Execution Region RW_IRAM2 (Exec base: 0x10000000, Load base: 0x0800ad3c, Size: 0x00000000, Max: 0x00010000, ABSOLUTE)

    **** No section assigned to this execution region ****


    Execution Region RW_IRAM1 (Exec base: 0x20000000, Load base: 0x0800ad14, Size: 0x000057b0, Max: 0x00030000, ABSOLUTE, COMPRESSED[0x00000028])

    Exec Addr    Load Addr    Size         Type   Attr      Idx    E Section Name        Object

    0x20000000   COMPRESSED   0x00000004   Data   RW          284    .data               can.o
    0x20000004   COMPRESSED   0x0000001c   Data   RW          362    .data               freertos.o
    0x20000020   COMPRESSED   0x0000000c   Data   RW         3665    .data               stm32f4xx_hal.o
    0x2000002c   COMPRESSED   0x00000004   Data   RW         3907    .data               system_stm32f4xx.o
    0x20000030   COMPRESSED   0x0000003c   Data   RW         4410    .data               tasks.o
    0x2000006c   COMPRESSED   0x00000018   Data   RW         5035    .data               heap_4.o
    0x20000084   COMPRESSED   0x0000000c   Data   RW         5098    .data               port.o
    0x20000090   COMPRESSED   0x00000010   Data   RW         5173    .data               drv_can.o
    0x200000a0   COMPRESSED   0x00000008   Data   RW         5232    .data               drv_coloursensor.o
    0x200000a8   COMPRESSED   0x00000034   Data   RW         5491    .data               usr_task.o
    0x200000dc   COMPRESSED   0x00000004   PAD
    0x200000e0   COMPRESSED   0x00000088   Data   RW         5630    .data               stmgood.o
    0x20000168   COMPRESSED   0x0000001c   Data   RW         6138    .data               chassis.o
    0x20000184   COMPRESSED   0x00000058   Data   RW         6208    .data               route.o
    0x200001dc   COMPRESSED   0x00000004   PAD
    0x200001e0   COMPRESSED   0x00000010   Data   RW         6274    .data               protocol.o
    0x200001f0   COMPRESSED   0x00000004   Data   RW         6275    .data               protocol.o
    0x200001f4   COMPRESSED   0x00000040   Data   RW         6588    .data               dataexchange.o
    0x20000234   COMPRESSED   0x00000012   Data   RW         6649    .data               drv_imu.o
    0x20000246   COMPRESSED   0x00000002   PAD
    0x20000248   COMPRESSED   0x00000010   Data   RW         6880    .data               AHRS.lib(ahrs.o)
    0x20000258   COMPRESSED   0x00000004   Data   RW         7561    .data               mc_w.l(stdout.o)
    0x2000025c   COMPRESSED   0x00000004   Data   RW         7573    .data               mc_w.l(errno.o)
    0x20000260        -       0x00000050   Zero   RW          283    .bss                can.o
    0x200002b0        -       0x00000058   Zero   RW          434    .bss                spi.o
    0x20000308        -       0x000000c0   Zero   RW          481    .bss                tim.o
    0x200003c8        -       0x000003e0   Zero   RW          552    .bss                usart.o
    0x200007a8        -       0x00000040   Zero   RW          846    .bss                stm32f4xx_hal_timebase_tim.o
    0x200007e8        -       0x000000f0   Zero   RW         4409    .bss                tasks.o
    0x200008d8        -       0x00003c00   Zero   RW         5034    .bss                heap_4.o
    0x200044d8        -       0x0000000c   Zero   RW         5172    .bss                drv_can.o
    0x200044e4        -       0x0000001c   Zero   RW         5231    .bss                drv_coloursensor.o
    0x20004500        -       0x00000064   Zero   RW         5358    .bss                drv_uart.o
    0x20004564        -       0x00000064   Zero   RW         5359    .bss                drv_uart.o
    0x200045c8        -       0x00000064   Zero   RW         5360    .bss                drv_uart.o
    0x2000462c        -       0x00000064   Zero   RW         5361    .bss                drv_uart.o
    0x20004690        -       0x00000064   Zero   RW         5362    .bss                drv_uart.o
    0x200046f4        -       0x0000003c   Zero   RW         5431    .bss                drv_locationsystem.o
    0x20004730        -       0x00000450   Zero   RW         5629    .bss                stmgood.o
    0x20004b80        -       0x000000ac   Zero   RW         5953    .bss                detect.o
    0x20004c2c   COMPRESSED   0x00000004   PAD
    0x20004c30        -       0x00000128   Zero   RW         6135    .bss                chassis.o
    0x20004d58        -       0x00000028   Zero   RW         6136    .bss                chassis.o
    0x20004d80        -       0x00000028   Zero   RW         6137    .bss                chassis.o
    0x20004da8        -       0x000004b0   Zero   RW         6205    .bss                route.o
    0x20005258        -       0x00000058   Zero   RW         6206    .bss                route.o
    0x200052b0        -       0x00000024   Zero   RW         6273    .bss                protocol.o
    0x200052d4        -       0x00000070   Zero   RW         6586    .bss                dataexchange.o
    0x20005344        -       0x00000042   Zero   RW         6645    .bss                drv_imu.o
    0x20005386   COMPRESSED   0x00000002   PAD
    0x20005388        -       0x00000024   Zero   RW         6646    .bss                drv_imu.o
    0x200053ac   COMPRESSED   0x00000004   PAD
    0x200053b0        -       0x00000400   Zero   RW            1    STACK               startup_stm32f427xx.o


==============================================================================

Image component sizes


      Code (inc. data)   RO Data    RW Data    ZI Data      Debug   Object Name

       100         16          0          0          0       5424   ahrs_middleware.o
       428         44          0          4         80       2726   can.o
       972        158          0         28        376       7031   chassis.o
        82          0          0          0          0      13137   cmsis_os.o
        94          4        768          0          0       3210   crc.o
       848         64          0         64        112       3150   dataexchange.o
        28          6          0          0          0        676   delay.o
        36          4          0          0        172       2168   detect.o
       156          4          0          0          0        950   dma.o
       420         54          0         16         12       5819   drv_can.o
       168         10          0          8         28       2747   drv_coloursensor.o
      1918        142         14         18        102      12303   drv_imu.o
        24          4          0          0          0        935   drv_io.o
       444         44          0          0         60       5374   drv_locationsystem.o
       232         18          0          0        500       4954   drv_uart.o
         0          0          0          0          0       9672   event_groups.o
       180         10        224         28          0       2432   freertos.o
       252         16          0          0          0       1211   gpio.o
       460         24          0         24      15360       7711   heap_4.o
       138          0          0          0          0       3882   list.o
       378         82          0          0          0     782584   main.o
       316         18          0          0          0       4094   pid.o
       702         72          0         12          0      11704   port.o
       180         12          0         20         36       2969   protocol.o
        76         12          0          0          0       2043   ramp.o
      1816        118          0         88       1288       8357   route.o
       176         22          0          0         88       1873   spi.o
        36          8        428          0       1024        892   startup_stm32f427xx.o
        80         14          0         12          0       3526   stm32f4xx_hal.o
      1638          6          0          0          0      15379   stm32f4xx_hal_can.o
       158         14          0          0          0      33458   stm32f4xx_hal_cortex.o
      1160         16          8          0          0       8774   stm32f4xx_hal_dma.o
       484         52          0          0          0       3281   stm32f4xx_hal_gpio.o
        56          4          0          0          0        950   stm32f4xx_hal_msp.o
      1328         90          0          0          0       6193   stm32f4xx_hal_rcc.o
       790          0          0          0          0       4917   stm32f4xx_hal_spi.o
      1552         90          0          0          0      15130   stm32f4xx_hal_tim.o
        70          0          0          0          0       2657   stm32f4xx_hal_tim_ex.o
       120         18          0          0         64       1563   stm32f4xx_hal_timebase_tim.o
      2120         28          0          0          0      14838   stm32f4xx_hal_uart.o
       372        156          0          0          0      15994   stm32f4xx_it.o
      2498        478          0        136       1104      14246   stmgood.o
        84         18         24          4          0       1327   system_stm32f4xx.o
      1408        116          0         60        240      16491   tasks.o
       764         70          0          0        192       4855   tim.o
      1164        102          0          0        992       5559   usart.o
      1756        390          0         52          0       5422   usr_task.o

    ----------------------------------------------------------------------
     28308       2628       1500        584      21840    1084588   Object Totals
         0          0         32          0          0          0   (incl. Generated)
        46          0          2         10         10          0   (incl. Padding)

    ----------------------------------------------------------------------

      Code (inc. data)   RO Data    RW Data    ZI Data      Debug   Library Member Name

      2718         84         12         16          0       9922   ahrs.o
         0          0       2052          0          0       4704   arm_common_tables.o
       120         12          0          0          0      17170   arm_cos_f32.o
       148         18          0          0          0        814   arm_sin_f32.o
       300         42          0          0          0        176   asinf.o
       592         90          0          0          0        184   atan2f.o
       200         20          0          0          0        164   cos.o
       368         46         48          0          0        200   cos_i.o
        84         16          0          0          0        372   dunder.o
        24          0          0          0          0        124   fabs.o
        48          0          0          0          0        124   fpclassify.o
        38          0          0          0          0        116   fpclassifyf.o
        44         12          0          0          0        464   funder.o
       248          0          0          0          0        152   poly.o
      1080        142        200          0          0        188   rred.o
       200         20          0          0          0        164   sin.o
       304         24         40          0          0        208   sin_i.o
       122          0          0          0          0        148   sqrt_full.o
        62          0          0          0          0        136   sqrtf_full.o
       128         20          0          0          0        144   tan.o
       848         84         96          0          0        196   tan_i.o
        86          0          0          0          0          0   __dczerorl2.o
         0          0          0          0          0          0   entry.o
         0          0          0          0          0          0   entry10a.o
         0          0          0          0          0          0   entry11a.o
         8          4          0          0          0          0   entry2.o
         4          0          0          0          0          0   entry5.o
         0          0          0          0          0          0   entry7b.o
         0          0          0          0          0          0   entry8b.o
         8          4          0          0          0          0   entry9a.o
        12          6          0          4          0         68   errno.o
        30          0          0          0          0          0   handlers.o
        36          8          0          0          0         68   init.o
         0          0          0          0          0          0   iusefp.o
        30          0          0          0          0         68   llshl.o
        36          0          0          0          0         68   llsshr.o
        32          0          0          0          0         68   llushr.o
        36          0          0          0          0         68   memcpya.o
        36          0          0          0          0        108   memseta.o
      2258         90          0          0          0        452   printfa.o
         8          0          0          0          0         68   siabs.o
         0          0          0          4          0          0   stdout.o
        44          0          0          0          0         80   uidiv.o
        98          0          0          0          0         92   uldiv.o
        48          0          0          0          0         68   cdrcmple.o
        56          0          0          0          0         88   d2f.o
       334          0          0          0          0        148   dadd.o
       222          0          0          0          0        100   ddiv.o
       186          0          0          0          0        176   depilogue.o
        62          0          0          0          0         80   dfixi.o
        48          0          0          0          0         68   dfixul.o
        34          0          0          0          0         76   dflti.o
        40          0          0          0          0         80   dfltl.o
        26          0          0          0          0         76   dfltui.o
       228          0          0          0          0         96   dmul.o
       162          0          0          0          0        100   dsqrt.o
        38          0          0          0          0         68   f2d.o
       110          0          0          0          0        168   fepilogue.o

    ----------------------------------------------------------------------
     12052        746       2448         24          0      38470   Library Totals
        20          4          0          0          0          0   (incl. Padding)

    ----------------------------------------------------------------------

      Code (inc. data)   RO Data    RW Data    ZI Data      Debug   Library Name

      2718         84         12         16          0       9922   AHRS.lib
       268         30       2052          0          0      22688   arm_cortexM4lf_math.lib
      4690        516        384          0          0       3260   m_wm.l
      2762        112          0          8          0       1208   mc_w.l
      1594          0          0          0          0       1392   mf_w.l

    ----------------------------------------------------------------------
     12052        746       2448         24          0      38470   Library Totals

    ----------------------------------------------------------------------

==============================================================================


      Code (inc. data)   RO Data    RW Data    ZI Data      Debug   

     40360       3374       3948        608      21840    1093442   Grand Totals
     40360       3374       3948         40      21840    1093442   ELF Image Totals (compressed)
     40360       3374       3948         40          0          0   ROM Totals

==============================================================================

    Total RO  Size (Code + RO Data)                44308 (  43.27kB)
    Total RW  Size (RW Data + ZI Data)             22448 (  21.92kB)
    Total ROM Size (Code + RO Data + RW Data)      44348 (  43.31kB)

==============================================================================

