Component: ARM Compiler 5.06 update 3 (build 300) Tool: armlink [4d35c9]

==============================================================================

Section Cross References

    startup_stm32f427xx.o(RESET) refers to startup_stm32f427xx.o(STACK) for __initial_sp
    startup_stm32f427xx.o(RESET) refers to startup_stm32f427xx.o(.text) for Reset_Handler
    startup_stm32f427xx.o(RESET) refers to stm32f4xx_it.o(i.NMI_Handler) for NMI_Handler
    startup_stm32f427xx.o(RESET) refers to stm32f4xx_it.o(i.HardFault_Handler) for HardFault_Handler
    startup_stm32f427xx.o(RESET) refers to stm32f4xx_it.o(i.MemManage_Handler) for MemManage_Handler
    startup_stm32f427xx.o(RESET) refers to stm32f4xx_it.o(i.BusFault_Handler) for BusFault_Handler
    startup_stm32f427xx.o(RESET) refers to stm32f4xx_it.o(i.UsageFault_Handler) for UsageFault_Handler
    startup_stm32f427xx.o(RESET) refers to port.o(.emb_text) for SVC_Handler
    startup_stm32f427xx.o(RESET) refers to stm32f4xx_it.o(i.DebugMon_Handler) for DebugMon_Handler
    startup_stm32f427xx.o(RESET) refers to stm32f4xx_it.o(i.SysTick_Handler) for SysTick_Handler
    startup_stm32f427xx.o(RESET) refers to stm32f4xx_it.o(i.DMA1_Stream5_IRQHandler) for DMA1_Stream5_IRQHandler
    startup_stm32f427xx.o(RESET) refers to stm32f4xx_it.o(i.DMA1_Stream6_IRQHandler) for DMA1_Stream6_IRQHandler
    startup_stm32f427xx.o(RESET) refers to stm32f4xx_it.o(i.CAN1_TX_IRQHandler) for CAN1_TX_IRQHandler
    startup_stm32f427xx.o(RESET) refers to stm32f4xx_it.o(i.CAN1_RX0_IRQHandler) for CAN1_RX0_IRQHandler
    startup_stm32f427xx.o(RESET) refers to stm32f4xx_it.o(i.TIM4_IRQHandler) for TIM4_IRQHandler
    startup_stm32f427xx.o(RESET) refers to stm32f4xx_it.o(i.USART1_IRQHandler) for USART1_IRQHandler
    startup_stm32f427xx.o(RESET) refers to stm32f4xx_it.o(i.USART2_IRQHandler) for USART2_IRQHandler
    startup_stm32f427xx.o(RESET) refers to stm32f4xx_it.o(i.USART3_IRQHandler) for USART3_IRQHandler
    startup_stm32f427xx.o(RESET) refers to stm32f4xx_it.o(i.TIM8_BRK_TIM12_IRQHandler) for TIM8_BRK_TIM12_IRQHandler
    startup_stm32f427xx.o(RESET) refers to stm32f4xx_it.o(i.TIM8_UP_TIM13_IRQHandler) for TIM8_UP_TIM13_IRQHandler
    startup_stm32f427xx.o(RESET) refers to stm32f4xx_it.o(i.TIM8_TRG_COM_TIM14_IRQHandler) for TIM8_TRG_COM_TIM14_IRQHandler
    startup_stm32f427xx.o(RESET) refers to stm32f4xx_it.o(i.TIM8_CC_IRQHandler) for TIM8_CC_IRQHandler
    startup_stm32f427xx.o(RESET) refers to stm32f4xx_it.o(i.TIM5_IRQHandler) for TIM5_IRQHandler
    startup_stm32f427xx.o(RESET) refers to stm32f4xx_it.o(i.CAN2_TX_IRQHandler) for CAN2_TX_IRQHandler
    startup_stm32f427xx.o(RESET) refers to stm32f4xx_it.o(i.CAN2_RX0_IRQHandler) for CAN2_RX0_IRQHandler
    startup_stm32f427xx.o(RESET) refers to stm32f4xx_it.o(i.DMA2_Stream7_IRQHandler) for DMA2_Stream7_IRQHandler
    startup_stm32f427xx.o(RESET) refers to stm32f4xx_it.o(i.USART6_IRQHandler) for USART6_IRQHandler
    startup_stm32f427xx.o(.text) refers to system_stm32f4xx.o(i.SystemInit) for SystemInit
    startup_stm32f427xx.o(.text) refers to entry.o(.ARM.Collect$$$$00000000) for __main
    main.o(i.HAL_TIM_PeriodElapsedCallback) refers to stm32f4xx_hal.o(i.HAL_IncTick) for HAL_IncTick
    main.o(i.SystemClock_Config) refers to memseta.o(.text) for __aeabi_memclr4
    main.o(i.SystemClock_Config) refers to stm32f4xx_hal_rcc.o(i.HAL_RCC_OscConfig) for HAL_RCC_OscConfig
    main.o(i.SystemClock_Config) refers to stm32f4xx_hal_rcc.o(i.HAL_RCC_ClockConfig) for HAL_RCC_ClockConfig
    main.o(i.main) refers to stm32f4xx_hal.o(i.HAL_Init) for HAL_Init
    main.o(i.main) refers to main.o(i.SystemClock_Config) for SystemClock_Config
    main.o(i.main) refers to gpio.o(i.MX_GPIO_Init) for MX_GPIO_Init
    main.o(i.main) refers to dma.o(i.MX_DMA_Init) for MX_DMA_Init
    main.o(i.main) refers to can.o(i.MX_CAN1_Init) for MX_CAN1_Init
    main.o(i.main) refers to can.o(i.MX_CAN2_Init) for MX_CAN2_Init
    main.o(i.main) refers to tim.o(i.MX_TIM4_Init) for MX_TIM4_Init
    main.o(i.main) refers to tim.o(i.MX_TIM5_Init) for MX_TIM5_Init
    main.o(i.main) refers to tim.o(i.MX_TIM8_Init) for MX_TIM8_Init
    main.o(i.main) refers to usart.o(i.MX_USART2_UART_Init) for MX_USART2_UART_Init
    main.o(i.main) refers to usart.o(i.MX_USART3_UART_Init) for MX_USART3_UART_Init
    main.o(i.main) refers to usart.o(i.MX_USART6_UART_Init) for MX_USART6_UART_Init
    main.o(i.main) refers to usart.o(i.MX_USART1_UART_Init) for MX_USART1_UART_Init
    main.o(i.main) refers to drv_uart.o(i.USART_Enable) for USART_Enable
    main.o(i.main) refers to drv_uart.o(i.USART_DMA_Enable) for USART_DMA_Enable
    main.o(i.main) refers to drv_can.o(i.CAN_Enable) for CAN_Enable
    main.o(i.main) refers to freertos.o(i.MX_FREERTOS_Init) for MX_FREERTOS_Init
    main.o(i.main) refers to cmsis_os.o(i.osKernelStart) for osKernelStart
    main.o(i.main) refers to drv_uart.o(.bss) for Usart1buff
    main.o(i.main) refers to usart.o(.bss) for huart1
[...]
    i.StartTask03                            0x080033bc   Section        0  usr_task.o(i.StartTask03)
    i.StartTask04                            0x080033e8   Section        0  freertos.o(i.StartTask04)
    i.StartTask05                            0x080033f0   Section        0  freertos.o(i.StartTask05)
    i.StartTask06                            0x080033f8   Section        0  freertos.o(i.StartTask06)
    i.StartTask07                            0x08003400   Section        0  freertos.o(i.StartTask07)
    i.StrToFloat                             0x08003408   Section        0  stmgood.o(i.StrToFloat)
    i.Strlen                                 0x0800353c   Section        0  stmgood.o(i.Strlen)
    i.SubStr                                 0x0800354c   Section        0  stmgood.o(i.SubStr)
    i.SysTick_Handler                        0x08003574   Section        0  stm32f4xx_it.o(i.SysTick_Handler)
    i.SystemClock_Config                     0x08003584   Section        0  main.o(i.SystemClock_Config)
    i.SystemInit                             0x08003608   Section        0  system_stm32f4xx.o(i.SystemInit)
    i.TIM4_IRQHandler                        0x0800365c   Section        0  stm32f4xx_it.o(i.TIM4_IRQHandler)
    i.TIM5_IRQHandler                        0x08003668   Section        0  stm32f4xx_it.o(i.TIM5_IRQHandler)
    i.TIM8_BRK_TIM12_IRQHandler              0x08003674   Section        0  stm32f4xx_it.o(i.TIM8_BRK_TIM12_IRQHandler)
    i.TIM8_CC_IRQHandler                     0x08003680   Section        0  stm32f4xx_it.o(i.TIM8_CC_IRQHandler)
    i.TIM8_TRG_COM_TIM14_IRQHandler          0x0800368c   Section        0  stm32f4xx_it.o(i.TIM8_TRG_COM_TIM14_IRQHandler)
    i.TIM8_UP_TIM13_IRQHandler               0x08003698   Section        0  stm32f4xx_it.o(i.TIM8_UP_TIM13_IRQHandler)
    i.TIM_Base_SetConfig                     0x080036a4   Section        0  stm32f4xx_hal_tim.o(i.TIM_Base_SetConfig)
    i.TIM_OC1_SetConfig                      0x0800376c   Section        0  stm32f4xx_hal_tim.o(i.TIM_OC1_SetConfig)
    TIM_OC1_SetConfig                        0x0800376d   Thumb Code    88  stm32f4xx_hal_tim.o(i.TIM_OC1_SetConfig)
    i.TIM_OC2_SetConfig                      0x080037cc   Section        0  stm32f4xx_hal_tim.o(i.TIM_OC2_SetConfig)
    i.TIM_OC3_SetConfig                      0x08003838   Section        0  stm32f4xx_hal_tim.o(i.TIM_OC3_SetConfig)
    TIM_OC3_SetConfig                        0x08003839   Thumb Code    96  stm32f4xx_hal_tim.o(i.TIM_OC3_SetConfig)
    i.TIM_OC4_SetConfig                      0x080038a0   Section        0  stm32f4xx_hal_tim.o(i.TIM_OC4_SetConfig)
    TIM_OC4_SetConfig                        0x080038a1   Thumb Code    70  stm32f4xx_hal_tim.o(i.TIM_OC4_SetConfig)
    i.UART_DMAAbortOnError                   0x080038f0   Section        0  stm32f4xx_hal_uart.o(i.UART_DMAAbortOnError)
    UART_DMAAbortOnError                     0x080038f1   Thumb Code    16  stm32f4xx_hal_uart.o(i.UART_DMAAbortOnError)
    i.UART_DMAError                          0x08003900   Section        0  stm32f4xx_hal_uart.o(i.UART_DMAError)
    UART_DMAError                            0x08003901   Thumb Code    74  stm32f4xx_hal_uart.o(i.UART_DMAError)
    i.UART_DMAReceiveCplt                    0x0800394a   Section        0  stm32f4xx_hal_uart.o(i.UART_DMAReceiveCplt)
    UART_DMAReceiveCplt                      0x0800394b   Thumb Code    60  stm32f4xx_hal_uart.o(i.UART_DMAReceiveCplt)
    i.UART_DMARxHalfCplt                     0x08003986   Section        0  stm32f4xx_hal_uart.o(i.UART_DMARxHalfCplt)
    UART_DMARxHalfCplt                       0x08003987   Thumb Code    10  stm32f4xx_hal_uart.o(i.UART_DMARxHalfCplt)
    i.UART_EndRxTransfer                     0x08003990   Section        0  stm32f4xx_hal_uart.o(i.UART_EndRxTransfer)
    UART_EndRxTransfer                       0x08003991   Thumb Code    28  stm32f4xx_hal_uart.o(i.UART_EndRxTransfer)
    i.UART_EndTxTransfer                     0x080039ac   Section        0  stm32f4xx_hal_uart.o(i.UART_EndTxTransfer)
    UART_EndTxTransfer                       0x080039ad   Thumb Code    18  stm32f4xx_hal_uart.o(i.UART_EndTxTransfer)
    i.UART_Receive_IT                        0x080039be   Section        0  stm32f4xx_hal_uart.o(i.UART_Receive_IT)
    UART_Receive_IT                          0x080039bf   Thumb Code   150  stm32f4xx_hal_uart.o(i.UART_Receive_IT)
    i.UART_SetConfig                         0x08003a54   Section        0  stm32f4xx_hal_uart.o(i.UART_SetConfig)
    UART_SetConfig                           0x08003a55   Thumb Code   676  stm32f4xx_hal_uart.o(i.UART_SetConfig)
    i.UART_Transmit_IT                       0x08003d00   Section        0  stm32f4xx_hal_uart.o(i.UART_Transmit_IT)
    UART_Transmit_IT                         0x08003d01   Thumb Code    98  stm32f4xx_hal_uart.o(i.UART_Transmit_IT)
    i.USART1_IRQHandler                      0x08003d64   Section        0  stm32f4xx_it.o(i.USART1_IRQHandler)
    i.USART2_IRQHandler                      0x08003d70   Section        0  stm32f4xx_it.o(i.USART2_IRQHandler)
    i.USART3_IRQHandler                      0x08003d84   Section        0  stm32f4xx_it.o(i.USART3_IRQHandler)
    i.USART6_IRQHandler                      0x08003d90   Section        0  stm32f4xx_it.o(i.USART6_IRQHandler)
    i.USART_DMA_Enable                       0x08003d9c   Section        0  drv_uart.o(i.USART_DMA_Enable)
    i.USART_Enable                           0x08003dde   Section        0  drv_uart.o(i.USART_Enable)
    i.USART_IDLE_IRQ                         0x08003df4   Section        0  drv_uart.o(i.USART_IDLE_IRQ)
    i.USART_Send_Char                        0x08003e22   Section        0  drv_uart.o(i.USART_Send_Char)
    i.UsageFault_Handler                     0x08003e2e   Section        0  stm32f4xx_it.o(i.UsageFault_Handler)
    i.__0printf                              0x08003e30   Section        0  printfa.o(i.__0printf)
    i.__NVIC_SetPriority                     0x08003e50   Section        0  stm32f4xx_hal_cortex.o(i.__NVIC_SetPriority)
    __NVIC_SetPriority                       0x08003e51   Thumb Code    32  stm32f4xx_hal_cortex.o(i.__NVIC_SetPriority)
    i.__scatterload_copy                     0x08003e70   Section       14  handlers.o(i.__scatterload_copy)
    i.__scatterload_null                     0x08003e7e   Section        2  handlers.o(i.__scatterload_null)
    i.__scatterload_zeroinit                 0x08003e80   Section       14  handlers.o(i.__scatterload_zeroinit)
    i._fp_digits                             0x08003e90   Section        0  printfa.o(i._fp_digits)
    _fp_digits                               0x08003e91   Thumb Code   366  printfa.o(i._fp_digits)
    i._printf_core                           0x08004014   Section        0  printfa.o(i._printf_core)
    _printf_core                             0x08004015   Thumb Code  1744  printfa.o(i._printf_core)
    i._printf_post_padding                   0x080046f0   Section        0  printfa.o(i._printf_post_padding)
    _printf_post_padding                     0x080046f1   Thumb Code    36  printfa.o(i._printf_post_padding)
    i._printf_pre_padding                    0x08004714   Section        0  printfa.o(i._printf_pre_padding)
    _printf_pre_padding                      0x08004715   Thumb Code    46  printfa.o(i._printf_pre_padding)
    i.cmd                                    0x08004744   Section        0  stmgood.o(i.cmd)
    i.deal_coloursensor_data                 0x08004a10   Section        0  drv_coloursensor.o(i.deal_coloursensor_data)
    i.fputc                                  0x08004a34   Section        0  drv_uart.o(i.fputc)
    i.go1                                    0x08004a4c   Section        0  stmgood.o(i.go1)
    i.main                                   0x08004a5c   Section        0  main.o(i.main)
    i.makeFreeRtosPriority                   0x08004af8   Section        0  cmsis_os.o(i.makeFreeRtosPriority)
    makeFreeRtosPriority                     0x08004af9   Thumb Code    12  cmsis_os.o(i.makeFreeRtosPriority)
    i.multi1                                 0x08004b04   Section        0  stmgood.o(i.multi1)
    i.multi2                                 0x08004b6c   Section        0  stmgood.o(i.multi2)
    i.multi3                                 0x08004bd4   Section        0  stmgood.o(i.multi3)
    i.multi4                                 0x08004c38   Section        0  stmgood.o(i.multi4)
    i.osDelay                                0x08004ca0   Section        0  cmsis_os.o(i.osDelay)
    i.osKernelStart                          0x08004cae   Section        0  cmsis_os.o(i.osKernelStart)
    i.osSystickHandler                       0x08004cb8   Section        0  cmsis_os.o(i.osSystickHandler)
    i.osThreadCreate                         0x08004ccc   Section        0  cmsis_os.o(i.osThreadCreate)
    i.prvAddCurrentTaskToDelayedList         0x08004cfc   Section        0  tasks.o(i.prvAddCurrentTaskToDelayedList)
    prvAddCurrentTaskToDelayedList           0x08004cfd   Thumb Code   102  tasks.o(i.prvAddCurrentTaskToDelayedList)
    i.prvAddNewTaskToReadyList               0x08004d6c   Section        0  tasks.o(i.prvAddNewTaskToReadyList)
    prvAddNewTaskToReadyList                 0x08004d6d   Thumb Code   194  tasks.o(i.prvAddNewTaskToReadyList)
    i.prvDeleteTCB                           0x08004e3c   Section        0  tasks.o(i.prvDeleteTCB)
    prvDeleteTCB                             0x08004e3d   Thumb Code    20  tasks.o(i.prvDeleteTCB)
    i.prvHeapInit                            0x08004e50   Section        0  heap_4.o(i.prvHeapInit)
    prvHeapInit                              0x08004e51   Thumb Code    66  heap_4.o(i.prvHeapInit)
    i.prvIdleTask                            0x08004e9c   Section        0  tasks.o(i.prvIdleTask)
    prvIdleTask                              0x08004e9d   Thumb Code    82  tasks.o(i.prvIdleTask)
    i.prvInitialiseNewTask                   0x08004efc   Section        0  tasks.o(i.prvInitialiseNewTask)
    prvInitialiseNewTask                     0x08004efd   Thumb Code   142  tasks.o(i.prvInitialiseNewTask)
    i.prvInsertBlockIntoFreeList             0x08004f8c   Section        0  heap_4.o(i.prvInsertBlockIntoFreeList)
    prvInsertBlockIntoFreeList               0x08004f8d   Thumb Code    72  heap_4.o(i.prvInsertBlockIntoFreeList)
    i.prvResetNextTaskUnblockTime            0x08004fd8   Section        0  tasks.o(i.prvResetNextTaskUnblockTime)
    prvResetNextTaskUnblockTime              0x08004fd9   Thumb Code    26  tasks.o(i.prvResetNextTaskUnblockTime)
    i.prvTaskExitError                       0x08004ff8   Section        0  port.o(i.prvTaskExitError)
    prvTaskExitError                         0x08004ff9   Thumb Code    36  port.o(i.prvTaskExitError)
    i.pvPortMalloc                           0x08005020   Section        0  heap_4.o(i.pvPortMalloc)
    i.pxPortInitialiseStack                  0x080050f8   Section        0  port.o(i.pxPortInitialiseStack)
    i.uxListRemove                           0x08005124   Section        0  list.o(i.uxListRemove)
    i.vListInitialise                        0x0800514a   Section        0  list.o(i.vListInitialise)
    i.vListInitialiseItem                    0x08005160   Section        0  list.o(i.vListInitialiseItem)
    i.vListInsert                            0x08005166   Section        0  list.o(i.vListInsert)
    i.vListInsertEnd                         0x08005196   Section        0  list.o(i.vListInsertEnd)
    i.vPortEnterCritical                     0x080051b0   Section        0  port.o(i.vPortEnterCritical)
    i.vPortExitCritical                      0x080051f0   Section        0  port.o(i.vPortExitCritical)
    i.vPortFree                              0x08005218   Section        0  heap_4.o(i.vPortFree)
    i.vPortSetupTimerInterrupt               0x08005274   Section        0  port.o(i.vPortSetupTimerInterrupt)
    i.vTaskDelay                             0x08005298   Section        0  tasks.o(i.vTaskDelay)
    i.vTaskStartScheduler                    0x080052e4   Section        0  tasks.o(i.vTaskStartScheduler)
    i.vTaskSuspendAll                        0x0800534c   Section        0  tasks.o(i.vTaskSuspendAll)
    i.vTaskSwitchContext                     0x0800535c   Section        0  tasks.o(i.vTaskSwitchContext)
    i.xPortStartScheduler                    0x080053b8   Section        0  port.o(i.xPortStartScheduler)
    i.xPortSysTickHandler                    0x080054ac   Section        0  port.o(i.xPortSysTickHandler)
    i.xTaskCreate                            0x080054d8   Section        0  tasks.o(i.xTaskCreate)
    i.xTaskGetSchedulerState                 0x08005530   Section        0  tasks.o(i.xTaskGetSchedulerState)
    i.xTaskIncrementTick                     0x0800554c   Section        0  tasks.o(i.xTaskIncrementTick)
    i.xTaskResumeAll                         0x08005614   Section        0  tasks.o(i.xTaskResumeAll)
    .constdata                               0x080056d8   Section      140  freertos.o(.constdata)
    .constdata                               0x08005764   Section        8  stm32f4xx_hal_dma.o(.constdata)
    flagBitshiftOffset                       0x08005764   Data           8  stm32f4xx_hal_dma.o(.constdata)
    .constdata                               0x0800576c   Section       16  system_stm32f4xx.o(.constdata)
    .constdata                               0x0800577c   Section        8  system_stm32f4xx.o(.constdata)
    .conststring                             0x08005784   Section       84  freertos.o(.conststring)
    .data                                    0x20000000   Section        4  can.o(.data)
    HAL_RCC_CAN1_CLK_ENABLED                 0x20000000   Data           4  can.o(.data)
    .data                                    0x20000004   Section       28  freertos.o(.data)
    .data                                    0x20000020   Section       12  stm32f4xx_hal.o(.data)
    .data                                    0x2000002c   Section        4  system_stm32f4xx.o(.data)
    .data                                    0x20000030   Section       60  tasks.o(.data)
    pxDelayedTaskList                        0x20000034   Data           4  tasks.o(.data)
    pxOverflowDelayedTaskList                0x20000038   Data           4  tasks.o(.data)
    uxDeletedTasksWaitingCleanUp             0x2000003c   Data           4  tasks.o(.data)
    uxCurrentNumberOfTasks                   0x20000040   Data           4  tasks.o(.data)
    xTickCount                               0x20000044   Data           4  tasks.o(.data)
    uxTopReadyPriority                       0x20000048   Data           4  tasks.o(.data)
    xSchedulerRunning                        0x2000004c   Data           4  tasks.o(.data)
    uxPendedTicks                            0x20000050   Data           4  tasks.o(.data)
    xYieldPending                            0x20000054   Data           4  tasks.o(.data)
    xNumOfOverflows                          0x20000058   Data           4  tasks.o(.data)
    uxTaskNumber                             0x2000005c   Data           4  tasks.o(.data)
    xNextTaskUnblockTime                     0x20000060   Data           4  tasks.o(.data)
    xIdleTaskHandle                          0x20000064   Data           4  tasks.o(.data)
    uxSchedulerSuspended                     0x20000068   Data           4  tasks.o(.data)
    .data                                    0x2000006c   Section       24  heap_4.o(.data)
    pxEnd                                    0x2000006c   Data           4  heap_4.o(.data)
    xFreeBytesRemaining                      0x20000070   Data           4  heap_4.o(.data)
    xMinimumEverFreeBytesRemaining           0x20000074   Data           4  heap_4.o(.data)
    xBlockAllocatedBit                       0x20000078   Data           4  heap_4.o(.data)
    xStart                                   0x2000007c   Data           8  heap_4.o(.data)
    .data                                    0x20000084   Section       12  port.o(.data)
    ucMaxSysCallPriority                     0x20000084   Data           1  port.o(.data)
    uxCriticalNesting                        0x20000088   Data           4  port.o(.data)
    ulMaxPRIGROUPValue                       0x2000008c   Data           4  port.o(.data)
    .data                                    0x20000090   Section        1  drv_robotservo.o(.data)
    i                                        0x20000090   Data           1  drv_robotservo.o(.data)
    .data                                    0x20000094   Section        4  usr_task.o(.data)
    angle                                    0x20000094   Data           4  usr_task.o(.data)
    .data                                    0x20000098   Section      136  stmgood.o(.data)
    .data                                    0x20000120   Section        4  stdout.o(.data)
    .bss                                     0x20000124   Section       80  can.o(.bss)
    .bss                                     0x20000174   Section      192  tim.o(.bss)
    .bss                                     0x20000234   Section      544  usart.o(.bss)
    .bss                                     0x20000454   Section       64  stm32f4xx_hal_timebase_tim.o(.bss)
    .bss                                     0x20000494   Section      240  tasks.o(.bss)
    pxReadyTasksLists                        0x20000494   Data         140  tasks.o(.bss)
    xDelayedTaskList1                        0x20000520   Data          20  tasks.o(.bss)
    xDelayedTaskList2                        0x20000534   Data          20  tasks.o(.bss)
    xPendingReadyList                        0x20000548   Data          20  tasks.o(.bss)
    xTasksWaitingTermination                 0x2000055c   Data          20  tasks.o(.bss)
    xSuspendedTaskList                       0x20000570   Data          20  tasks.o(.bss)
    .bss                                     0x20000584   Section    15360  heap_4.o(.bss)
    ucHeap                                   0x20000584   Data       15360  heap_4.o(.bss)
    .bss                                     0x20004184   Section       20  drv_coloursensor.o(.bss)
    .bss                                     0x20004198   Section      100  drv_uart.o(.bss)
    .bss                                     0x200041fc   Section      100  drv_uart.o(.bss)
    .bss                                     0x20004260   Section      100  drv_uart.o(.bss)
    .bss                                     0x200042c4   Section      100  drv_uart.o(.bss)
    .bss                                     0x20004328   Section     1104  stmgood.o(.bss)
    STACK                                    0x20004778   Section     1024  startup_stm32f427xx.o(STACK)

    Global Symbols

    Symbol Name                              Value     Ov Type        Size  Object(Section)

    BuildAttributes$$THM_ISAv4$E$P$D$K$B$S$7EM$VFPi3$EXTD16$VFPS$VFMA$PE$A:L22UL41UL21$X:L11$S22US41US21$IEEE1$IW$USESV6$~STKCKD$USESV7$~SHL$OTIME$ROPI$IEEEJ$EBA8$MICROLIB$REQ8$PRES8$EABIv2 0x00000000   Number         0  anon$$obj.o ABSOLUTE
    __ARM_use_no_argv                        0x00000000   Number         0  main.o ABSOLUTE
    _printf_a                                0x00000000   Number         0  stubs.o ABSOLUTE
    _printf_c                                0x00000000   Number         0  stubs.o ABSOLUTE
    _printf_charcount                        0x00000000   Number         0  stubs.o ABSOLUTE
    _printf_d                                0x00000000   Number         0  stubs.o ABSOLUTE
    _printf_e                                0x00000000   Number         0  stubs.o ABSOLUTE
    _printf_f                                0x00000000   Number         0  stubs.o ABSOLUTE
    _printf_flags                            0x00000000   Number         0  stubs.o ABSOLUTE
    _printf_fp_dec                           0x00000000   Number         0  stubs.o ABSOLUTE
    _printf_fp_hex                           0x00000000   Number         0  stubs.o ABSOLUTE
    _printf_g                                0x00000000   Number         0  stubs.o ABSOLUTE
    _printf_i                                0x00000000   Number         0  stubs.o ABSOLUTE
    _printf_int_dec                          0x00000000   Number         0  stubs.o ABSOLUTE
    _printf_l                                0x00000000   Number         0  stubs.o ABSOLUTE
    _printf_lc                               0x00000000   Number         0  stubs.o ABSOLUTE
    _printf_ll                               0x00000000   Number         0  stubs.o ABSOLUTE
    _printf_lld                              0x00000000   Number         0  stubs.o ABSOLUTE
    _printf_lli                              0x00000000   Number         0  stubs.o ABSOLUTE
    _printf_llo                              0x00000000   Number         0  stubs.o ABSOLUTE
    _printf_llu                              0x00000000   Number         0  stubs.o ABSOLUTE
    _printf_llx                              0x00000000   Number         0  stubs.o ABSOLUTE
    _printf_longlong_dec                     0x00000000   Number         0  stubs.o ABSOLUTE
    _printf_longlong_hex                     0x00000000   Number         0  stubs.o ABSOLUTE
    _printf_longlong_oct                     0x00000000   Number         0  stubs.o ABSOLUTE
    _printf_ls                               0x00000000   Number         0  stubs.o ABSOLUTE
    _printf_mbtowc                           0x00000000   Number         0  stubs.o ABSOLUTE
    _printf_n                                0x00000000   Number         0  stubs.o ABSOLUTE
    _printf_o                                0x00000000   Number         0  stubs.o ABSOLUTE
    _printf_p                                0x00000000   Number         0  stubs.o ABSOLUTE
    _printf_percent                          0x00000000   Number         0  stubs.o ABSOLUTE
    _printf_pre_padding                      0x00000000   Number         0  stubs.o ABSOLUTE
    _printf_return_value                     0x00000000   Number         0  stubs.o ABSOLUTE
    _printf_s                                0x00000000   Number         0  stubs.o ABSOLUTE
    _printf_sizespec                         0x00000000   Number         0  stubs.o ABSOLUTE
    _printf_str                              0x00000000   Number         0  stubs.o ABSOLUTE
    _printf_truncate_signed                  0x00000000   Number         0  stubs.o ABSOLUTE
    _printf_truncate_unsigned                0x00000000   Number         0  stubs.o ABSOLUTE
    _printf_u                                0x00000000   Number         0  stubs.o ABSOLUTE
    _printf_wc                               0x00000000   Number         0  stubs.o ABSOLUTE
    _printf_wctomb                           0x00000000   Number         0  stubs.o ABSOLUTE
    _printf_widthprec                        0x00000000   Number         0  stubs.o ABSOLUTE
    _printf_x                                0x00000000   Number         0  stubs.o ABSOLUTE
    __cpp_initialize__aeabi_                  - Undefined Weak Reference
    __cxa_finalize                            - Undefined Weak Reference
    __decompress                              - Undefined Weak Reference
    _clock_init                               - Undefined Weak Reference
    _microlib_exit                            - Undefined Weak Reference
    __Vectors_Size                           0x000001ac   Number         0  startup_stm32f427xx.o ABSOLUTE
    __Vectors                                0x08000000   Data           4  startup_stm32f427xx.o(RESET)
    __Vectors_End                            0x080001ac   Data           0  startup_stm32f427xx.o(RESET)
    __main                                   0x080001ad   Thumb Code     0  entry.o(.ARM.Collect$$$$00000000)
    _main_stk                                0x080001ad   Thumb Code     0  entry2.o(.ARM.Collect$$$$00000001)
    _main_scatterload                        0x080001b1   Thumb Code     0  entry5.o(.ARM.Collect$$$$00000004)
    __main_after_scatterload                 0x080001b5   Thumb Code     0  entry5.o(.ARM.Collect$$$$00000004)
    _main_clock                              0x080001b5   Thumb Code     0  entry7b.o(.ARM.Collect$$$$00000008)
    _main_cpp_init                           0x080001b5   Thumb Code     0  entry8b.o(.ARM.Collect$$$$0000000A)
    _main_init                               0x080001b5   Thumb Code     0  entry9a.o(.ARM.Collect$$$$0000000B)
    __rt_final_cpp                           0x080001bd   Thumb Code     0  entry10a.o(.ARM.Collect$$$$0000000D)
    __rt_final_exit                          0x080001bd   Thumb Code     0  entry11a.o(.ARM.Collect$$$$0000000F)
    SVC_Handler                              0x080001c1   Thumb Code    28  port.o(.emb_text)
    __asm___6_port_c_39a90d8d__prvStartFirstTask 0x080001e1   Thumb Code    36  port.o(.emb_text)
    __asm___6_port_c_39a90d8d__prvEnableVFP  0x08000209   Thumb Code    16  port.o(.emb_text)
    PendSV_Handler                           0x0800021d   Thumb Code    88  port.o(.emb_text)
    vPortGetIPSR                             0x08000279   Thumb Code     6  port.o(.emb_text)
    Reset_Handler                            0x08000281   Thumb Code     8  startup_stm32f427xx.o(.text)
    ADC_IRQHandler                           0x0800029b   Thumb Code     0  startup_stm32f427xx.o(.text)
    CAN1_RX1_IRQHandler                      0x0800029b   Thumb Code     0  startup_stm32f427xx.o(.text)
    CAN1_SCE_IRQHandler                      0x0800029b   Thumb Code     0  startup_stm32f427xx.o(.text)
    CAN2_RX1_IRQHandler                      0x0800029b   Thumb Code     0  startup_stm32f427xx.o(.text)
    CAN2_SCE_IRQHandler                      0x0800029b   Thumb Code     0  startup_stm32f427xx.o(.text)
    DCMI_IRQHandler                          0x0800029b   Thumb Code     0  startup_stm32f427xx.o(.text)
    DMA1_Stream0_IRQHandler                  0x0800029b   Thumb Code     0  startup_stm32f427xx.o(.text)
    DMA1_Stream1_IRQHandler                  0x0800029b   Thumb Code     0  startup_stm32f427xx.o(.text)
    DMA1_Stream2_IRQHandler                  0x0800029b   Thumb Code     0  startup_stm32f427xx.o(.text)
    DMA1_Stream3_IRQHandler                  0x0800029b   Thumb Code     0  startup_stm32f427xx.o(.text)
    DMA1_Stream4_IRQHandler                  0x0800029b   Thumb Code     0  startup_stm32f427xx.o(.text)
    DMA1_Stream7_IRQHandler                  0x0800029b   Thumb Code     0  startup_stm32f427xx.o(.text)
    DMA2D_IRQHandler                         0x0800029b   Thumb Code     0  startup_stm32f427xx.o(.text)
    DMA2_Stream0_IRQHandler                  0x0800029b   Thumb Code     0  startup_stm32f427xx.o(.text)
    DMA2_Stream1_IRQHandler                  0x0800029b   Thumb Code     0  startup_stm32f427xx.o(.text)
    DMA2_Stream2_IRQHandler                  0x0800029b   Thumb Code     0  startup_stm32f427xx.o(.text)
    DMA2_Stream3_IRQHandler                  0x0800029b   Thumb Code     0  startup_stm32f427xx.o(.text)
    DMA2_Stream4_IRQHandler                  0x0800029b   Thumb Code     0  startup_stm32f427xx.o(.text)
    DMA2_Stream5_IRQHandler                  0x0800029b   Thumb Code     0  startup_stm32f427xx.o(.text)
    DMA2_Stream6_IRQHandler                  0x0800029b   Thumb Code     0  startup_stm32f427xx.o(.text)
    ETH_IRQHandler                           0x0800029b   Thumb Code     0  startup_stm32f427xx.o(.text)
    ETH_WKUP_IRQHandler                      0x0800029b   Thumb Code     0  startup_stm32f427xx.o(.text)
    EXTI0_IRQHandler                         0x0800029b   Thumb Code     0  startup_stm32f427xx.o(.text)
    EXTI15_10_IRQHandler                     0x0800029b   Thumb Code     0  startup_stm32f427xx.o(.text)
    EXTI1_IRQHandler                         0x0800029b   Thumb Code     0  startup_stm32f427xx.o(.text)
    EXTI2_IRQHandler                         0x0800029b   Thumb Code     0  startup_stm32f427xx.o(.text)
    EXTI3_IRQHandler                         0x0800029b   Thumb Code     0  startup_stm32f427xx.o(.text)
    EXTI4_IRQHandler                         0x0800029b   Thumb Code     0  startup_stm32f427xx.o(.text)
    EXTI9_5_IRQHandler                       0x0800029b   Thumb Code     0  startup_stm32f427xx.o(.text)
    FLASH_IRQHandler                         0x0800029b   Thumb Code     0  startup_stm32f427xx.o(.text)
    FMC_IRQHandler                           0x0800029b   Thumb Code     0  startup_stm32f427xx.o(.text)
    FPU_IRQHandler                           0x0800029b   Thumb Code     0  startup_stm32f427xx.o(.text)
    HASH_RNG_IRQHandler                      0x0800029b   Thumb Code     0  startup_stm32f427xx.o(.text)
    I2C1_ER_IRQHandler                       0x0800029b   Thumb Code     0  startup_stm32f427xx.o(.text)
    I2C1_EV_IRQHandler                       0x0800029b   Thumb Code     0  startup_stm32f427xx.o(.text)
    I2C2_ER_IRQHandler                       0x0800029b   Thumb Code     0  startup_stm32f427xx.o(.text)
    I2C2_EV_IRQHandler                       0x0800029b   Thumb Code     0  startup_stm32f427xx.o(.text)
    I2C3_ER_IRQHandler                       0x0800029b   Thumb Code     0  startup_stm32f427xx.o(.text)
    I2C3_EV_IRQHandler                       0x0800029b   Thumb Code     0  startup_stm32f427xx.o(.text)
    OTG_FS_IRQHandler                        0x0800029b   Thumb Code     0  startup_stm32f427xx.o(.text)
    OTG_FS_WKUP_IRQHandler                   0x0800029b   Thumb Code     0  startup_stm32f427xx.o(.text)
    OTG_HS_EP1_IN_IRQHandler                 0x0800029b   Thumb Code     0  startup_stm32f427xx.o(.text)
    OTG_HS_EP1_OUT_IRQHandler                0x0800029b   Thumb Code     0  startup_stm32f427xx.o(.text)
    OTG_HS_IRQHandler                        0x0800029b   Thumb Code     0  startup_stm32f427xx.o(.text)
    OTG_HS_WKUP_IRQHandler                   0x0800029b   Thumb Code     0  startup_stm32f427xx.o(.text)
    PVD_IRQHandler                           0x0800029b   Thumb Code     0  startup_stm32f427xx.o(.text)
    RCC_IRQHandler                           0x0800029b   Thumb Code     0  startup_stm32f427xx.o(.text)
    RTC_Alarm_IRQHandler                     0x0800029b   Thumb Code     0  startup_stm32f427xx.o(.text)
    RTC_WKUP_IRQHandler                      0x0800029b   Thumb Code     0  startup_stm32f427xx.o(.text)
    SAI1_IRQHandler                          0x0800029b   Thumb Code     0  startup_stm32f427xx.o(.text)
    SDIO_IRQHandler                          0x0800029b   Thumb Code     0  startup_stm32f427xx.o(.text)
    SPI1_IRQHandler                          0x0800029b   Thumb Code     0  startup_stm32f427xx.o(.text)
    SPI2_IRQHandler                          0x0800029b   Thumb Code     0  startup_stm32f427xx.o(.text)
    SPI3_IRQHandler                          0x0800029b   Thumb Code     0  startup_stm32f427xx.o(.text)
    SPI4_IRQHandler                          0x0800029b   Thumb Code     0  startup_stm32f427xx.o(.text)
    SPI5_IRQHandler                          0x0800029b   Thumb Code     0  startup_stm32f427xx.o(.text)
    SPI6_IRQHandler                          0x0800029b   Thumb Code     0  startup_stm32f427xx.o(.text)
    TAMP_STAMP_IRQHandler                    0x0800029b   Thumb Code     0  startup_stm32f427xx.o(.text)
    TIM1_BRK_TIM9_IRQHandler                 0x0800029b   Thumb Code     0  startup_stm32f427xx.o(.text)
    TIM1_CC_IRQHandler                       0x0800029b   Thumb Code     0  startup_stm32f427xx.o(.text)
    TIM1_TRG_COM_TIM11_IRQHandler            0x0800029b   Thumb Code     0  startup_stm32f427xx.o(.text)
    TIM1_UP_TIM10_IRQHandler                 0x0800029b   Thumb Code     0  startup_stm32f427xx.o(.text)
    TIM2_IRQHandler                          0x0800029b   Thumb Code     0  startup_stm32f427xx.o(.text)
    TIM3_IRQHandler                          0x0800029b   Thumb Code     0  startup_stm32f427xx.o(.text)
    TIM6_DAC_IRQHandler                      0x0800029b   Thumb Code     0  startup_stm32f427xx.o(.text)
    TIM7_IRQHandler                          0x0800029b   Thumb Code     0  startup_stm32f427xx.o(.text)
    UART4_IRQHandler                         0x0800029b   Thumb Code     0  startup_stm32f427xx.o(.text)
    UART5_IRQHandler                         0x0800029b   Thumb Code     0  startup_stm32f427xx.o(.text)
    UART7_IRQHandler                         0x0800029b   Thumb Code     0  startup_stm32f427xx.o(.text)
    UART8_IRQHandler                         0x0800029b   Thumb Code     0  startup_stm32f427xx.o(.text)
    WWDG_IRQHandler                          0x0800029b   Thumb Code     0  startup_stm32f427xx.o(.text)
    __aeabi_uldivmod                         0x080002a5   Thumb Code    98  uldiv.o(.text)
    __aeabi_memcpy                           0x08000307   Thumb Code    36  memcpya.o(.text)
    __aeabi_memcpy4                          0x08000307   Thumb Code     0  memcpya.o(.text)
    __aeabi_memcpy8                          0x08000307   Thumb Code     0  memcpya.o(.text)
    __aeabi_memset                           0x0800032b   Thumb Code    14  memseta.o(.text)
    __aeabi_memset4                          0x0800032b   Thumb Code     0  memseta.o(.text)
    __aeabi_memset8                          0x0800032b   Thumb Code     0  memseta.o(.text)
    __aeabi_memclr                           0x08000339   Thumb Code     4  memseta.o(.text)
    __aeabi_memclr4                          0x08000339   Thumb Code     0  memseta.o(.text)
    __aeabi_memclr8                          0x08000339   Thumb Code     0  memseta.o(.text)
    memset                                   0x0800033d   Thumb Code    18  memseta.o(.text)
    __aeabi_dadd                             0x0800034f   Thumb Code   322  dadd.o(.text)
    __aeabi_dsub                             0x08000491   Thumb Code     6  dadd.o(.text)
    __aeabi_drsub                            0x08000497   Thumb Code     6  dadd.o(.text)
    __aeabi_dmul                             0x0800049d   Thumb Code   228  dmul.o(.text)
    __aeabi_i2d                              0x08000581   Thumb Code    34  dflti.o(.text)
    __aeabi_f2d                              0x080005a3   Thumb Code    38  f2d.o(.text)
    __aeabi_d2f                              0x080005c9   Thumb Code    56  d2f.o(.text)
    __aeabi_uidiv                            0x08000601   Thumb Code     0  uidiv.o(.text)
    __aeabi_uidivmod                         0x08000601   Thumb Code    44  uidiv.o(.text)
    __aeabi_llsl                             0x0800062d   Thumb Code    30  llshl.o(.text)
    _ll_shift_l                              0x0800062d   Thumb Code     0  llshl.o(.text)
    __aeabi_llsr                             0x0800064b   Thumb Code    32  llushr.o(.text)
    _ll_ushift_r                             0x0800064b   Thumb Code     0  llushr.o(.text)
    __aeabi_lasr                             0x0800066b   Thumb Code    36  llsshr.o(.text)
    _ll_sshift_r                             0x0800066b   Thumb Code     0  llsshr.o(.text)
    __I$use$fp                               0x0800068f   Thumb Code     0  iusefp.o(.text)
    _float_round                             0x0800068f   Thumb Code    18  fepilogue.o(.text)
    _float_epilogue                          0x080006a1   Thumb Code    92  fepilogue.o(.text)
    _double_round                            0x080006fd   Thumb Code    30  depilogue.o(.text)
    _double_epilogue                         0x0800071b   Thumb Code   156  depilogue.o(.text)
    __aeabi_ddiv                             0x080007b7   Thumb Code   222  ddiv.o(.text)
    __aeabi_d2ulz                            0x08000895   Thumb Code    48  dfixul.o(.text)
    __aeabi_cdrcmple                         0x080008c5   Thumb Code    48  cdrcmple.o(.text)
    __scatterload                            0x080008f5   Thumb Code    28  init.o(.text)
    __scatterload_rt2                        0x080008f5   Thumb Code     0  init.o(.text)
    BusFault_Handler                         0x08000919   Thumb Code     2  stm32f4xx_it.o(i.BusFault_Handler)
    CAN1_RX0_IRQHandler                      0x0800091d   Thumb Code     6  stm32f4xx_it.o(i.CAN1_RX0_IRQHandler)
    CAN1_TX_IRQHandler                       0x08000929   Thumb Code     6  stm32f4xx_it.o(i.CAN1_TX_IRQHandler)
    CAN2_RX0_IRQHandler                      0x08000935   Thumb Code     6  stm32f4xx_it.o(i.CAN2_RX0_IRQHandler)
    CAN2_TX_IRQHandler                       0x08000941   Thumb Code     6  stm32f4xx_it.o(i.CAN2_TX_IRQHandler)
    CANFilter_Enable                         0x0800094d   Thumb Code    88  drv_can.o(i.CANFilter_Enable)
    CAN_Enable                               0x080009b5   Thumb Code    26  drv_can.o(i.CAN_Enable)
    Can_SendMsg                              0x080009cf   Thumb Code    74  drv_can.o(i.Can_SendMsg)
    Command                                  0x08000a19   Thumb Code   408  stmgood.o(i.Command)
    CompStr                                  0x08000c31   Thumb Code    48  stmgood.o(i.CompStr)
    CopyStr                                  0x08000c61   Thumb Code    22  stmgood.o(i.CopyStr)
    DMA1_Stream5_IRQHandler                  0x08000c79   Thumb Code    18  stm32f4xx_it.o(i.DMA1_Stream5_IRQHandler)
    DMA1_Stream6_IRQHandler                  0x08000c95   Thumb Code     6  stm32f4xx_it.o(i.DMA1_Stream6_IRQHandler)
    DMA2_Stream7_IRQHandler                  0x08000ca1   Thumb Code     6  stm32f4xx_it.o(i.DMA2_Stream7_IRQHandler)
    DealStr                                  0x08000d51   Thumb Code   128  stmgood.o(i.DealStr)
    Dealdata                                 0x08000dd9   Thumb Code   134  stmgood.o(i.Dealdata)
    DebugMon_Handler                         0x08000e69   Thumb Code     2  stm32f4xx_it.o(i.DebugMon_Handler)
    Error_Handler                            0x08000e6b   Thumb Code     2  main.o(i.Error_Handler)
    FirstSpace                               0x08000e6d   Thumb Code    24  stmgood.o(i.FirstSpace)
    HAL_CAN_ActivateNotification             0x08000e85   Thumb Code    36  stm32f4xx_hal_can.o(i.HAL_CAN_ActivateNotification)
    HAL_CAN_AddTxMessage                     0x08000ea9   Thumb Code   200  stm32f4xx_hal_can.o(i.HAL_CAN_AddTxMessage)
    HAL_CAN_ConfigFilter                     0x08000f71   Thumb Code   262  stm32f4xx_hal_can.o(i.HAL_CAN_ConfigFilter)
    HAL_CAN_ErrorCallback                    0x0800107d   Thumb Code     2  stm32f4xx_hal_can.o(i.HAL_CAN_ErrorCallback)
    HAL_CAN_GetRxMessage                     0x0800107f   Thumb Code   232  stm32f4xx_hal_can.o(i.HAL_CAN_GetRxMessage)
    HAL_CAN_IRQHandler                       0x08001167   Thumb Code   508  stm32f4xx_hal_can.o(i.HAL_CAN_IRQHandler)
    HAL_CAN_Init                             0x08001363   Thumb Code   282  stm32f4xx_hal_can.o(i.HAL_CAN_Init)
    HAL_CAN_MspInit                          0x0800147d   Thumb Code   260  can.o(i.HAL_CAN_MspInit)
    HAL_CAN_RxFifo0FullCallback              0x08001599   Thumb Code     2  stm32f4xx_hal_can.o(i.HAL_CAN_RxFifo0FullCallback)
    HAL_CAN_RxFifo0MsgPendingCallback        0x0800159d   Thumb Code    50  drv_can.o(i.HAL_CAN_RxFifo0MsgPendingCallback)
    HAL_CAN_RxFifo1FullCallback              0x080015e1   Thumb Code     2  stm32f4xx_hal_can.o(i.HAL_CAN_RxFifo1FullCallback)
    HAL_CAN_RxFifo1MsgPendingCallback        0x080015e3   Thumb Code     2  stm32f4xx_hal_can.o(i.HAL_CAN_RxFifo1MsgPendingCallback)
    HAL_CAN_SleepCallback                    0x080015e5   Thumb Code     2  stm32f4xx_hal_can.o(i.HAL_CAN_SleepCallback)
    HAL_CAN_Start                            0x080015e9   Thumb Code    88  stm32f4xx_hal_can.o(i.HAL_CAN_Start)
    HAL_CAN_TxMailbox0AbortCallback          0x08001641   Thumb Code     2  stm32f4xx_hal_can.o(i.HAL_CAN_TxMailbox0AbortCallback)
    HAL_CAN_TxMailbox0CompleteCallback       0x08001643   Thumb Code     2  stm32f4xx_hal_can.o(i.HAL_CAN_TxMailbox0CompleteCallback)
    HAL_CAN_TxMailbox1AbortCallback          0x08001645   Thumb Code     2  stm32f4xx_hal_can.o(i.HAL_CAN_TxMailbox1AbortCallback)
    HAL_CAN_TxMailbox1CompleteCallback       0x08001647   Thumb Code     2  stm32f4xx_hal_can.o(i.HAL_CAN_TxMailbox1CompleteCallback)
    HAL_CAN_TxMailbox2AbortCallback          0x08001649   Thumb Code     2  stm32f4xx_hal_can.o(i.HAL_CAN_TxMailbox2AbortCallback)
    HAL_CAN_TxMailbox2CompleteCallback       0x0800164b   Thumb Code     2  stm32f4xx_hal_can.o(i.HAL_CAN_TxMailbox2CompleteCallback)
    HAL_CAN_WakeUpFromRxMsgCallback          0x0800164d   Thumb Code     2  stm32f4xx_hal_can.o(i.HAL_CAN_WakeUpFromRxMsgCallback)
    HAL_DMA_Abort                            0x0800164f   Thumb Code   142  stm32f4xx_hal_dma.o(i.HAL_DMA_Abort)
    HAL_DMA_Abort_IT                         0x080016dd   Thumb Code    36  stm32f4xx_hal_dma.o(i.HAL_DMA_Abort_IT)
    HAL_DMA_IRQHandler                       0x08001701   Thumb Code   412  stm32f4xx_hal_dma.o(i.HAL_DMA_IRQHandler)
    HAL_DMA_Init                             0x080018a1   Thumb Code   206  stm32f4xx_hal_dma.o(i.HAL_DMA_Init)
    HAL_DMA_Start                            0x08001975   Thumb Code    70  stm32f4xx_hal_dma.o(i.HAL_DMA_Start)
    HAL_DMA_Start_IT                         0x080019bb   Thumb Code   120  stm32f4xx_hal_dma.o(i.HAL_DMA_Start_IT)
    HAL_GPIO_Init                            0x08001a35   Thumb Code   408  stm32f4xx_hal_gpio.o(i.HAL_GPIO_Init)
    HAL_GPIO_TogglePin                       0x08001c01   Thumb Code    14  stm32f4xx_hal_gpio.o(i.HAL_GPIO_TogglePin)
    HAL_GPIO_WritePin                        0x08001c0f   Thumb Code    10  stm32f4xx_hal_gpio.o(i.HAL_GPIO_WritePin)
    HAL_GetTick                              0x08001c19   Thumb Code     6  stm32f4xx_hal.o(i.HAL_GetTick)
    HAL_IncTick                              0x08001c25   Thumb Code    12  stm32f4xx_hal.o(i.HAL_IncTick)
    HAL_Init                                 0x08001c35   Thumb Code    48  stm32f4xx_hal.o(i.HAL_Init)
    HAL_InitTick                             0x08001c69   Thumb Code   102  stm32f4xx_hal_timebase_tim.o(i.HAL_InitTick)
    HAL_MspInit                              0x08001ce1   Thumb Code    52  stm32f4xx_hal_msp.o(i.HAL_MspInit)
    HAL_NVIC_EnableIRQ                       0x08001d19   Thumb Code    26  stm32f4xx_hal_cortex.o(i.HAL_NVIC_EnableIRQ)
    HAL_NVIC_SetPriority                     0x08001d35   Thumb Code    60  stm32f4xx_hal_cortex.o(i.HAL_NVIC_SetPriority)
    HAL_NVIC_SetPriorityGrouping             0x08001d75   Thumb Code    26  stm32f4xx_hal_cortex.o(i.HAL_NVIC_SetPriorityGrouping)
    HAL_RCC_ClockConfig                      0x08001d99   Thumb Code   286  stm32f4xx_hal_rcc.o(i.HAL_RCC_ClockConfig)
    HAL_RCC_GetClockConfig                   0x08001ec9   Thumb Code    54  stm32f4xx_hal_rcc.o(i.HAL_RCC_GetClockConfig)
    HAL_RCC_GetPCLK1Freq                     0x08001f09   Thumb Code    20  stm32f4xx_hal_rcc.o(i.HAL_RCC_GetPCLK1Freq)
    HAL_RCC_GetPCLK2Freq                     0x08001f29   Thumb Code    20  stm32f4xx_hal_rcc.o(i.HAL_RCC_GetPCLK2Freq)
    HAL_RCC_GetSysClockFreq                  0x08001f49   Thumb Code    88  stm32f4xx_hal_rcc.o(i.HAL_RCC_GetSysClockFreq)
    HAL_RCC_OscConfig                        0x08001fad   Thumb Code   770  stm32f4xx_hal_rcc.o(i.HAL_RCC_OscConfig)
    HAL_TIMEx_BreakCallback                  0x080022c9   Thumb Code     2  stm32f4xx_hal_tim_ex.o(i.HAL_TIMEx_BreakCallback)
    HAL_TIMEx_CommutCallback                 0x080022cb   Thumb Code     2  stm32f4xx_hal_tim_ex.o(i.HAL_TIMEx_CommutCallback)
    HAL_TIMEx_MasterConfigSynchronization    0x080022cd   Thumb Code    66  stm32f4xx_hal_tim_ex.o(i.HAL_TIMEx_MasterConfigSynchronization)
    HAL_TIM_Base_Init                        0x0800230f   Thumb Code    54  stm32f4xx_hal_tim.o(i.HAL_TIM_Base_Init)
    HAL_TIM_Base_MspInit                     0x08002345   Thumb Code     2  stm32f4xx_hal_tim.o(i.HAL_TIM_Base_MspInit)
    HAL_TIM_Base_Start_IT                    0x08002347   Thumb Code    34  stm32f4xx_hal_tim.o(i.HAL_TIM_Base_Start_IT)
    HAL_TIM_Encoder_Init                     0x08002369   Thumb Code   152  stm32f4xx_hal_tim.o(i.HAL_TIM_Encoder_Init)
    HAL_TIM_Encoder_MspInit                  0x08002401   Thumb Code   232  tim.o(i.HAL_TIM_Encoder_MspInit)
    HAL_TIM_IC_CaptureCallback               0x080024fd   Thumb Code     2  stm32f4xx_hal_tim.o(i.HAL_TIM_IC_CaptureCallback)
    HAL_TIM_IRQHandler                       0x080024ff   Thumb Code   358  stm32f4xx_hal_tim.o(i.HAL_TIM_IRQHandler)
    HAL_TIM_MspPostInit                      0x08002665   Thumb Code    70  tim.o(i.HAL_TIM_MspPostInit)
    HAL_TIM_OC_DelayElapsedCallback          0x080026b9   Thumb Code     2  stm32f4xx_hal_tim.o(i.HAL_TIM_OC_DelayElapsedCallback)
    HAL_TIM_PWM_ConfigChannel                0x080026bb   Thumb Code   208  stm32f4xx_hal_tim.o(i.HAL_TIM_PWM_ConfigChannel)
    HAL_TIM_PWM_Init                         0x0800278b   Thumb Code    54  stm32f4xx_hal_tim.o(i.HAL_TIM_PWM_Init)
    HAL_TIM_PWM_MspInit                      0x080027c1   Thumb Code    50  tim.o(i.HAL_TIM_PWM_MspInit)
    HAL_TIM_PWM_PulseFinishedCallback        0x080027fd   Thumb Code     2  stm32f4xx_hal_tim.o(i.HAL_TIM_PWM_PulseFinishedCallback)
    HAL_TIM_PeriodElapsedCallback            0x08002801   Thumb Code    14  main.o(i.HAL_TIM_PeriodElapsedCallback)
    HAL_TIM_TriggerCallback                  0x08002815   Thumb Code     2  stm32f4xx_hal_tim.o(i.HAL_TIM_TriggerCallback)
    HAL_UART_DMAStop                         0x08002817   Thumb Code    88  stm32f4xx_hal_uart.o(i.HAL_UART_DMAStop)
    HAL_UART_ErrorCallback                   0x0800286f   Thumb Code    18  drv_uart.o(i.HAL_UART_ErrorCallback)
    HAL_UART_IRQHandler                      0x08002881   Thumb Code   266  stm32f4xx_hal_uart.o(i.HAL_UART_IRQHandler)
    HAL_UART_Init                            0x08002991   Thumb Code    98  stm32f4xx_hal_uart.o(i.HAL_UART_Init)
    HAL_UART_MspInit                         0x080029f5   Thumb Code   546  usart.o(i.HAL_UART_MspInit)
    HAL_UART_Receive_DMA                     0x08002c49   Thumb Code   138  stm32f4xx_hal_uart.o(i.HAL_UART_Receive_DMA)
    HAL_UART_Receive_IT                      0x08002ce1   Thumb Code    82  stm32f4xx_hal_uart.o(i.HAL_UART_Receive_IT)
    HAL_UART_RxCpltCallback                  0x08002d35   Thumb Code    44  drv_uart.o(i.HAL_UART_RxCpltCallback)
    HAL_UART_RxHalfCpltCallback              0x08002d6d   Thumb Code     2  stm32f4xx_hal_uart.o(i.HAL_UART_RxHalfCpltCallback)
    HAL_UART_TxCpltCallback                  0x08002d6f   Thumb Code     2  stm32f4xx_hal_uart.o(i.HAL_UART_TxCpltCallback)
    HardFault_Handler                        0x08002d71   Thumb Code     2  stm32f4xx_it.o(i.HardFault_Handler)
    MX_CAN1_Init                             0x08002d75   Thumb Code    66  can.o(i.MX_CAN1_Init)
    MX_CAN2_Init                             0x08002dc1   Thumb Code    66  can.o(i.MX_CAN2_Init)
    MX_DMA_Init                              0x08002e0d   Thumb Code    88  dma.o(i.MX_DMA_Init)
    MX_FREERTOS_Init                         0x08002e69   Thumb Code   162  freertos.o(i.MX_FREERTOS_Init)
    MX_GPIO_Init                             0x08002f15   Thumb Code   212  gpio.o(i.MX_GPIO_Init)
    MX_TIM4_Init                             0x08002ff5   Thumb Code   156  tim.o(i.MX_TIM4_Init)
    MX_TIM5_Init                             0x08003099   Thumb Code    92  tim.o(i.MX_TIM5_Init)
    MX_TIM8_Init                             0x080030fd   Thumb Code    94  tim.o(i.MX_TIM8_Init)
    MX_USART1_UART_Init                      0x08003165   Thumb Code    48  usart.o(i.MX_USART1_UART_Init)
    MX_USART2_UART_Init                      0x0800319d   Thumb Code    48  usart.o(i.MX_USART2_UART_Init)
    MX_USART3_UART_Init                      0x080031d5   Thumb Code    48  usart.o(i.MX_USART3_UART_Init)
    MX_USART6_UART_Init                      0x0800320d   Thumb Code    48  usart.o(i.MX_USART6_UART_Init)
    MemManage_Handler                        0x08003245   Thumb Code     2  stm32f4xx_it.o(i.MemManage_Handler)
    NMI_Handler                              0x08003247   Thumb Code     2  stm32f4xx_it.o(i.NMI_Handler)
    Set_Num_Speed                            0x08003249   Thumb Code   102  drv_robotservo.o(i.Set_Num_Speed)
    SplitStr                                 0x080032c5   Thumb Code    80  stmgood.o(i.SplitStr)
    StartDefaultTask                         0x08003315   Thumb Code     8  freertos.o(i.StartDefaultTask)
    StartTask02                              0x0800331d   Thumb Code   110  usr_task.o(i.StartTask02)
    StartTask03                              0x080033bd   Thumb Code    38  usr_task.o(i.StartTask03)
    StartTask04                              0x080033e9   Thumb Code     8  freertos.o(i.StartTask04)
    StartTask05                              0x080033f1   Thumb Code     8  freertos.o(i.StartTask05)
    StartTask06                              0x080033f9   Thumb Code     8  freertos.o(i.StartTask06)
    StartTask07                              0x08003401   Thumb Code     8  freertos.o(i.StartTask07)
    StrToFloat                               0x08003409   Thumb Code   282  stmgood.o(i.StrToFloat)
    Strlen                                   0x0800353d   Thumb Code    16  stmgood.o(i.Strlen)
    SubStr                                   0x0800354d   Thumb Code    34  stmgood.o(i.SubStr)
    SysTick_Handler                          0x08003575   Thumb Code    14  stm32f4xx_it.o(i.SysTick_Handler)
    SystemClock_Config                       0x08003585   Thumb Code   124  main.o(i.SystemClock_Config)
    SystemInit                               0x08003609   Thumb Code    66  system_stm32f4xx.o(i.SystemInit)
    TIM4_IRQHandler                          0x0800365d   Thumb Code     6  stm32f4xx_it.o(i.TIM4_IRQHandler)
    TIM5_IRQHandler                          0x08003669   Thumb Code     6  stm32f4xx_it.o(i.TIM5_IRQHandler)
    TIM8_BRK_TIM12_IRQHandler                0x08003675   Thumb Code     6  stm32f4xx_it.o(i.TIM8_BRK_TIM12_IRQHandler)
    TIM8_CC_IRQHandler                       0x08003681   Thumb Code     6  stm32f4xx_it.o(i.TIM8_CC_IRQHandler)
    TIM8_TRG_COM_TIM14_IRQHandler            0x0800368d   Thumb Code     6  stm32f4xx_it.o(i.TIM8_TRG_COM_TIM14_IRQHandler)
    TIM8_UP_TIM13_IRQHandler                 0x08003699   Thumb Code     6  stm32f4xx_it.o(i.TIM8_UP_TIM13_IRQHandler)
    TIM_Base_SetConfig                       0x080036a5   Thumb Code   156  stm32f4xx_hal_tim.o(i.TIM_Base_SetConfig)
    TIM_OC2_SetConfig                        0x080037cd   Thumb Code    98  stm32f4xx_hal_tim.o(i.TIM_OC2_SetConfig)
    USART1_IRQHandler                        0x08003d65   Thumb Code     6  stm32f4xx_it.o(i.USART1_IRQHandler)
    USART2_IRQHandler                        0x08003d71   Thumb Code    10  stm32f4xx_it.o(i.USART2_IRQHandler)
    USART3_IRQHandler                        0x08003d85   Thumb Code     6  stm32f4xx_it.o(i.USART3_IRQHandler)
    USART6_IRQHandler                        0x08003d91   Thumb Code     6  stm32f4xx_it.o(i.USART6_IRQHandler)
    USART_DMA_Enable                         0x08003d9d   Thumb Code    66  drv_uart.o(i.USART_DMA_Enable)
    USART_Enable                             0x08003ddf   Thumb Code    22  drv_uart.o(i.USART_Enable)
    USART_IDLE_IRQ                           0x08003df5   Thumb Code    46  drv_uart.o(i.USART_IDLE_IRQ)
    USART_Send_Char                          0x08003e23   Thumb Code    12  drv_uart.o(i.USART_Send_Char)
    UsageFault_Handler                       0x08003e2f   Thumb Code     2  stm32f4xx_it.o(i.UsageFault_Handler)
    __0printf                                0x08003e31   Thumb Code    22  printfa.o(i.__0printf)
    __1printf                                0x08003e31   Thumb Code     0  printfa.o(i.__0printf)
    __2printf                                0x08003e31   Thumb Code     0  printfa.o(i.__0printf)
    __c89printf                              0x08003e31   Thumb Code     0  printfa.o(i.__0printf)
    printf                                   0x08003e31   Thumb Code     0  printfa.o(i.__0printf)
    __scatterload_copy                       0x08003e71   Thumb Code    14  handlers.o(i.__scatterload_copy)
    __scatterload_null                       0x08003e7f   Thumb Code     2  handlers.o(i.__scatterload_null)
    __scatterload_zeroinit                   0x08003e81   Thumb Code    14  handlers.o(i.__scatterload_zeroinit)
    cmd                                      0x08004745   Thumb Code   570  stmgood.o(i.cmd)
    deal_coloursensor_data                   0x08004a11   Thumb Code    30  drv_coloursensor.o(i.deal_coloursensor_data)
    fputc                                    0x08004a35   Thumb Code    18  drv_uart.o(i.fputc)
    go1                                      0x08004a4d   Thumb Code     6  stmgood.o(i.go1)
    main                                     0x08004a5d   Thumb Code   110  main.o(i.main)
    multi1                                   0x08004b05   Thumb Code    66  stmgood.o(i.multi1)
    multi2                                   0x08004b6d   Thumb Code    66  stmgood.o(i.multi2)
    multi3                                   0x08004bd5   Thumb Code    66  stmgood.o(i.multi3)
    multi4                                   0x08004c39   Thumb Code    70  stmgood.o(i.multi4)
    osDelay                                  0x08004ca1   Thumb Code    14  cmsis_os.o(i.osDelay)
    osKernelStart                            0x08004caf   Thumb Code    10  cmsis_os.o(i.osKernelStart)
    osSystickHandler                         0x08004cb9   Thumb Code    20  cmsis_os.o(i.osSystickHandler)
    osThreadCreate                           0x08004ccd   Thumb Code    46  cmsis_os.o(i.osThreadCreate)
    pvPortMalloc                             0x08005021   Thumb Code   210  heap_4.o(i.pvPortMalloc)
    pxPortInitialiseStack                    0x080050f9   Thumb Code    40  port.o(i.pxPortInitialiseStack)
    uxListRemove                             0x08005125   Thumb Code    38  list.o(i.uxListRemove)
    vListInitialise                          0x0800514b   Thumb Code    22  list.o(i.vListInitialise)
    vListInitialiseItem                      0x08005161   Thumb Code     6  list.o(i.vListInitialiseItem)
    vListInsert                              0x08005167   Thumb Code    48  list.o(i.vListInsert)
    vListInsertEnd                           0x08005197   Thumb Code    24  list.o(i.vListInsertEnd)
    vPortEnterCritical                       0x080051b1   Thumb Code    54  port.o(i.vPortEnterCritical)
    vPortExitCritical                        0x080051f1   Thumb Code    34  port.o(i.vPortExitCritical)
    vPortFree                                0x08005219   Thumb Code    88  heap_4.o(i.vPortFree)
    vPortSetupTimerInterrupt                 0x08005275   Thumb Code    32  port.o(i.vPortSetupTimerInterrupt)
    vTaskDelay                               0x08005299   Thumb Code    66  tasks.o(i.vTaskDelay)
    vTaskStartScheduler                      0x080052e5   Thumb Code    86  tasks.o(i.vTaskStartScheduler)
    vTaskSuspendAll                          0x0800534d   Thumb Code    10  tasks.o(i.vTaskSuspendAll)
    vTaskSwitchContext                       0x0800535d   Thumb Code    82  tasks.o(i.vTaskSwitchContext)
    xPortStartScheduler                      0x080053b9   Thumb Code   222  port.o(i.xPortStartScheduler)
    xPortSysTickHandler                      0x080054ad   Thumb Code    38  port.o(i.xPortSysTickHandler)
    xTaskCreate                              0x080054d9   Thumb Code    86  tasks.o(i.xTaskCreate)
    xTaskGetSchedulerState                   0x08005531   Thumb Code    22  tasks.o(i.xTaskGetSchedulerState)
    xTaskIncrementTick                       0x0800554d   Thumb Code   192  tasks.o(i.xTaskIncrementTick)
    xTaskResumeAll                           0x08005615   Thumb Code   182  tasks.o(i.xTaskResumeAll)
    AHBPrescTable                            0x0800576c   Data          16  system_stm32f4xx.o(.constdata)
    APBPrescTable                            0x0800577c   Data           8  system_stm32f4xx.o(.constdata)
    Region$$Table$$Base                      0x080057d8   Number         0  anon$$obj.o(Region$$Table)
    Region$$Table$$Limit                     0x080057f8   Number         0  anon$$obj.o(Region$$Table)
    defaultTaskHandle                        0x20000004   Data           4  freertos.o(.data)
    myTask02Handle                           0x20000008   Data           4  freertos.o(.data)
    myTask03Handle                           0x2000000c   Data           4  freertos.o(.data)
    myTask04Handle                           0x20000010   Data           4  freertos.o(.data)
    myTask05Handle                           0x20000014   Data           4  freertos.o(.data)
    myTask06Handle                           0x20000018   Data           4  freertos.o(.data)
    myTask07Handle                           0x2000001c   Data           4  freertos.o(.data)
    uwTickFreq                               0x20000020   Data           1  stm32f4xx_hal.o(.data)
    uwTickPrio                               0x20000024   Data           4  stm32f4xx_hal.o(.data)
    uwTick                                   0x20000028   Data           4  stm32f4xx_hal.o(.data)
    SystemCoreClock                          0x2000002c   Data           4  system_stm32f4xx.o(.data)
    pxCurrentTCB                             0x20000030   Data           4  tasks.o(.data)
    Count                                    0x20000098   Data           1  stmgood.o(.data)
    P                                        0x200000a0   Data           8  stmgood.o(.data)
    I                                        0x200000a8   Data           8  stmgood.o(.data)
    D                                        0x200000b0   Data           8  stmgood.o(.data)
    V1                                       0x200000b8   Data           8  stmgood.o(.data)
    p                                        0x200000c0   Data           8  stmgood.o(.data)
    i                                        0x200000c8   Data           8  stmgood.o(.data)
    d                                        0x200000d0   Data           8  stmgood.o(.data)
    V2                                       0x200000d8   Data           8  stmgood.o(.data)
    A                                        0x200000e0   Data           8  stmgood.o(.data)
    B                                        0x200000e8   Data           8  stmgood.o(.data)
    C                                        0x200000f0   Data           8  stmgood.o(.data)
    E                                        0x200000f8   Data           8  stmgood.o(.data)
    a                                        0x20000100   Data           8  stmgood.o(.data)
    b                                        0x20000108   Data           8  stmgood.o(.data)
    c                                        0x20000110   Data           8  stmgood.o(.data)
    e                                        0x20000118   Data           8  stmgood.o(.data)
    __stdout                                 0x20000120   Data           4  stdout.o(.data)
    hcan1                                    0x20000124   Data          40  can.o(.bss)
    hcan2                                    0x2000014c   Data          40  can.o(.bss)
    htim4                                    0x20000174   Data          64  tim.o(.bss)
    htim5                                    0x200001b4   Data          64  tim.o(.bss)
    htim8                                    0x200001f4   Data          64  tim.o(.bss)
    huart1                                   0x20000234   Data          64  usart.o(.bss)
    huart2                                   0x20000274   Data          64  usart.o(.bss)
    huart3                                   0x200002b4   Data          64  usart.o(.bss)
    huart6                                   0x200002f4   Data          64  usart.o(.bss)
    hdma_usart1_tx                           0x20000334   Data          96  usart.o(.bss)
    hdma_usart2_rx                           0x20000394   Data          96  usart.o(.bss)
    hdma_usart2_tx                           0x200003f4   Data          96  usart.o(.bss)
    htim6                                    0x20000454   Data          64  stm32f4xx_hal_timebase_tim.o(.bss)
    s_color_data                             0x20004184   Data          20  drv_coloursensor.o(.bss)
    Usart1buff                               0x20004198   Data         100  drv_uart.o(.bss)
    Usart2buff                               0x200041fc   Data         100  drv_uart.o(.bss)
    Usart3buff                               0x20004260   Data         100  drv_uart.o(.bss)
    Usart6buff                               0x200042c4   Data         100  drv_uart.o(.bss)
    Cmd1                                     0x20004328   Data          20  stmgood.o(.bss)
    Cmd2                                     0x2000433c   Data          80  stmgood.o(.bss)
    Data                                     0x2000438c   Data         100  stmgood.o(.bss)
    Str1                                     0x200043f0   Data         100  stmgood.o(.bss)
    xx                                       0x20004458   Data         800  stmgood.o(.bss)
    __initial_sp                             0x20004b78   Data           0  startup_stm32f427xx.o(STACK)



==============================================================================

Memory Map of the image

  Image Entry point : 0x080001ad

  Load Region LR_IROM1 (Base: 0x08000000, Size: 0x0000591c, Max: 0x00200000, ABSOLUTE)

    Execution Region ER_IROM1 (Base: 0x08000000, Size: 0x000057f8, Max: 0x00200000, ABSOLUTE)

    Base Addr    Size         Type   Attr      Idx    E Section Name        Object

    0x08000000   0x000001ac   Data   RO            3    RESET               startup_stm32f427xx.o
    0x080001ac   0x00000000   Code   RO         5439  * .ARM.Collect$$$$00000000  mc_w.l(entry.o)
    0x080001ac   0x00000004   Code   RO         5725    .ARM.Collect$$$$00000001  mc_w.l(entry2.o)
    0x080001b0   0x00000004   Code   RO         5728    .ARM.Collect$$$$00000004  mc_w.l(entry5.o)
    0x080001b4   0x00000000   Code   RO         5730    .ARM.Collect$$$$00000008  mc_w.l(entry7b.o)
    0x080001b4   0x00000000   Code   RO         5732    .ARM.Collect$$$$0000000A  mc_w.l(entry8b.o)
    0x080001b4   0x00000008   Code   RO         5733    .ARM.Collect$$$$0000000B  mc_w.l(entry9a.o)
    0x080001bc   0x00000000   Code   RO         5735    .ARM.Collect$$$$0000000D  mc_w.l(entry10a.o)
    0x080001bc   0x00000000   Code   RO         5737    .ARM.Collect$$$$0000000F  mc_w.l(entry11a.o)
    0x080001bc   0x00000004   Code   RO         5726    .ARM.Collect$$$$00002712  mc_w.l(entry2.o)
    0x080001c0   0x000000be   Code   RO         4655    .emb_text           port.o
    0x0800027e   0x00000002   PAD
    0x08000280   0x00000024   Code   RO            4    .text               startup_stm32f427xx.o
    0x080002a4   0x00000062   Code   RO         5442    .text               mc_w.l(uldiv.o)
    0x08000306   0x00000024   Code   RO         5444    .text               mc_w.l(memcpya.o)
    0x0800032a   0x00000024   Code   RO         5448    .text               mc_w.l(memseta.o)
    0x0800034e   0x0000014e   Code   RO         5713    .text               mf_w.l(dadd.o)
    0x0800049c   0x000000e4   Code   RO         5715    .text               mf_w.l(dmul.o)
    0x08000580   0x00000022   Code   RO         5719    .text               mf_w.l(dflti.o)
    0x080005a2   0x00000026   Code   RO         5721    .text               mf_w.l(f2d.o)
    0x080005c8   0x00000038   Code   RO         5723    .text               mf_w.l(d2f.o)
    0x08000600   0x0000002c   Code   RO         5740    .text               mc_w.l(uidiv.o)
    0x0800062c   0x0000001e   Code   RO         5742    .text               mc_w.l(llshl.o)
    0x0800064a   0x00000020   Code   RO         5744    .text               mc_w.l(llushr.o)
    0x0800066a   0x00000024   Code   RO         5746    .text               mc_w.l(llsshr.o)
    0x0800068e   0x00000000   Code   RO         5748    .text               mc_w.l(iusefp.o)
    0x0800068e   0x0000006e   Code   RO         5749    .text               mf_w.l(fepilogue.o)
    0x080006fc   0x000000ba   Code   RO         5751    .text               mf_w.l(depilogue.o)
    0x080007b6   0x000000de   Code   RO         5753    .text               mf_w.l(ddiv.o)
    0x08000894   0x00000030   Code   RO         5755    .text               mf_w.l(dfixul.o)
    0x080008c4   0x00000030   Code   RO         5757    .text               mf_w.l(cdrcmple.o)
    0x080008f4   0x00000024   Code   RO         5759    .text               mc_w.l(init.o)
    0x08000918   0x00000002   Code   RO          538    i.BusFault_Handler  stm32f4xx_it.o
    0x0800091a   0x00000002   PAD
    0x0800091c   0x0000000c   Code   RO          539    i.CAN1_RX0_IRQHandler  stm32f4xx_it.o
    0x08000928   0x0000000c   Code   RO          540    i.CAN1_TX_IRQHandler  stm32f4xx_it.o
    0x08000934   0x0000000c   Code   RO          541    i.CAN2_RX0_IRQHandler  stm32f4xx_it.o
    0x08000940   0x0000000c   Code   RO          542    i.CAN2_TX_IRQHandler  stm32f4xx_it.o
    0x0800094c   0x00000068   Code   RO         4735    i.CANFilter_Enable  drv_can.o
    0x080009b4   0x0000001a   Code   RO         4736    i.CAN_Enable        drv_can.o
    0x080009ce   0x0000004a   Code   RO         4737    i.Can_SendMsg       drv_can.o
    0x08000a18   0x00000218   Code   RO         4989    i.Command           stmgood.o
    0x08000c30   0x00000030   Code   RO         4990    i.CompStr           stmgood.o
    0x08000c60   0x00000016   Code   RO         4991    i.CopyStr           stmgood.o
    0x08000c76   0x00000002   PAD
    0x08000c78   0x0000001c   Code   RO          543    i.DMA1_Stream5_IRQHandler  stm32f4xx_it.o
    0x08000c94   0x0000000c   Code   RO          544    i.DMA1_Stream6_IRQHandler  stm32f4xx_it.o
    0x08000ca0   0x0000000c   Code   RO          545    i.DMA2_Stream7_IRQHandler  stm32f4xx_it.o
    0x08000cac   0x00000028   Code   RO         2770    i.DMA_CalcBaseAndBitshift  stm32f4xx_hal_dma.o
    0x08000cd4   0x00000054   Code   RO         2771    i.DMA_CheckFifoParam  stm32f4xx_hal_dma.o
    0x08000d28   0x00000028   Code   RO         2772    i.DMA_SetConfig     stm32f4xx_hal_dma.o
    0x08000d50   0x00000088   Code   RO         4992    i.DealStr           stmgood.o
    0x08000dd8   0x00000090   Code   RO         4993    i.Dealdata          stmgood.o
    0x08000e68   0x00000002   Code   RO          546    i.DebugMon_Handler  stm32f4xx_it.o
    0x08000e6a   0x00000002   Code   RO           13    i.Error_Handler     main.o
    0x08000e6c   0x00000018   Code   RO         4994    i.FirstSpace        stmgood.o
    0x08000e84   0x00000024   Code   RO          772    i.HAL_CAN_ActivateNotification  stm32f4xx_hal_can.o
    0x08000ea8   0x000000c8   Code   RO          773    i.HAL_CAN_AddTxMessage  stm32f4xx_hal_can.o
    0x08000f70   0x0000010c   Code   RO          774    i.HAL_CAN_ConfigFilter  stm32f4xx_hal_can.o
    0x0800107c   0x00000002   Code   RO          777    i.HAL_CAN_ErrorCallback  stm32f4xx_hal_can.o
    0x0800107e   0x000000e8   Code   RO          780    i.HAL_CAN_GetRxMessage  stm32f4xx_hal_can.o
    0x08001166   0x000001fc   Code   RO          784    i.HAL_CAN_IRQHandler  stm32f4xx_hal_can.o
    0x08001362   0x0000011a   Code   RO          785    i.HAL_CAN_Init      stm32f4xx_hal_can.o
    0x0800147c   0x0000011c   Code   RO          255    i.HAL_CAN_MspInit   can.o
    0x08001598   0x00000002   Code   RO          792    i.HAL_CAN_RxFifo0FullCallback  stm32f4xx_hal_can.o
    0x0800159a   0x00000002   PAD
    0x0800159c   0x00000044   Code   RO         4738    i.HAL_CAN_RxFifo0MsgPendingCallback  drv_can.o
    0x080015e0   0x00000002   Code   RO          794    i.HAL_CAN_RxFifo1FullCallback  stm32f4xx_hal_can.o
    0x080015e2   0x00000002   Code   RO          795    i.HAL_CAN_RxFifo1MsgPendingCallback  stm32f4xx_hal_can.o
    0x080015e4   0x00000002   Code   RO          796    i.HAL_CAN_SleepCallback  stm32f4xx_hal_can.o
    0x080015e6   0x00000002   PAD
    0x080015e8   0x00000058   Code   RO          797    i.HAL_CAN_Start     stm32f4xx_hal_can.o
    0x08001640   0x00000002   Code   RO          799    i.HAL_CAN_TxMailbox0AbortCallback  stm32f4xx_hal_can.o
    0x08001642   0x00000002   Code   RO          800    i.HAL_CAN_TxMailbox0CompleteCallback  stm32f4xx_hal_can.o
    0x08001644   0x00000002   Code   RO          801    i.HAL_CAN_TxMailbox1AbortCallback  stm32f4xx_hal_can.o
    0x08001646   0x00000002   Code   RO          802    i.HAL_CAN_TxMailbox1CompleteCallback  stm32f4xx_hal_can.o
    0x08001648   0x00000002   Code   RO          803    i.HAL_CAN_TxMailbox2AbortCallback  stm32f4xx_hal_can.o
    0x0800164a   0x00000002   Code   RO          804    i.HAL_CAN_TxMailbox2CompleteCallback  stm32f4xx_hal_can.o
    0x0800164c   0x00000002   Code   RO          806    i.HAL_CAN_WakeUpFromRxMsgCallback  stm32f4xx_hal_can.o
    0x0800164e   0x0000008e   Code   RO         2773    i.HAL_DMA_Abort     stm32f4xx_hal_dma.o
    0x080016dc   0x00000024   Code   RO         2774    i.HAL_DMA_Abort_IT  stm32f4xx_hal_dma.o
    0x08001700   0x000001a0   Code   RO         2778    i.HAL_DMA_IRQHandler  stm32f4xx_hal_dma.o
    0x080018a0   0x000000d4   Code   RO         2779    i.HAL_DMA_Init      stm32f4xx_hal_dma.o
    0x08001974   0x00000046   Code   RO         2782    i.HAL_DMA_Start     stm32f4xx_hal_dma.o
    0x080019ba   0x00000078   Code   RO         2783    i.HAL_DMA_Start_IT  stm32f4xx_hal_dma.o
    0x08001a32   0x00000002   PAD
    0x08001a34   0x000001cc   Code   RO         2666    i.HAL_GPIO_Init     stm32f4xx_hal_gpio.o
    0x08001c00   0x0000000e   Code   RO         2669    i.HAL_GPIO_TogglePin  stm32f4xx_hal_gpio.o
    0x08001c0e   0x0000000a   Code   RO         2670    i.HAL_GPIO_WritePin  stm32f4xx_hal_gpio.o
    0x08001c18   0x0000000c   Code   RO         3218    i.HAL_GetTick       stm32f4xx_hal.o
    0x08001c24   0x00000010   Code   RO         3224    i.HAL_IncTick       stm32f4xx_hal.o
    0x08001c34   0x00000034   Code   RO         3225    i.HAL_Init          stm32f4xx_hal.o
    0x08001c68   0x00000078   Code   RO          732    i.HAL_InitTick      stm32f4xx_hal_timebase_tim.o
    0x08001ce0   0x00000038   Code   RO          708    i.HAL_MspInit       stm32f4xx_hal_msp.o
    0x08001d18   0x0000001a   Code   RO         3073    i.HAL_NVIC_EnableIRQ  stm32f4xx_hal_cortex.o
    0x08001d32   0x00000002   PAD
    0x08001d34   0x00000040   Code   RO         3079    i.HAL_NVIC_SetPriority  stm32f4xx_hal_cortex.o
    0x08001d74   0x00000024   Code   RO         3080    i.HAL_NVIC_SetPriorityGrouping  stm32f4xx_hal_cortex.o
    0x08001d98   0x00000130   Code   RO         2260    i.HAL_RCC_ClockConfig  stm32f4xx_hal_rcc.o
    0x08001ec8   0x00000040   Code   RO         2264    i.HAL_RCC_GetClockConfig  stm32f4xx_hal_rcc.o
    0x08001f08   0x00000020   Code   RO         2267    i.HAL_RCC_GetPCLK1Freq  stm32f4xx_hal_rcc.o
    0x08001f28   0x00000020   Code   RO         2268    i.HAL_RCC_GetPCLK2Freq  stm32f4xx_hal_rcc.o
    0x08001f48   0x00000064   Code   RO         2269    i.HAL_RCC_GetSysClockFreq  stm32f4xx_hal_rcc.o
    0x08001fac   0x0000031c   Code   RO         2272    i.HAL_RCC_OscConfig  stm32f4xx_hal_rcc.o
    0x080022c8   0x00000002   Code   RO         1682    i.HAL_TIMEx_BreakCallback  stm32f4xx_hal_tim_ex.o
    0x080022ca   0x00000002   Code   RO         1683    i.HAL_TIMEx_CommutCallback  stm32f4xx_hal_tim_ex.o
    0x080022cc   0x00000042   Code   RO         1700    i.HAL_TIMEx_MasterConfigSynchronization  stm32f4xx_hal_tim_ex.o
    0x0800230e   0x00000036   Code   RO         1007    i.HAL_TIM_Base_Init  stm32f4xx_hal_tim.o
    0x08002344   0x00000002   Code   RO         1009    i.HAL_TIM_Base_MspInit  stm32f4xx_hal_tim.o
    0x08002346   0x00000022   Code   RO         1012    i.HAL_TIM_Base_Start_IT  stm32f4xx_hal_tim.o
    0x08002368   0x00000098   Code   RO         1025    i.HAL_TIM_Encoder_Init  stm32f4xx_hal_tim.o
    0x08002400   0x000000fc   Code   RO          407    i.HAL_TIM_Encoder_MspInit  tim.o
    0x080024fc   0x00000002   Code   RO         1036    i.HAL_TIM_IC_CaptureCallback  stm32f4xx_hal_tim.o
    0x080024fe   0x00000166   Code   RO         1050    i.HAL_TIM_IRQHandler  stm32f4xx_hal_tim.o
    0x08002664   0x00000054   Code   RO          408    i.HAL_TIM_MspPostInit  tim.o
    0x080026b8   0x00000002   Code   RO         1053    i.HAL_TIM_OC_DelayElapsedCallback  stm32f4xx_hal_tim.o
    0x080026ba   0x000000d0   Code   RO         1074    i.HAL_TIM_PWM_ConfigChannel  stm32f4xx_hal_tim.o
    0x0800278a   0x00000036   Code   RO         1077    i.HAL_TIM_PWM_Init  stm32f4xx_hal_tim.o
    0x080027c0   0x0000003c   Code   RO          410    i.HAL_TIM_PWM_MspInit  tim.o
    0x080027fc   0x00000002   Code   RO         1080    i.HAL_TIM_PWM_PulseFinishedCallback  stm32f4xx_hal_tim.o
    0x080027fe   0x00000002   PAD
    0x08002800   0x00000014   Code   RO           14    i.HAL_TIM_PeriodElapsedCallback  main.o
    0x08002814   0x00000002   Code   RO         1093    i.HAL_TIM_TriggerCallback  stm32f4xx_hal_tim.o
    0x08002816   0x00000058   Code   RO         1952    i.HAL_UART_DMAStop  stm32f4xx_hal_uart.o
    0x0800286e   0x00000012   Code   RO         4875    i.HAL_UART_ErrorCallback  drv_uart.o
    0x08002880   0x00000110   Code   RO         1957    i.HAL_UART_IRQHandler  stm32f4xx_hal_uart.o
    0x08002990   0x00000062   Code   RO         1958    i.HAL_UART_Init     stm32f4xx_hal_uart.o
    0x080029f2   0x00000002   PAD
    0x080029f4   0x00000254   Code   RO          479    i.HAL_UART_MspInit  usart.o
    0x08002c48   0x00000098   Code   RO         1962    i.HAL_UART_Receive_DMA  stm32f4xx_hal_uart.o
    0x08002ce0   0x00000052   Code   RO         1963    i.HAL_UART_Receive_IT  stm32f4xx_hal_uart.o
    0x08002d32   0x00000002   PAD
    0x08002d34   0x00000038   Code   RO         4876    i.HAL_UART_RxCpltCallback  drv_uart.o
    0x08002d6c   0x00000002   Code   RO         1965    i.HAL_UART_RxHalfCpltCallback  stm32f4xx_hal_uart.o
    0x08002d6e   0x00000002   Code   RO         1969    i.HAL_UART_TxCpltCallback  stm32f4xx_hal_uart.o
    0x08002d70   0x00000002   Code   RO          547    i.HardFault_Handler  stm32f4xx_it.o
    0x08002d72   0x00000002   PAD
    0x08002d74   0x0000004c   Code   RO          256    i.MX_CAN1_Init      can.o
    0x08002dc0   0x0000004c   Code   RO          257    i.MX_CAN2_Init      can.o
    0x08002e0c   0x0000005c   Code   RO          303    i.MX_DMA_Init       dma.o
    0x08002e68   0x000000ac   Code   RO          327    i.MX_FREERTOS_Init  freertos.o
    0x08002f14   0x000000e0   Code   RO          230    i.MX_GPIO_Init      gpio.o
    0x08002ff4   0x000000a4   Code   RO          411    i.MX_TIM4_Init      tim.o
    0x08003098   0x00000064   Code   RO          412    i.MX_TIM5_Init      tim.o
    0x080030fc   0x00000068   Code   RO          413    i.MX_TIM8_Init      tim.o
    0x08003164   0x00000038   Code   RO          480    i.MX_USART1_UART_Init  usart.o
    0x0800319c   0x00000038   Code   RO          481    i.MX_USART2_UART_Init  usart.o
    0x080031d4   0x00000038   Code   RO          482    i.MX_USART3_UART_Init  usart.o
    0x0800320c   0x00000038   Code   RO          483    i.MX_USART6_UART_Init  usart.o
    0x08003244   0x00000002   Code   RO          548    i.MemManage_Handler  stm32f4xx_it.o
    0x08003246   0x00000002   Code   RO          549    i.NMI_Handler       stm32f4xx_it.o
    0x08003248   0x0000007c   Code   RO         4820    i.Set_Num_Speed     drv_robotservo.o
    0x080032c4   0x00000050   Code   RO         4995    i.SplitStr          stmgood.o
    0x08003314   0x00000008   Code   RO          328    i.StartDefaultTask  freertos.o
    0x0800331c   0x000000a0   Code   RO         4952    i.StartTask02       usr_task.o
    0x080033bc   0x0000002c   Code   RO         4953    i.StartTask03       usr_task.o
    0x080033e8   0x00000008   Code   RO          331    i.StartTask04       freertos.o
    0x080033f0   0x00000008   Code   RO          332    i.StartTask05       freertos.o
    0x080033f8   0x00000008   Code   RO          333    i.StartTask06       freertos.o
    0x08003400   0x00000008   Code   RO          334    i.StartTask07       freertos.o
    0x08003408   0x00000134   Code   RO         4996    i.StrToFloat        stmgood.o
    0x0800353c   0x00000010   Code   RO         4998    i.Strlen            stmgood.o
    0x0800354c   0x00000028   Code   RO         4999    i.SubStr            stmgood.o
    0x08003574   0x0000000e   Code   RO          550    i.SysTick_Handler   stm32f4xx_it.o
    0x08003582   0x00000002   PAD
    0x08003584   0x00000084   Code   RO           15    i.SystemClock_Config  main.o
    0x08003608   0x00000054   Code   RO         3471    i.SystemInit        system_stm32f4xx.o
    0x0800365c   0x0000000c   Code   RO          551    i.TIM4_IRQHandler   stm32f4xx_it.o
    0x08003668   0x0000000c   Code   RO          552    i.TIM5_IRQHandler   stm32f4xx_it.o
    0x08003674   0x0000000c   Code   RO          553    i.TIM8_BRK_TIM12_IRQHandler  stm32f4xx_it.o
    0x08003680   0x0000000c   Code   RO          554    i.TIM8_CC_IRQHandler  stm32f4xx_it.o
    0x0800368c   0x0000000c   Code   RO          555    i.TIM8_TRG_COM_TIM14_IRQHandler  stm32f4xx_it.o
    0x08003698   0x0000000c   Code   RO          556    i.TIM8_UP_TIM13_IRQHandler  stm32f4xx_it.o
    0x080036a4   0x000000c8   Code   RO         1095    i.TIM_Base_SetConfig  stm32f4xx_hal_tim.o
    0x0800376c   0x00000060   Code   RO         1108    i.TIM_OC1_SetConfig  stm32f4xx_hal_tim.o
    0x080037cc   0x0000006c   Code   RO         1109    i.TIM_OC2_SetConfig  stm32f4xx_hal_tim.o
    0x08003838   0x00000068   Code   RO         1110    i.TIM_OC3_SetConfig  stm32f4xx_hal_tim.o
    0x080038a0   0x00000050   Code   RO         1111    i.TIM_OC4_SetConfig  stm32f4xx_hal_tim.o
    0x080038f0   0x00000010   Code   RO         1971    i.UART_DMAAbortOnError  stm32f4xx_hal_uart.o
    0x08003900   0x0000004a   Code   RO         1972    i.UART_DMAError     stm32f4xx_hal_uart.o
    0x0800394a   0x0000003c   Code   RO         1973    i.UART_DMAReceiveCplt  stm32f4xx_hal_uart.o
    0x08003986   0x0000000a   Code   RO         1975    i.UART_DMARxHalfCplt  stm32f4xx_hal_uart.o
    0x08003990   0x0000001c   Code   RO         1981    i.UART_EndRxTransfer  stm32f4xx_hal_uart.o
    0x080039ac   0x00000012   Code   RO         1982    i.UART_EndTxTransfer  stm32f4xx_hal_uart.o
    0x080039be   0x00000096   Code   RO         1983    i.UART_Receive_IT   stm32f4xx_hal_uart.o
    0x08003a54   0x000002ac   Code   RO         1984    i.UART_SetConfig    stm32f4xx_hal_uart.o
    0x08003d00   0x00000062   Code   RO         1985    i.UART_Transmit_IT  stm32f4xx_hal_uart.o
    0x08003d62   0x00000002   PAD
    0x08003d64   0x0000000c   Code   RO          557    i.USART1_IRQHandler  stm32f4xx_it.o
    0x08003d70   0x00000014   Code   RO          558    i.USART2_IRQHandler  stm32f4xx_it.o
    0x08003d84   0x0000000c   Code   RO          559    i.USART3_IRQHandler  stm32f4xx_it.o
    0x08003d90   0x0000000c   Code   RO          560    i.USART6_IRQHandler  stm32f4xx_it.o
    0x08003d9c   0x00000042   Code   RO         4877    i.USART_DMA_Enable  drv_uart.o
    0x08003dde   0x00000016   Code   RO         4878    i.USART_Enable      drv_uart.o
    0x08003df4   0x0000002e   Code   RO         4879    i.USART_IDLE_IRQ    drv_uart.o
    0x08003e22   0x0000000c   Code   RO         4880    i.USART_Send_Char   drv_uart.o
    0x08003e2e   0x00000002   Code   RO          561    i.UsageFault_Handler  stm32f4xx_it.o
    0x08003e30   0x00000020   Code   RO         5685    i.__0printf         mc_w.l(printfa.o)
    0x08003e50   0x00000020   Code   RO         3086    i.__NVIC_SetPriority  stm32f4xx_hal_cortex.o
    0x08003e70   0x0000000e   Code   RO         5763    i.__scatterload_copy  mc_w.l(handlers.o)
    0x08003e7e   0x00000002   Code   RO         5764    i.__scatterload_null  mc_w.l(handlers.o)
    0x08003e80   0x0000000e   Code   RO         5765    i.__scatterload_zeroinit  mc_w.l(handlers.o)
    0x08003e8e   0x00000002   PAD
    0x08003e90   0x00000184   Code   RO         5692    i._fp_digits        mc_w.l(printfa.o)
    0x08004014   0x000006dc   Code   RO         5693    i._printf_core      mc_w.l(printfa.o)
    0x080046f0   0x00000024   Code   RO         5694    i._printf_post_padding  mc_w.l(printfa.o)
    0x08004714   0x0000002e   Code   RO         5695    i._printf_pre_padding  mc_w.l(printfa.o)
    0x08004742   0x00000002   PAD
    0x08004744   0x000002cc   Code   RO         5006    i.cmd               stmgood.o
    0x08004a10   0x00000024   Code   RO         4778    i.deal_coloursensor_data  drv_coloursensor.o
    0x08004a34   0x00000018   Code   RO         4881    i.fputc             drv_uart.o
    0x08004a4c   0x00000010   Code   RO         5008    i.go1               stmgood.o
    0x08004a5c   0x0000009c   Code   RO           16    i.main              main.o
    0x08004af8   0x0000000c   Code   RO         4227    i.makeFreeRtosPriority  cmsis_os.o
    0x08004b04   0x00000068   Code   RO         5015    i.multi1            stmgood.o
    0x08004b6c   0x00000068   Code   RO         5016    i.multi2            stmgood.o
    0x08004bd4   0x00000064   Code   RO         5017    i.multi3            stmgood.o
    0x08004c38   0x00000068   Code   RO         5018    i.multi4            stmgood.o
    0x08004ca0   0x0000000e   Code   RO         4229    i.osDelay           cmsis_os.o
    0x08004cae   0x0000000a   Code   RO         4232    i.osKernelStart     cmsis_os.o
    0x08004cb8   0x00000014   Code   RO         4265    i.osSystickHandler  cmsis_os.o
    0x08004ccc   0x0000002e   Code   RO         4266    i.osThreadCreate    cmsis_os.o
    0x08004cfa   0x00000002   PAD
    0x08004cfc   0x00000070   Code   RO         3930    i.prvAddCurrentTaskToDelayedList  tasks.o
    0x08004d6c   0x000000d0   Code   RO         3931    i.prvAddNewTaskToReadyList  tasks.o
    0x08004e3c   0x00000014   Code   RO         3932    i.prvDeleteTCB      tasks.o
    0x08004e50   0x0000004c   Code   RO         4594    i.prvHeapInit       heap_4.o
    0x08004e9c   0x00000060   Code   RO         3933    i.prvIdleTask       tasks.o
    0x08004efc   0x0000008e   Code   RO         3934    i.prvInitialiseNewTask  tasks.o
    0x08004f8a   0x00000002   PAD
    0x08004f8c   0x0000004c   Code   RO         4595    i.prvInsertBlockIntoFreeList  heap_4.o
    0x08004fd8   0x00000020   Code   RO         3935    i.prvResetNextTaskUnblockTime  tasks.o
    0x08004ff8   0x00000028   Code   RO         4656    i.prvTaskExitError  port.o
    0x08005020   0x000000d8   Code   RO         4596    i.pvPortMalloc      heap_4.o
    0x080050f8   0x0000002c   Code   RO         4657    i.pxPortInitialiseStack  port.o
    0x08005124   0x00000026   Code   RO         3603    i.uxListRemove      list.o
    0x0800514a   0x00000016   Code   RO         3604    i.vListInitialise   list.o
    0x08005160   0x00000006   Code   RO         3605    i.vListInitialiseItem  list.o
    0x08005166   0x00000030   Code   RO         3606    i.vListInsert       list.o
    0x08005196   0x00000018   Code   RO         3607    i.vListInsertEnd    list.o
    0x080051ae   0x00000002   PAD
    0x080051b0   0x00000040   Code   RO         4659    i.vPortEnterCritical  port.o
    0x080051f0   0x00000028   Code   RO         4660    i.vPortExitCritical  port.o
    0x08005218   0x0000005c   Code   RO         4597    i.vPortFree         heap_4.o
    0x08005274   0x00000024   Code   RO         4661    i.vPortSetupTimerInterrupt  port.o
    0x08005298   0x0000004c   Code   RO         3943    i.vTaskDelay        tasks.o
    0x080052e4   0x00000068   Code   RO         3956    i.vTaskStartScheduler  tasks.o
    0x0800534c   0x00000010   Code   RO         3958    i.vTaskSuspendAll   tasks.o
    0x0800535c   0x0000005c   Code   RO         3959    i.vTaskSwitchContext  tasks.o
    0x080053b8   0x000000f4   Code   RO         4663    i.xPortStartScheduler  port.o
    0x080054ac   0x0000002c   Code   RO         4664    i.xPortSysTickHandler  port.o
    0x080054d8   0x00000056   Code   RO         3961    i.xTaskCreate       tasks.o
    0x0800552e   0x00000002   PAD
    0x08005530   0x0000001c   Code   RO         3965    i.xTaskGetSchedulerState  tasks.o
    0x0800554c   0x000000c8   Code   RO         3968    i.xTaskIncrementTick  tasks.o
    0x08005614   0x000000c4   Code   RO         3974    i.xTaskResumeAll    tasks.o
    0x080056d8   0x0000008c   Data   RO          335    .constdata          freertos.o
    0x08005764   0x00000008   Data   RO         2785    .constdata          stm32f4xx_hal_dma.o
    0x0800576c   0x00000010   Data   RO         3472    .constdata          system_stm32f4xx.o
    0x0800577c   0x00000008   Data   RO         3473    .constdata          system_stm32f4xx.o
    0x08005784   0x00000054   Data   RO          336    .conststring        freertos.o
    0x080057d8   0x00000020   Data   RO         5761    Region$$Table       anon$$obj.o


    Execution Region RW_IRAM1 (Base: 0x20000000, Size: 0x00004b78, Max: 0x00030000, ABSOLUTE)

    Base Addr    Size         Type   Attr      Idx    E Section Name        Object

    0x20000000   0x00000004   Data   RW          259    .data               can.o
    0x20000004   0x0000001c   Data   RW          337    .data               freertos.o
    0x20000020   0x0000000c   Data   RW         3232    .data               stm32f4xx_hal.o
    0x2000002c   0x00000004   Data   RW         3474    .data               system_stm32f4xx.o
    0x20000030   0x0000003c   Data   RW         3977    .data               tasks.o
    0x2000006c   0x00000018   Data   RW         4602    .data               heap_4.o
    0x20000084   0x0000000c   Data   RW         4665    .data               port.o
    0x20000090   0x00000001   Data   RW         4821    .data               drv_robotservo.o
    0x20000091   0x00000003   PAD
    0x20000094   0x00000004   Data   RW         4954    .data               usr_task.o
    0x20000098   0x00000088   Data   RW         5054    .data               stmgood.o
    0x20000120   0x00000004   Data   RW         5739    .data               mc_w.l(stdout.o)
    0x20000124   0x00000050   Zero   RW          258    .bss                can.o
    0x20000174   0x000000c0   Zero   RW          414    .bss                tim.o
    0x20000234   0x00000220   Zero   RW          484    .bss                usart.o
    0x20000454   0x00000040   Zero   RW          735    .bss                stm32f4xx_hal_timebase_tim.o
    0x20000494   0x000000f0   Zero   RW         3976    .bss                tasks.o
    0x20000584   0x00003c00   Zero   RW         4601    .bss                heap_4.o
    0x20004184   0x00000014   Zero   RW         4779    .bss                drv_coloursensor.o
    0x20004198   0x00000064   Zero   RW         4882    .bss                drv_uart.o
    0x200041fc   0x00000064   Zero   RW         4883    .bss                drv_uart.o
    0x20004260   0x00000064   Zero   RW         4884    .bss                drv_uart.o
    0x200042c4   0x00000064   Zero   RW         4885    .bss                drv_uart.o
    0x20004328   0x00000450   Zero   RW         5053    .bss                stmgood.o
    0x20004778   0x00000400   Zero   RW            1    STACK               startup_stm32f427xx.o


==============================================================================

Image component sizes


      Code (inc. data)   RO Data    RW Data    ZI Data      Debug   Object Name

       436         44          0          4         80       2474   can.o
       102          0          0          0          0      13328   cmsis_os.o
        92          4          0          0          0        814   dma.o
       272         34          0          0          0       2954   drv_can.o
        36          6          0          0         20       1556   drv_coloursensor.o
       124         22          0          1          0        748   drv_robotservo.o
       244         18          0          0        400       6322   drv_uart.o
         0          0          0          0          0       9512   event_groups.o
       212         10        224         28          0       4120   freertos.o
       224         12          0          0          0       1091   gpio.o
       460         24          0         24      15360       7343   heap_4.o
       138          0          0          0          0       3566   list.o
       310         60          0          0          0     772539   main.o
       702         72          0         12          0      11132   port.o
        36          8        428          0       1024        840   startup_stm32f427xx.o
        80         14          0         12          0       3266   stm32f4xx_hal.o
      1638          6          0          0          0      14339   stm32f4xx_hal_can.o
       158         14          0          0          0      33174   stm32f4xx_hal_cortex.o
      1160         16          8          0          0       8254   stm32f4xx_hal_dma.o
       484         52          0          0          0       3073   stm32f4xx_hal_gpio.o
        56          4          0          0          0        846   stm32f4xx_hal_msp.o
      1328         90          0          0          0       5829   stm32f4xx_hal_rcc.o
      1458         80          0          0          0      12798   stm32f4xx_hal_tim.o
        70          0          0          0          0       2449   stm32f4xx_hal_tim_ex.o
       120         18          0          0         64       1407   stm32f4xx_hal_timebase_tim.o
      1834         28          0          0          0      11774   stm32f4xx_hal_uart.o
       254        110          0          0          0      11267   stm32f4xx_it.o
      2498        478          0        136       1104      13310   stmgood.o
        84         18         24          4          0       1171   system_stm32f4xx.o
      1408        116          0         60        240      15655   tasks.o
       764         70          0          0        192       4439   tim.o
       820         82          0          0        544       4114   usart.o
       204         56          0          4          0       1144   usr_task.o

    ----------------------------------------------------------------------
     17840       1566        716        288      19028     986648   Object Totals
         0          0         32          0          0          0   (incl. Generated)
        34          0          0          3          0          0   (incl. Padding)

    ----------------------------------------------------------------------

      Code (inc. data)   RO Data    RW Data    ZI Data      Debug   Library Member Name

         0          0          0          0          0          0   entry.o
         0          0          0          0          0          0   entry10a.o
         0          0          0          0          0          0   entry11a.o
         8          4          0          0          0          0   entry2.o
         4          0          0          0          0          0   entry5.o
         0          0          0          0          0          0   entry7b.o
         0          0          0          0          0          0   entry8b.o
         8          4          0          0          0          0   entry9a.o
        30          0          0          0          0          0   handlers.o
        36          8          0          0          0         68   init.o
         0          0          0          0          0          0   iusefp.o
        30          0          0          0          0         68   llshl.o
        36          0          0          0          0         68   llsshr.o
        32          0          0          0          0         68   llushr.o
        36          0          0          0          0         68   memcpya.o
        36          0          0          0          0        108   memseta.o
      2258         90          0          0          0        452   printfa.o
         0          0          0          4          0          0   stdout.o
        44          0          0          0          0         80   uidiv.o
        98          0          0          0          0         92   uldiv.o
        48          0          0          0          0         68   cdrcmple.o
        56          0          0          0          0         88   d2f.o
       334          0          0          0          0        148   dadd.o
       222          0          0          0          0        100   ddiv.o
       186          0          0          0          0        176   depilogue.o
        48          0          0          0          0         68   dfixul.o
        34          0          0          0          0         76   dflti.o
       228          0          0          0          0         96   dmul.o
        38          0          0          0          0         68   f2d.o
       110          0          0          0          0        168   fepilogue.o

    ----------------------------------------------------------------------
      3964        106          0          4          0       2128   Library Totals
         4          0          0          0          0          0   (incl. Padding)

    ----------------------------------------------------------------------

      Code (inc. data)   RO Data    RW Data    ZI Data      Debug   Library Name

      2656        106          0          4          0       1072   mc_w.l
      1304          0          0          0          0       1056   mf_w.l

    ----------------------------------------------------------------------
      3964        106          0          4          0       2128   Library Totals

    ----------------------------------------------------------------------

==============================================================================


      Code (inc. data)   RO Data    RW Data    ZI Data      Debug   

     21804       1672        716        292      19028     968740   Grand Totals
     21804       1672        716        292      19028     968740   ELF Image Totals
     21804       1672        716        292          0          0   ROM Totals

==============================================================================

    Total RO  Size (Code + RO Data)                22520 (  21.99kB)
    Total RW  Size (RW Data + ZI Data)             19320 (  18.87kB)
    Total ROM Size (Code + RO Data + RW Data)      22812 (  22.28kB)

==============================================================================

